******************************************************************************
                  TI ARM Linker PC v20.2.7                     
******************************************************************************
>> Linked Sun May 10 21:21:07 2026

OUTPUT FILE NAME:   <Final assigment.out>
ENTRY POINT SYMBOL: "_c_int00_noargs"  address: 00005701


MEMORY CONFIGURATION

         name            origin    length      used     unused   attr    fill
----------------------  --------  ---------  --------  --------  ----  --------
  FLASH                 00000000   00040000  00005846  0003a7ba  R  X
  SRAM                  20000000   00008000  00001f46  000060ba  RW X


SEGMENT ALLOCATION MAP

run origin  load origin   length   init length attrs members
----------  ----------- ---------- ----------- ----- -------
00000000    00000000    00005848   00005848    r-x
  00000000    00000000    0000026c   0000026c    r-- .intvecs
  0000026c    0000026c    00005542   00005542    r-x .text
  000057b0    000057b0    00000050   00000050    r-- .const
  00005800    00005800    00000048   00000048    r-- .cinit
20000000    20000000    00001f4a   00000000    rw-
  20000000    20000000    00001cf4   00000000    rw- .bss
  20001cf8    20001cf8    00000200   00000000    rw- .stack
  20001ef8    20001ef8    00000052   00000000    rw- .data


SECTION ALLOCATION MAP

 output                                  attributes/
section   page    origin      length       input sections
--------  ----  ----------  ----------   ----------------
.intvecs   0    00000000    0000026c     
                  00000000    0000026c     startup_frt.obj (.intvecs)

.text      0    0000026c    00005542     
                  0000026c    00001d30     tasks.obj (.text)
                  00001f9c    00000fc0     coffee_control.obj (.text)
                  00002f5c    00000bea     queue.obj (.text)
                  00003b46    00000002     --HOLE-- [fill = 0]
                  00003b48    00000410     main.obj (.text)
                  00003f58    000003ac     uart_frt.obj (.text)
                  00004304    00000398     LCD_frt.obj (.text)
                  0000469c    00000230     keypad_frt.obj (.text)
                  000048cc    000001d8     heap_2.obj (.text)
                  00004aa4    000001b6     rtsv7M4_T_le_v4SPD16_eabi.lib : fd_add_t2.asm.obj (.text)
                  00004c5a    00000002     --HOLE-- [fill = 0]
                  00004c5c    0000013c     encoder_frt.obj (.text)
                  00004d98    0000013c     port.obj (.text)
                  00004ed4    0000012a     list.obj (.text)
                  00004ffe    00000002     --HOLE-- [fill = 0]
                  00005000    00000120     buttons.obj (.text)
                  00005120    000000fc     rtsv7M4_T_le_v4SPD16_eabi.lib : fd_mul_t2.asm.obj (.text)
                  0000521c    000000f4     led.obj (.text)
                  00005310    000000da     portasm.obj (.text)
                  000053ea    0000009c     rtsv7M4_T_le_v4SPD16_eabi.lib : memcpy_t2.asm.obj (.text)
                  00005486    00000086                                   : fd_cmp_t2.asm.obj (.text:__aeabi_cdcmple)
                  0000550c    00000086                                   : fd_cmp_t2.asm.obj (.text:__aeabi_cdrcmple)
                  00005592    0000007a                                   : memset_t2.asm.obj (.text)
                  0000560c    00000068                                   : copy_decompress_lzss.c.obj (.text:decompress:lzss:__TI_decompress_lzss)
                  00005674    00000048                                   : fd_toi_t2.asm.obj (.text)
                  000056bc    00000044                                   : autoinit.c.obj (.text:__TI_auto_init_nobinit_nopinit:__TI_auto_init_nobinit_nopinit)
                  00005700    00000034                                   : boot_cortex_m.c.obj (.text:_c_int00_noargs:_c_int00_noargs)
                  00005734    0000002c                                   : strncmp.c.obj (.text:strncmp)
                  00005760    00000020                                   : u_tofd_t2.asm.obj (.text)
                  00005780    0000000e                                   : copy_decompress_none.c.obj (.text:decompress:none:__TI_decompress_none)
                  0000578e    0000000c                                   : copy_zero_init.c.obj (.text:decompress:ZI:__TI_zero_init)
                  0000579a    0000000c     startup_frt.obj (.text)
                  000057a6    00000004     rtsv7M4_T_le_v4SPD16_eabi.lib : pre_init.c.obj (.text:_system_pre_init)
                  000057aa    00000004                                   : exit.c.obj (.text:abort:abort)

.const     0    000057b0    00000050     
                  000057b0    0000003a     coffee_control.obj (.const:.string)
                  000057ea    0000000c     keypad_frt.obj (.const:keypad_map)
                  000057f6    00000002     coffee_control.obj (.const)
                  000057f8    00000004     port.obj (.const)
                  000057fc    00000004     tasks.obj (.const)

.cinit     0    00005800    00000048     
                  00005800    00000020     (.cinit..data.load) [load image, compression = lzss]
                  00005820    0000000c     (__TI_handler_table)
                  0000582c    00000004     --HOLE-- [fill = 0]
                  00005830    00000008     (.cinit..bss.load) [load image, compression = zero_init]
                  00005838    00000010     (__TI_cinit_table)

.init_array 
*          0    00000000    00000000     UNINITIALIZED

.bss       0    20000000    00001cf4     UNINITIALIZED
                  20000000    00001b58     heap_2.obj (.bss:ucHeap)
                  20001b58    000000c8     tasks.obj (.bss:pxReadyTasksLists)
                  20001c20    00000020     uart_frt.obj (.bss:rx_buffer)
                  20001c40    00000014     tasks.obj (.bss:xDelayedTaskList1)
                  20001c54    00000014     tasks.obj (.bss:xDelayedTaskList2)
                  20001c68    00000014     tasks.obj (.bss:xPendingReadyList)
                  20001c7c    00000014     tasks.obj (.bss:xSuspendedTaskList)
                  20001c90    00000014     tasks.obj (.bss:xTasksWaitingTermination)
                  20001ca4    00000008     tasks.obj (.bss)
                  20001cac    00000008     heap_2.obj (.bss:xEnd)
                  20001cb4    00000008     heap_2.obj (.bss:xStart)
                  20001cbc    00000004     (.common:SW_1_queue)
                  20001cc0    00000004     (.common:SW_2_queue)
                  20001cc4    00000004     (.common:encoder_queue)
                  20001cc8    00000004     (.common:encoder_sem)
                  20001ccc    00000004     (.common:encoder_task)
                  20001cd0    00000004     (.common:green_led_queue)
                  20001cd4    00000004     (.common:keypad_queue)
                  20001cd8    00000004     (.common:keypad_sem)
                  20001cdc    00000004     (.common:lcd_queue)
                  20001ce0    00000004     (.common:price_wr_mutex)
                  20001ce4    00000004     (.common:red_led_queue)
                  20001ce8    00000004     (.common:uart_rx_sem)
                  20001cec    00000004     (.common:uart_tx_queue)
                  20001cf0    00000004     (.common:yellow_led_queue)

.data      0    20001ef8    00000052     UNINITIALIZED
                  20001ef8    00000034     tasks.obj (.data)
                  20001f2c    0000000c     coffee_control.obj (.data:options)
                  20001f38    00000008     heap_2.obj (.data)
                  20001f40    00000004     port.obj (.data)
                  20001f44    00000003     coffee_control.obj (.data:prices)
                  20001f47    00000001     LCD_frt.obj (.data)
                  20001f48    00000001     keypad_frt.obj (.data)
                  20001f49    00000001     uart_frt.obj (.data)

.stack     0    20001cf8    00000200     UNINITIALIZED
                  20001cf8    00000004     rtsv7M4_T_le_v4SPD16_eabi.lib : boot_cortex_m.c.obj (.stack)
                  20001cfc    000001fc     --HOLE--

__llvm_prf_cnts 
*          0    20000000    00000000     UNINITIALIZED

MODULE SUMMARY

       Module                       code    ro data   rw data
       ------                       ----    -------   -------
    .\
       tasks.obj                    7472    4         360    
       heap_2.obj                   472     0         7024   
       coffee_control.obj           4032    60        59     
       queue.obj                    3050    0         0      
       main.obj                     1040    0         0      
       uart_frt.obj                 940     0         33     
       LCD_frt.obj                  920     0         5      
       startup_frt.obj              12      620       0      
       keypad_frt.obj               560     12        1      
       port.obj                     316     4         4      
       encoder_frt.obj              316     0         0      
       list.obj                     298     0         0      
       buttons.obj                  288     0         8      
       led.obj                      244     0         0      
       portasm.obj                  218     0         0      
    +--+----------------------------+-------+---------+---------+
       Total:                       20178   700       7494   
                                                             
    X:\APPLICATIONS\CodeComposer\ccs\tools\compiler\ti-cgt-arm_20.2.7.LTS\lib\rtsv7M4_T_le_v4SPD16_eabi.lib
       fd_add_t2.asm.obj            438     0         0      
       fd_cmp_t2.asm.obj            268     0         0      
       fd_mul_t2.asm.obj            252     0         0      
       memcpy_t2.asm.obj            156     0         0      
       memset_t2.asm.obj            122     0         0      
       copy_decompress_lzss.c.obj   104     0         0      
       fd_toi_t2.asm.obj            72      0         0      
       autoinit.c.obj               68      0         0      
       boot_cortex_m.c.obj          52      0         0      
       strncmp.c.obj                44      0         0      
       u_tofd_t2.asm.obj            32      0         0      
       copy_decompress_none.c.obj   14      0         0      
       copy_zero_init.c.obj         12      0         0      
       exit.c.obj                   4       0         0      
       pre_init.c.obj               4       0         0      
    +--+----------------------------+-------+---------+---------+
       Total:                       1642    0         0      
                                                             
       Stack:                       0       0         512    
       Linker Generated:            0       68        0      
    +--+----------------------------+-------+---------+---------+
       Grand Total:                 21820   768       8006   


LINKER GENERATED COPY TABLES

__TI_cinit_table @ 00005838 records: 2, size/record: 8, table size: 16
	.data: load addr=00005800, load size=00000020 bytes, run addr=20001ef8, run size=00000052 bytes, compression=lzss
	.bss: load addr=00005830, load size=00000008 bytes, run addr=20000000, run size=00001cf4 bytes, compression=zero_init


LINKER GENERATED HANDLER TABLE

__TI_handler_table @ 00005820 records: 3, size/record: 4, table size: 12
	index: 0, handler: __TI_decompress_lzss
	index: 1, handler: __TI_decompress_none
	index: 2, handler: __TI_zero_init


GLOBAL SYMBOLS: SORTED ALPHABETICALLY BY Name 

address   name                               
-------   ----                               
000057ab  C$$EXIT                            
00004d33  GPIOA_int_handler                  
00004857  GPIOE_int_Handler                  
00005253  Green_LED_Task                     
0000521d  Led_init                           
000052bf  Red_LED_Task                       
0000579b  ResetISR                           
00005043  SW_1_Task                          
20001cbc  SW_1_queue                         
0000509f  SW_2_Task                          
20001cc0  SW_2_queue                         
000041f5  UART0_int_Handler                  
00005289  Yellow_LED_Task                    
20001ef8  __STACK_END                        
00000200  __STACK_SIZE                       
20001ef8  __STACK_TOP                        
00005838  __TI_CINIT_Base                    
00005848  __TI_CINIT_Limit                   
00005820  __TI_Handler_Table_Base            
0000582c  __TI_Handler_Table_Limit           
000056bd  __TI_auto_init_nobinit_nopinit     
0000560d  __TI_decompress_lzss               
00005781  __TI_decompress_none               
ffffffff  __TI_pprof_out_hndl                
ffffffff  __TI_prof_data_size                
ffffffff  __TI_prof_data_start               
00000000  __TI_static_base__                 
0000578f  __TI_zero_init                     
00005487  __aeabi_cdcmpeq                    
00005487  __aeabi_cdcmple                    
0000550d  __aeabi_cdrcmple                   
00005675  __aeabi_d2iz                       
00004aaf  __aeabi_dadd                       
00005121  __aeabi_dmul                       
00004aa5  __aeabi_dsub                       
00005593  __aeabi_memclr                     
00005593  __aeabi_memclr4                    
00005593  __aeabi_memclr8                    
000053eb  __aeabi_memcpy                     
000053eb  __aeabi_memcpy4                    
000053eb  __aeabi_memcpy8                    
00005595  __aeabi_memset                     
00005595  __aeabi_memset4                    
00005595  __aeabi_memset8                    
00005761  __aeabi_ui2d                       
ffffffff  __binit__                          
ffffffff  __c_args__                         
UNDEFED   __mpu_init                         
20001cf8  __stack                            
20000000  __start___llvm_prf_cnts            
20000000  __stop___llvm_prf_cnts             
00005701  _c_int00_noargs                    
UNDEFED   _system_post_cinit                 
000057a7  _system_pre_init                   
000057ab  abort                              
ffffffff  binit                              
00002671  brew_espresso                      
00002921  brew_filter                        
00005001  buttons_init                       
00002d39  cup_abort                          
00004343  delay_us                           
00003b8f  dummy_Task                         
00003bdb  dummy_Task2                        
00003c25  dummy_Task3                        
00003c67  dummy_Task4                        
00004c5d  enc_init                           
00004ccf  encoder_Task                       
20001cc4  encoder_queue                      
20001cc8  encoder_sem                        
20001ccc  encoder_task                       
0000224d  enter_card                         
000023f1  enter_cash                         
000027f3  froth_milk                         
00000000  g_pfnVectors                       
00001ff9  get_coffee_price                   
00001f9d  get_runtime                        
00001fab  get_timestamp                      
20001cd0  green_led_queue                    
00003b49  init_RGB                           
0000469d  keypad_init                        
000057ea  keypad_map                         
20001cd4  keypad_queue                       
20001cd8  keypad_sem                         
00004767  keypad_task                        
00004613  lcd_Task                           
000044ad  lcd_char                           
00004569  lcd_clear                          
0000436b  lcd_command                        
00004579  lcd_getcursor                      
000043eb  lcd_init                           
20001cdc  lcd_queue                          
0000457f  lcd_queueClear                     
00004599  lcd_queuePos                       
000045c3  lcd_queueString                    
000045f1  lcd_queueStringClear               
0000446d  lcd_setcursor                      
0000454b  lcd_string                         
000057f7  led_off                            
000057f6  led_on                             
00003c8d  main                               
000053eb  memcpy                             
0000559b  memset                             
20001f2c  options                            
000040b5  parse_price                        
00000d11  pcTaskGetName                      
00004739  port_to_index                      
20001ce0  price_wr_mutex                     
20001f44  prices                             
000048cd  pvPortMalloc                       
000017c9  pvTaskIncrementMutexHeldCount      
20001ef8  pxCurrentTCB                       
00004d99  pxPortInitialiseStack              
20001ce4  red_led_queue                      
00002c0d  remove_cup                         
0000253b  return_change                      
20001f49  rx_tail                            
000021ef  select_payment                     
00002143  select_product                     
00003b75  set_Color                          
0000202b  set_coffee_price                   
00005735  strncmp                            
00004305  timer0_init                        
00003f65  uart0_fifos_disable                
00003f59  uart0_fifos_enable                 
00003faf  uart0_init                         
00003f81  uart0_queueString                  
00003f71  uart0_tx_rdy                       
0000410d  uart_rx_Task                       
20001ce8  uart_rx_sem                        
0000408d  uart_tx_Task                       
20001cec  uart_tx_queue                      
000057f8  ulMaxSyscallInterruptPriority      
00005321  ulPortGetIPSR                      
000017e9  ulTaskGenericNotifyTake            
00001e59  ulTaskGenericNotifyValueClear      
00002dad  userflow_Task                      
00004fb7  uxListRemove                       
00003895  uxQueueMessagesWaiting             
000038cb  uxQueueMessagesWaitingFromISR      
000038ab  uxQueueSpacesAvailable             
00000d01  uxTaskGetNumberOfTasks             
00000621  uxTaskPriorityGet                  
0000064d  uxTaskPriorityGetFromISR           
000017a1  uxTaskResetEventItemValue          
000057fc  uxTopUsedPriority                  
00004ed5  vListInitialise                    
00004f05  vListInitialiseItem                
00004f51  vListInsert                        
00004f15  vListInsertEnd                     
000053dd  vPortEnableVFP                     
00004e39  vPortEndScheduler                  
00004e3b  vPortEnterCritical                 
00004e5b  vPortExitCritical                  
000049e5  vPortFree                          
00004a49  vPortInitialiseBlocks              
00005399  vPortSVCHandler                    
00004e97  vPortSetupTimerInterrupt           
000053b9  vPortStartFirstTask                
000038e1  vQueueDelete                       
000005eb  vTaskDelay                         
000004a3  vTaskDelete                        
00000b17  vTaskEndScheduler                  
00001cb1  vTaskGenericNotifyGiveFromISR      
000012bd  vTaskInternalSetTimeOutState       
00001361  vTaskMissedYield                   
00000f9b  vTaskPlaceOnEventList              
00000fbd  vTaskPlaceOnUnorderedEventList     
000016a1  vTaskPriorityDisinheritAfterTimeout
000006a9  vTaskPrioritySet                   
00001195  vTaskRemoveFromUnorderedEventList  
0000092b  vTaskResume                        
0000129f  vTaskSetTimeOutState               
00000acd  vTaskStartScheduler                
00000801  vTaskSuspend                       
00000b33  vTaskSuspendAll                    
00000f39  vTaskSwitchContext                 
000025c1  wait_for_cup                       
000020d7  write_num                          
0000205d  write_price                        
00004a43  xPortGetFreeHeapSize               
00005339  xPortPendSVHandler                 
00004e03  xPortStartScheduler                
00004e71  xPortSysTickHandler                
000030ff  xQueueCreateMutex                  
0000302f  xQueueGenericCreate                
00002f5d  xQueueGenericReset                 
000031ab  xQueueGenericSend                  
000032d9  xQueueGenericSendFromISR           
0000337b  xQueueGiveFromISR                  
0000312b  xQueueGiveMutexRecursive           
00003adb  xQueueIsQueueEmptyFromISR          
00003b21  xQueueIsQueueFullFromISR           
00003687  xQueuePeek                         
00003843  xQueuePeekFromISR                  
0000340f  xQueueReceive                      
000037a9  xQueueReceiveFromISR               
0000352d  xQueueSemaphoreTake                
00003167  xQueueTakeMutexRecursive           
00000d31  xTaskCatchUpTicks                  
000012dd  xTaskCheckForTimeOut               
0000026d  xTaskCreate                        
0000055b  xTaskDelayUntil                    
00001951  xTaskGenericNotify                 
00001ad9  xTaskGenericNotifyFromISR          
00001e09  xTaskGenericNotifyStateClear       
0000188f  xTaskGenericNotifyWait             
00001465  xTaskGetCurrentTaskHandle          
00000cd5  xTaskGetTickCount                  
00000ce9  xTaskGetTickCountFromISR           
00000d6d  xTaskIncrementTick                 
000015a9  xTaskPriorityDisinherit            
00001489  xTaskPriorityInherit               
00001035  xTaskRemoveFromEventList           
00000b49  xTaskResumeAll                     
000009f5  xTaskResumeFromISR                 
20001cf0  yellow_led_queue                   


GLOBAL SYMBOLS: SORTED BY Symbol Address 

address   name                               
-------   ----                               
00000000  __TI_static_base__                 
00000000  g_pfnVectors                       
00000200  __STACK_SIZE                       
0000026d  xTaskCreate                        
000004a3  vTaskDelete                        
0000055b  xTaskDelayUntil                    
000005eb  vTaskDelay                         
00000621  uxTaskPriorityGet                  
0000064d  uxTaskPriorityGetFromISR           
000006a9  vTaskPrioritySet                   
00000801  vTaskSuspend                       
0000092b  vTaskResume                        
000009f5  xTaskResumeFromISR                 
00000acd  vTaskStartScheduler                
00000b17  vTaskEndScheduler                  
00000b33  vTaskSuspendAll                    
00000b49  xTaskResumeAll                     
00000cd5  xTaskGetTickCount                  
00000ce9  xTaskGetTickCountFromISR           
00000d01  uxTaskGetNumberOfTasks             
00000d11  pcTaskGetName                      
00000d31  xTaskCatchUpTicks                  
00000d6d  xTaskIncrementTick                 
00000f39  vTaskSwitchContext                 
00000f9b  vTaskPlaceOnEventList              
00000fbd  vTaskPlaceOnUnorderedEventList     
00001035  xTaskRemoveFromEventList           
00001195  vTaskRemoveFromUnorderedEventList  
0000129f  vTaskSetTimeOutState               
000012bd  vTaskInternalSetTimeOutState       
000012dd  xTaskCheckForTimeOut               
00001361  vTaskMissedYield                   
00001465  xTaskGetCurrentTaskHandle          
00001489  xTaskPriorityInherit               
000015a9  xTaskPriorityDisinherit            
000016a1  vTaskPriorityDisinheritAfterTimeout
000017a1  uxTaskResetEventItemValue          
000017c9  pvTaskIncrementMutexHeldCount      
000017e9  ulTaskGenericNotifyTake            
0000188f  xTaskGenericNotifyWait             
00001951  xTaskGenericNotify                 
00001ad9  xTaskGenericNotifyFromISR          
00001cb1  vTaskGenericNotifyGiveFromISR      
00001e09  xTaskGenericNotifyStateClear       
00001e59  ulTaskGenericNotifyValueClear      
00001f9d  get_runtime                        
00001fab  get_timestamp                      
00001ff9  get_coffee_price                   
0000202b  set_coffee_price                   
0000205d  write_price                        
000020d7  write_num                          
00002143  select_product                     
000021ef  select_payment                     
0000224d  enter_card                         
000023f1  enter_cash                         
0000253b  return_change                      
000025c1  wait_for_cup                       
00002671  brew_espresso                      
000027f3  froth_milk                         
00002921  brew_filter                        
00002c0d  remove_cup                         
00002d39  cup_abort                          
00002dad  userflow_Task                      
00002f5d  xQueueGenericReset                 
0000302f  xQueueGenericCreate                
000030ff  xQueueCreateMutex                  
0000312b  xQueueGiveMutexRecursive           
00003167  xQueueTakeMutexRecursive           
000031ab  xQueueGenericSend                  
000032d9  xQueueGenericSendFromISR           
0000337b  xQueueGiveFromISR                  
0000340f  xQueueReceive                      
0000352d  xQueueSemaphoreTake                
00003687  xQueuePeek                         
000037a9  xQueueReceiveFromISR               
00003843  xQueuePeekFromISR                  
00003895  uxQueueMessagesWaiting             
000038ab  uxQueueSpacesAvailable             
000038cb  uxQueueMessagesWaitingFromISR      
000038e1  vQueueDelete                       
00003adb  xQueueIsQueueEmptyFromISR          
00003b21  xQueueIsQueueFullFromISR           
00003b49  init_RGB                           
00003b75  set_Color                          
00003b8f  dummy_Task                         
00003bdb  dummy_Task2                        
00003c25  dummy_Task3                        
00003c67  dummy_Task4                        
00003c8d  main                               
00003f59  uart0_fifos_enable                 
00003f65  uart0_fifos_disable                
00003f71  uart0_tx_rdy                       
00003f81  uart0_queueString                  
00003faf  uart0_init                         
0000408d  uart_tx_Task                       
000040b5  parse_price                        
0000410d  uart_rx_Task                       
000041f5  UART0_int_Handler                  
00004305  timer0_init                        
00004343  delay_us                           
0000436b  lcd_command                        
000043eb  lcd_init                           
0000446d  lcd_setcursor                      
000044ad  lcd_char                           
0000454b  lcd_string                         
00004569  lcd_clear                          
00004579  lcd_getcursor                      
0000457f  lcd_queueClear                     
00004599  lcd_queuePos                       
000045c3  lcd_queueString                    
000045f1  lcd_queueStringClear               
00004613  lcd_Task                           
0000469d  keypad_init                        
00004739  port_to_index                      
00004767  keypad_task                        
00004857  GPIOE_int_Handler                  
000048cd  pvPortMalloc                       
000049e5  vPortFree                          
00004a43  xPortGetFreeHeapSize               
00004a49  vPortInitialiseBlocks              
00004aa5  __aeabi_dsub                       
00004aaf  __aeabi_dadd                       
00004c5d  enc_init                           
00004ccf  encoder_Task                       
00004d33  GPIOA_int_handler                  
00004d99  pxPortInitialiseStack              
00004e03  xPortStartScheduler                
00004e39  vPortEndScheduler                  
00004e3b  vPortEnterCritical                 
00004e5b  vPortExitCritical                  
00004e71  xPortSysTickHandler                
00004e97  vPortSetupTimerInterrupt           
00004ed5  vListInitialise                    
00004f05  vListInitialiseItem                
00004f15  vListInsertEnd                     
00004f51  vListInsert                        
00004fb7  uxListRemove                       
00005001  buttons_init                       
00005043  SW_1_Task                          
0000509f  SW_2_Task                          
00005121  __aeabi_dmul                       
0000521d  Led_init                           
00005253  Green_LED_Task                     
00005289  Yellow_LED_Task                    
000052bf  Red_LED_Task                       
00005321  ulPortGetIPSR                      
00005339  xPortPendSVHandler                 
00005399  vPortSVCHandler                    
000053b9  vPortStartFirstTask                
000053dd  vPortEnableVFP                     
000053eb  __aeabi_memcpy                     
000053eb  __aeabi_memcpy4                    
000053eb  __aeabi_memcpy8                    
000053eb  memcpy                             
00005487  __aeabi_cdcmpeq                    
00005487  __aeabi_cdcmple                    
0000550d  __aeabi_cdrcmple                   
00005593  __aeabi_memclr                     
00005593  __aeabi_memclr4                    
00005593  __aeabi_memclr8                    
00005595  __aeabi_memset                     
00005595  __aeabi_memset4                    
00005595  __aeabi_memset8                    
0000559b  memset                             
0000560d  __TI_decompress_lzss               
00005675  __aeabi_d2iz                       
000056bd  __TI_auto_init_nobinit_nopinit     
00005701  _c_int00_noargs                    
00005735  strncmp                            
00005761  __aeabi_ui2d                       
00005781  __TI_decompress_none               
0000578f  __TI_zero_init                     
0000579b  ResetISR                           
000057a7  _system_pre_init                   
000057ab  C$$EXIT                            
000057ab  abort                              
000057ea  keypad_map                         
000057f6  led_on                             
000057f7  led_off                            
000057f8  ulMaxSyscallInterruptPriority      
000057fc  uxTopUsedPriority                  
00005820  __TI_Handler_Table_Base            
0000582c  __TI_Handler_Table_Limit           
00005838  __TI_CINIT_Base                    
00005848  __TI_CINIT_Limit                   
20000000  __start___llvm_prf_cnts            
20000000  __stop___llvm_prf_cnts             
20001cbc  SW_1_queue                         
20001cc0  SW_2_queue                         
20001cc4  encoder_queue                      
20001cc8  encoder_sem                        
20001ccc  encoder_task                       
20001cd0  green_led_queue                    
20001cd4  keypad_queue                       
20001cd8  keypad_sem                         
20001cdc  lcd_queue                          
20001ce0  price_wr_mutex                     
20001ce4  red_led_queue                      
20001ce8  uart_rx_sem                        
20001cec  uart_tx_queue                      
20001cf0  yellow_led_queue                   
20001cf8  __stack                            
20001ef8  __STACK_END                        
20001ef8  __STACK_TOP                        
20001ef8  pxCurrentTCB                       
20001f2c  options                            
20001f44  prices                             
20001f49  rx_tail                            
ffffffff  __TI_pprof_out_hndl                
ffffffff  __TI_prof_data_size                
ffffffff  __TI_prof_data_start               
ffffffff  __binit__                          
ffffffff  __c_args__                         
ffffffff  binit                              
UNDEFED   __mpu_init                         
UNDEFED   _system_post_cinit                 

[216 symbols]
