******************************************************************************
                  TI ARM Linker PC v20.2.7                     
******************************************************************************
>> Linked Tue Apr 21 21:34:02 2026

OUTPUT FILE NAME:   <Final assigment.out>
ENTRY POINT SYMBOL: "_c_int00_noargs"  address: 000039b5


MEMORY CONFIGURATION

         name            origin    length      used     unused   attr    fill
----------------------  --------  ---------  --------  --------  ----  --------
  FLASH                 00000000   00040000  00003a62  0003c59e  R  X
  SRAM                  20000000   00008000  00001eea  00006116  RW X


SEGMENT ALLOCATION MAP

run origin  load origin   length   init length attrs members
----------  ----------- ---------- ----------- ----- -------
00000000    00000000    00003a68   00003a68    r-x
  00000000    00000000    0000026c   0000026c    r-- .intvecs
  0000026c    0000026c    000037aa   000037aa    r-x .text
  00003a18    00003a18    00000014   00000014    r-- .const
  00003a30    00003a30    00000038   00000038    r-- .cinit
20000000    20000000    00001eea   00000000    rw-
  20000000    20000000    00001ca8   00000000    rw- .bss
  20001ca8    20001ca8    00000200   00000000    rw- .stack
  20001ea8    20001ea8    00000042   00000000    rw- .data


SECTION ALLOCATION MAP

 output                                  attributes/
section   page    origin      length       input sections
--------  ----  ----------  ----------   ----------------
.intvecs   0    00000000    0000026c     
                  00000000    0000026c     startup_frt.obj (.intvecs)

.text      0    0000026c    000037aa     
                  0000026c    00001d30     tasks.obj (.text)
                  00001f9c    00000bea     queue.obj (.text)
                  00002b86    00000002     --HOLE-- [fill = 0]
                  00002b88    000003a8     LCD_frt.obj (.text)
                  00002f30    00000230     keypad_frt.obj (.text)
                  00003160    000001d8     heap_2.obj (.text)
                  00003338    00000178     main.obj (.text)
                  000034b0    0000013c     port.obj (.text)
                  000035ec    0000012a     list.obj (.text)
                  00003716    00000002     --HOLE-- [fill = 0]
                  00003718    000000da     portasm.obj (.text)
                  000037f2    0000009c     rtsv7M4_T_le_v4SPD16_eabi.lib : memcpy_t2.asm.obj (.text)
                  0000388e    0000007a                                   : memset_t2.asm.obj (.text)
                  00003908    00000068                                   : copy_decompress_lzss.c.obj (.text:decompress:lzss:__TI_decompress_lzss)
                  00003970    00000044                                   : autoinit.c.obj (.text:__TI_auto_init_nobinit_nopinit:__TI_auto_init_nobinit_nopinit)
                  000039b4    00000034                                   : boot_cortex_m.c.obj (.text:_c_int00_noargs:_c_int00_noargs)
                  000039e8    0000000e                                   : copy_decompress_none.c.obj (.text:decompress:none:__TI_decompress_none)
                  000039f6    0000000c                                   : copy_zero_init.c.obj (.text:decompress:ZI:__TI_zero_init)
                  00003a02    0000000c     startup_frt.obj (.text)
                  00003a0e    00000004     rtsv7M4_T_le_v4SPD16_eabi.lib : pre_init.c.obj (.text:_system_pre_init)
                  00003a12    00000004                                   : exit.c.obj (.text:abort:abort)

.const     0    00003a18    00000014     
                  00003a18    0000000c     keypad_frt.obj (.const:keypad_map)
                  00003a24    00000004     port.obj (.const)
                  00003a28    00000004     tasks.obj (.const)

.cinit     0    00003a30    00000038     
                  00003a30    00000012     (.cinit..data.load) [load image, compression = lzss]
                  00003a42    00000002     --HOLE-- [fill = 0]
                  00003a44    0000000c     (__TI_handler_table)
                  00003a50    00000008     (.cinit..bss.load) [load image, compression = zero_init]
                  00003a58    00000010     (__TI_cinit_table)

.init_array 
*          0    00000000    00000000     UNINITIALIZED

.bss       0    20000000    00001ca8     UNINITIALIZED
                  20000000    00001b58     heap_2.obj (.bss:ucHeap)
                  20001b58    000000c8     tasks.obj (.bss:pxReadyTasksLists)
                  20001c20    00000014     tasks.obj (.bss:xDelayedTaskList1)
                  20001c34    00000014     tasks.obj (.bss:xDelayedTaskList2)
                  20001c48    00000014     tasks.obj (.bss:xPendingReadyList)
                  20001c5c    00000014     tasks.obj (.bss:xSuspendedTaskList)
                  20001c70    00000014     tasks.obj (.bss:xTasksWaitingTermination)
                  20001c84    00000008     tasks.obj (.bss)
                  20001c8c    00000008     heap_2.obj (.bss:xEnd)
                  20001c94    00000008     heap_2.obj (.bss:xStart)
                  20001c9c    00000004     (.common:keypad_queue)
                  20001ca0    00000004     (.common:keypad_sem)
                  20001ca4    00000004     (.common:lcd_queue)

.data      0    20001ea8    00000042     UNINITIALIZED
                  20001ea8    00000034     tasks.obj (.data)
                  20001edc    00000008     heap_2.obj (.data)
                  20001ee4    00000004     port.obj (.data)
                  20001ee8    00000001     LCD_frt.obj (.data)
                  20001ee9    00000001     keypad_frt.obj (.data)

.stack     0    20001ca8    00000200     UNINITIALIZED
                  20001ca8    00000004     rtsv7M4_T_le_v4SPD16_eabi.lib : boot_cortex_m.c.obj (.stack)
                  20001cac    000001fc     --HOLE--

__llvm_prf_cnts 
*          0    20000000    00000000     UNINITIALIZED

MODULE SUMMARY

       Module                       code    ro data   rw data
       ------                       ----    -------   -------
    .\
       tasks.obj                    7472    4         360    
       heap_2.obj                   472     0         7024   
       queue.obj                    3050    0         0      
       LCD_frt.obj                  936     0         5      
       startup_frt.obj              12      620       0      
       keypad_frt.obj               560     12        9      
       main.obj                     376     0         0      
       port.obj                     316     4         4      
       list.obj                     298     0         0      
       portasm.obj                  218     0         0      
    +--+----------------------------+-------+---------+---------+
       Total:                       13710   640       7402   
                                                             
    X:\APPLICATIONS\CodeComposer\ccs\tools\compiler\ti-cgt-arm_20.2.7.LTS\lib\rtsv7M4_T_le_v4SPD16_eabi.lib
       memcpy_t2.asm.obj            156     0         0      
       memset_t2.asm.obj            122     0         0      
       copy_decompress_lzss.c.obj   104     0         0      
       autoinit.c.obj               68      0         0      
       boot_cortex_m.c.obj          52      0         0      
       copy_decompress_none.c.obj   14      0         0      
       copy_zero_init.c.obj         12      0         0      
       exit.c.obj                   4       0         0      
       pre_init.c.obj               4       0         0      
    +--+----------------------------+-------+---------+---------+
       Total:                       536     0         0      
                                                             
       Stack:                       0       0         512    
       Linker Generated:            0       54        0      
    +--+----------------------------+-------+---------+---------+
       Grand Total:                 14246   694       7914   


LINKER GENERATED COPY TABLES

__TI_cinit_table @ 00003a58 records: 2, size/record: 8, table size: 16
	.data: load addr=00003a30, load size=00000012 bytes, run addr=20001ea8, run size=00000042 bytes, compression=lzss
	.bss: load addr=00003a50, load size=00000008 bytes, run addr=20000000, run size=00001ca8 bytes, compression=zero_init


LINKER GENERATED HANDLER TABLE

__TI_handler_table @ 00003a44 records: 3, size/record: 4, table size: 12
	index: 0, handler: __TI_decompress_lzss
	index: 1, handler: __TI_decompress_none
	index: 2, handler: __TI_zero_init


GLOBAL SYMBOLS: SORTED ALPHABETICALLY BY Name 

address   name                               
-------   ----                               
00003a13  C$$EXIT                            
000030eb  GPIOE_Handler                      
00003a03  ResetISR                           
20001ea8  __STACK_END                        
00000200  __STACK_SIZE                       
20001ea8  __STACK_TOP                        
00003a58  __TI_CINIT_Base                    
00003a68  __TI_CINIT_Limit                   
00003a44  __TI_Handler_Table_Base            
00003a50  __TI_Handler_Table_Limit           
00003971  __TI_auto_init_nobinit_nopinit     
00003909  __TI_decompress_lzss               
000039e9  __TI_decompress_none               
ffffffff  __TI_pprof_out_hndl                
ffffffff  __TI_prof_data_size                
ffffffff  __TI_prof_data_start               
00000000  __TI_static_base__                 
000039f7  __TI_zero_init                     
0000388f  __aeabi_memclr                     
0000388f  __aeabi_memclr4                    
0000388f  __aeabi_memclr8                    
000037f3  __aeabi_memcpy                     
000037f3  __aeabi_memcpy4                    
000037f3  __aeabi_memcpy8                    
00003891  __aeabi_memset                     
00003891  __aeabi_memset4                    
00003891  __aeabi_memset8                    
ffffffff  __binit__                          
ffffffff  __c_args__                         
UNDEFED   __mpu_init                         
20001ca8  __stack                            
20000000  __start___llvm_prf_cnts            
20000000  __stop___llvm_prf_cnts             
000039b5  _c_int00_noargs                    
UNDEFED   _system_post_cinit                 
00003a0f  _system_pre_init                   
00003a13  abort                              
ffffffff  binit                              
00002bc7  delay_us                           
00003339  dummy_Task                         
00003385  dummy_Task2                        
00000000  g_pfnVectors                       
00002f31  keypad_init                        
00003a18  keypad_map                         
20001c9c  keypad_queue                       
20001ca0  keypad_sem                         
00002ffb  keypad_task                        
00002eb1  lcd_Task                           
00002d87  lcd_char                           
00002e63  lcd_clear                          
00002bef  lcd_command                        
00002e73  lcd_getcursor                      
00002c6f  lcd_init                           
20001ca4  lcd_queue                          
00002e79  lcd_queueString                    
00002cf1  lcd_setcursor                      
00002e45  lcd_string                         
000033cf  main                               
000037f3  memcpy                             
00003897  memset                             
00000d11  pcTaskGetName                      
00002fcd  port_to_index                      
00003161  pvPortMalloc                       
000017c9  pvTaskIncrementMutexHeldCount      
20001ea8  pxCurrentTCB                       
000034b1  pxPortInitialiseStack              
00002b89  timer0_init                        
00003a24  ulMaxSyscallInterruptPriority      
00003729  ulPortGetIPSR                      
000017e9  ulTaskGenericNotifyTake            
00001e59  ulTaskGenericNotifyValueClear      
000036cf  uxListRemove                       
000028d5  uxQueueMessagesWaiting             
0000290b  uxQueueMessagesWaitingFromISR      
000028eb  uxQueueSpacesAvailable             
00000d01  uxTaskGetNumberOfTasks             
00000621  uxTaskPriorityGet                  
0000064d  uxTaskPriorityGetFromISR           
000017a1  uxTaskResetEventItemValue          
00003a28  uxTopUsedPriority                  
000035ed  vListInitialise                    
0000361d  vListInitialiseItem                
00003669  vListInsert                        
0000362d  vListInsertEnd                     
000037e5  vPortEnableVFP                     
00003551  vPortEndScheduler                  
00003553  vPortEnterCritical                 
00003573  vPortExitCritical                  
00003279  vPortFree                          
000032dd  vPortInitialiseBlocks              
000037a1  vPortSVCHandler                    
000035af  vPortSetupTimerInterrupt           
000037c1  vPortStartFirstTask                
00002921  vQueueDelete                       
000005eb  vTaskDelay                         
000004a3  vTaskDelete                        
00000b17  vTaskEndScheduler                  
00001cb1  vTaskGenericNotifyGiveFromISR      
000012bd  vTaskInternalSetTimeOutState       
00001361  vTaskMissedYield                   
00000f9b  vTaskPlaceOnEventList              
00000fbd  vTaskPlaceOnUnorderedEventList     
000016a1  vTaskPriorityDisinheritAfterTimeout
000006a9  vTaskPrioritySet                   
00001195  vTaskRemoveFromUnorderedEventList  
0000092b  vTaskResume                        
0000129f  vTaskSetTimeOutState               
00000acd  vTaskStartScheduler                
00000801  vTaskSuspend                       
00000b33  vTaskSuspendAll                    
00000f39  vTaskSwitchContext                 
000032d7  xPortGetFreeHeapSize               
00003741  xPortPendSVHandler                 
0000351b  xPortStartScheduler                
00003589  xPortSysTickHandler                
0000213f  xQueueCreateMutex                  
0000206f  xQueueGenericCreate                
00001f9d  xQueueGenericReset                 
000021eb  xQueueGenericSend                  
00002319  xQueueGenericSendFromISR           
000023bb  xQueueGiveFromISR                  
0000216b  xQueueGiveMutexRecursive           
00002b1b  xQueueIsQueueEmptyFromISR          
00002b61  xQueueIsQueueFullFromISR           
000026c7  xQueuePeek                         
00002883  xQueuePeekFromISR                  
0000244f  xQueueReceive                      
000027e9  xQueueReceiveFromISR               
0000256d  xQueueSemaphoreTake                
000021a7  xQueueTakeMutexRecursive           
00000d31  xTaskCatchUpTicks                  
000012dd  xTaskCheckForTimeOut               
0000026d  xTaskCreate                        
0000055b  xTaskDelayUntil                    
00001951  xTaskGenericNotify                 
00001ad9  xTaskGenericNotifyFromISR          
00001e09  xTaskGenericNotifyStateClear       
0000188f  xTaskGenericNotifyWait             
00001465  xTaskGetCurrentTaskHandle          
00000cd5  xTaskGetTickCount                  
00000ce9  xTaskGetTickCountFromISR           
00000d6d  xTaskIncrementTick                 
000015a9  xTaskPriorityDisinherit            
00001489  xTaskPriorityInherit               
00001035  xTaskRemoveFromEventList           
00000b49  xTaskResumeAll                     
000009f5  xTaskResumeFromISR                 


GLOBAL SYMBOLS: SORTED BY Symbol Address 

address   name                               
-------   ----                               
00000000  __TI_static_base__                 
00000000  g_pfnVectors                       
00000200  __STACK_SIZE                       
0000026d  xTaskCreate                        
000004a3  vTaskDelete                        
0000055b  xTaskDelayUntil                    
000005eb  vTaskDelay                         
00000621  uxTaskPriorityGet                  
0000064d  uxTaskPriorityGetFromISR           
000006a9  vTaskPrioritySet                   
00000801  vTaskSuspend                       
0000092b  vTaskResume                        
000009f5  xTaskResumeFromISR                 
00000acd  vTaskStartScheduler                
00000b17  vTaskEndScheduler                  
00000b33  vTaskSuspendAll                    
00000b49  xTaskResumeAll                     
00000cd5  xTaskGetTickCount                  
00000ce9  xTaskGetTickCountFromISR           
00000d01  uxTaskGetNumberOfTasks             
00000d11  pcTaskGetName                      
00000d31  xTaskCatchUpTicks                  
00000d6d  xTaskIncrementTick                 
00000f39  vTaskSwitchContext                 
00000f9b  vTaskPlaceOnEventList              
00000fbd  vTaskPlaceOnUnorderedEventList     
00001035  xTaskRemoveFromEventList           
00001195  vTaskRemoveFromUnorderedEventList  
0000129f  vTaskSetTimeOutState               
000012bd  vTaskInternalSetTimeOutState       
000012dd  xTaskCheckForTimeOut               
00001361  vTaskMissedYield                   
00001465  xTaskGetCurrentTaskHandle          
00001489  xTaskPriorityInherit               
000015a9  xTaskPriorityDisinherit            
000016a1  vTaskPriorityDisinheritAfterTimeout
000017a1  uxTaskResetEventItemValue          
000017c9  pvTaskIncrementMutexHeldCount      
000017e9  ulTaskGenericNotifyTake            
0000188f  xTaskGenericNotifyWait             
00001951  xTaskGenericNotify                 
00001ad9  xTaskGenericNotifyFromISR          
00001cb1  vTaskGenericNotifyGiveFromISR      
00001e09  xTaskGenericNotifyStateClear       
00001e59  ulTaskGenericNotifyValueClear      
00001f9d  xQueueGenericReset                 
0000206f  xQueueGenericCreate                
0000213f  xQueueCreateMutex                  
0000216b  xQueueGiveMutexRecursive           
000021a7  xQueueTakeMutexRecursive           
000021eb  xQueueGenericSend                  
00002319  xQueueGenericSendFromISR           
000023bb  xQueueGiveFromISR                  
0000244f  xQueueReceive                      
0000256d  xQueueSemaphoreTake                
000026c7  xQueuePeek                         
000027e9  xQueueReceiveFromISR               
00002883  xQueuePeekFromISR                  
000028d5  uxQueueMessagesWaiting             
000028eb  uxQueueSpacesAvailable             
0000290b  uxQueueMessagesWaitingFromISR      
00002921  vQueueDelete                       
00002b1b  xQueueIsQueueEmptyFromISR          
00002b61  xQueueIsQueueFullFromISR           
00002b89  timer0_init                        
00002bc7  delay_us                           
00002bef  lcd_command                        
00002c6f  lcd_init                           
00002cf1  lcd_setcursor                      
00002d87  lcd_char                           
00002e45  lcd_string                         
00002e63  lcd_clear                          
00002e73  lcd_getcursor                      
00002e79  lcd_queueString                    
00002eb1  lcd_Task                           
00002f31  keypad_init                        
00002fcd  port_to_index                      
00002ffb  keypad_task                        
000030eb  GPIOE_Handler                      
00003161  pvPortMalloc                       
00003279  vPortFree                          
000032d7  xPortGetFreeHeapSize               
000032dd  vPortInitialiseBlocks              
00003339  dummy_Task                         
00003385  dummy_Task2                        
000033cf  main                               
000034b1  pxPortInitialiseStack              
0000351b  xPortStartScheduler                
00003551  vPortEndScheduler                  
00003553  vPortEnterCritical                 
00003573  vPortExitCritical                  
00003589  xPortSysTickHandler                
000035af  vPortSetupTimerInterrupt           
000035ed  vListInitialise                    
0000361d  vListInitialiseItem                
0000362d  vListInsertEnd                     
00003669  vListInsert                        
000036cf  uxListRemove                       
00003729  ulPortGetIPSR                      
00003741  xPortPendSVHandler                 
000037a1  vPortSVCHandler                    
000037c1  vPortStartFirstTask                
000037e5  vPortEnableVFP                     
000037f3  __aeabi_memcpy                     
000037f3  __aeabi_memcpy4                    
000037f3  __aeabi_memcpy8                    
000037f3  memcpy                             
0000388f  __aeabi_memclr                     
0000388f  __aeabi_memclr4                    
0000388f  __aeabi_memclr8                    
00003891  __aeabi_memset                     
00003891  __aeabi_memset4                    
00003891  __aeabi_memset8                    
00003897  memset                             
00003909  __TI_decompress_lzss               
00003971  __TI_auto_init_nobinit_nopinit     
000039b5  _c_int00_noargs                    
000039e9  __TI_decompress_none               
000039f7  __TI_zero_init                     
00003a03  ResetISR                           
00003a0f  _system_pre_init                   
00003a13  C$$EXIT                            
00003a13  abort                              
00003a18  keypad_map                         
00003a24  ulMaxSyscallInterruptPriority      
00003a28  uxTopUsedPriority                  
00003a44  __TI_Handler_Table_Base            
00003a50  __TI_Handler_Table_Limit           
00003a58  __TI_CINIT_Base                    
00003a68  __TI_CINIT_Limit                   
20000000  __start___llvm_prf_cnts            
20000000  __stop___llvm_prf_cnts             
20001c9c  keypad_queue                       
20001ca0  keypad_sem                         
20001ca4  lcd_queue                          
20001ca8  __stack                            
20001ea8  __STACK_END                        
20001ea8  __STACK_TOP                        
20001ea8  pxCurrentTCB                       
ffffffff  __TI_pprof_out_hndl                
ffffffff  __TI_prof_data_size                
ffffffff  __TI_prof_data_start               
ffffffff  __binit__                          
ffffffff  __c_args__                         
ffffffff  binit                              
UNDEFED   __mpu_init                         
UNDEFED   _system_post_cinit                 

[147 symbols]
