******************************************************************************
                  TI ARM Linker PC v20.2.7                     
******************************************************************************
>> Linked Mon May 11 11:46:30 2026

OUTPUT FILE NAME:   <Final assigment.out>
ENTRY POINT SYMBOL: "_c_int00_noargs"  address: 000056a9


MEMORY CONFIGURATION

         name            origin    length      used     unused   attr    fill
----------------------  --------  ---------  --------  --------  ----  --------
  FLASH                 00000000   00040000  000057ee  0003a812  R  X
  SRAM                  20000000   00008000  00001f58  000060a8  RW X


SEGMENT ALLOCATION MAP

run origin  load origin   length   init length attrs members
----------  ----------- ---------- ----------- ----- -------
00000000    00000000    000057f0   000057f0    r-x
  00000000    00000000    0000026c   0000026c    r-- .intvecs
  0000026c    0000026c    000054ea   000054ea    r-x .text
  00005758    00005758    00000050   00000050    r-- .const
  000057a8    000057a8    00000048   00000048    r-- .cinit
20000000    20000000    00001f5c   00000000    rw-
  20000000    20000000    00001cfc   00000000    rw- .bss
  20001d00    20001d00    00000200   00000000    rw- .stack
  20001f00    20001f00    0000005c   00000000    rw- .data


SECTION ALLOCATION MAP

 output                                  attributes/
section   page    origin      length       input sections
--------  ----  ----------  ----------   ----------------
.intvecs   0    00000000    0000026c     
                  00000000    0000026c     startup_frt.obj (.intvecs)

.text      0    0000026c    000054ea     
                  0000026c    00001d30     tasks.obj (.text)
                  00001f9c    00000cf8     coffee_control.obj (.text)
                  00002c94    00000bea     queue.obj (.text)
                  0000387e    00000002     --HOLE-- [fill = 0]
                  00003880    000004a0     uart_frt.obj (.text)
                  00003d20    00000398     LCD_frt.obj (.text)
                  000040b8    000002c8     CoffeeUtils.obj (.text)
                  00004380    000002c4     main.obj (.text)
                  00004644    00000230     keypad_frt.obj (.text)
                  00004874    000001d8     heap_2.obj (.text)
                  00004a4c    000001b6     rtsv7M4_T_le_v4SPD16_eabi.lib : fd_add_t2.asm.obj (.text)
                  00004c02    00000002     --HOLE-- [fill = 0]
                  00004c04    0000013c     encoder_frt.obj (.text)
                  00004d40    0000013c     port.obj (.text)
                  00004e7c    0000012a     list.obj (.text)
                  00004fa6    00000002     --HOLE-- [fill = 0]
                  00004fa8    00000120     buttons.obj (.text)
                  000050c8    000000fc     rtsv7M4_T_le_v4SPD16_eabi.lib : fd_mul_t2.asm.obj (.text)
                  000051c4    000000f4     led.obj (.text)
                  000052b8    000000da     portasm.obj (.text)
                  00005392    0000009c     rtsv7M4_T_le_v4SPD16_eabi.lib : memcpy_t2.asm.obj (.text)
                  0000542e    00000086                                   : fd_cmp_t2.asm.obj (.text:__aeabi_cdcmple)
                  000054b4    00000086                                   : fd_cmp_t2.asm.obj (.text:__aeabi_cdrcmple)
                  0000553a    0000007a                                   : memset_t2.asm.obj (.text)
                  000055b4    00000068                                   : copy_decompress_lzss.c.obj (.text:decompress:lzss:__TI_decompress_lzss)
                  0000561c    00000048                                   : fd_toi_t2.asm.obj (.text)
                  00005664    00000044                                   : autoinit.c.obj (.text:__TI_auto_init_nobinit_nopinit:__TI_auto_init_nobinit_nopinit)
                  000056a8    00000034                                   : boot_cortex_m.c.obj (.text:_c_int00_noargs:_c_int00_noargs)
                  000056dc    0000002c                                   : strncmp.c.obj (.text:strncmp)
                  00005708    00000020                                   : u_tofd_t2.asm.obj (.text)
                  00005728    0000000e                                   : copy_decompress_none.c.obj (.text:decompress:none:__TI_decompress_none)
                  00005736    0000000c                                   : copy_zero_init.c.obj (.text:decompress:ZI:__TI_zero_init)
                  00005742    0000000c     startup_frt.obj (.text)
                  0000574e    00000004     rtsv7M4_T_le_v4SPD16_eabi.lib : pre_init.c.obj (.text:_system_pre_init)
                  00005752    00000004                                   : exit.c.obj (.text:abort:abort)

.const     0    00005758    00000050     
                  00005758    0000003a     coffee_control.obj (.const:.string)
                  00005792    0000000c     keypad_frt.obj (.const:keypad_map)
                  0000579e    00000002     coffee_control.obj (.const)
                  000057a0    00000004     port.obj (.const)
                  000057a4    00000004     tasks.obj (.const)

.cinit     0    000057a8    00000048     
                  000057a8    00000021     (.cinit..data.load) [load image, compression = lzss]
                  000057c9    00000003     --HOLE-- [fill = 0]
                  000057cc    0000000c     (__TI_handler_table)
                  000057d8    00000008     (.cinit..bss.load) [load image, compression = zero_init]
                  000057e0    00000010     (__TI_cinit_table)

.init_array 
*          0    00000000    00000000     UNINITIALIZED

.bss       0    20000000    00001cfc     UNINITIALIZED
                  20000000    00001b58     heap_2.obj (.bss:ucHeap)
                  20001b58    000000c8     tasks.obj (.bss:pxReadyTasksLists)
                  20001c20    00000020     uart_frt.obj (.bss:rx_buffer)
                  20001c40    00000014     tasks.obj (.bss:xDelayedTaskList1)
                  20001c54    00000014     tasks.obj (.bss:xDelayedTaskList2)
                  20001c68    00000014     tasks.obj (.bss:xPendingReadyList)
                  20001c7c    00000014     tasks.obj (.bss:xSuspendedTaskList)
                  20001c90    00000014     tasks.obj (.bss:xTasksWaitingTermination)
                  20001ca4    00000008     tasks.obj (.bss)
                  20001cac    00000008     heap_2.obj (.bss:xEnd)
                  20001cb4    00000008     heap_2.obj (.bss:xStart)
                  20001cbc    00000004     (.common:SW_1_queue)
                  20001cc0    00000004     (.common:SW_2_queue)
                  20001cc4    00000004     (.common:data_wr_mutex)
                  20001cc8    00000004     (.common:encoder_queue)
                  20001ccc    00000004     (.common:encoder_sem)
                  20001cd0    00000004     (.common:encoder_task)
                  20001cd4    00000004     (.common:green_led_queue)
                  20001cd8    00000004     (.common:keypad_queue)
                  20001cdc    00000004     (.common:keypad_sem)
                  20001ce0    00000004     (.common:keypad_task)
                  20001ce4    00000004     (.common:lcd_queue)
                  20001ce8    00000004     (.common:price_wr_mutex)
                  20001cec    00000004     (.common:red_led_queue)
                  20001cf0    00000004     (.common:uart_rx_sem)
                  20001cf4    00000004     (.common:uart_tx_queue)
                  20001cf8    00000004     (.common:yellow_led_queue)

.data      0    20001f00    0000005c     UNINITIALIZED
                  20001f00    00000034     tasks.obj (.data)
                  20001f34    0000000c     coffee_control.obj (.data:options)
                  20001f40    0000000a     CoffeeUtils.obj (.data:op_data)
                  20001f4a    00000001     LCD_frt.obj (.data)
                  20001f4b    00000001     keypad_frt.obj (.data)
                  20001f4c    00000008     heap_2.obj (.data)
                  20001f54    00000004     port.obj (.data)
                  20001f58    00000003     CoffeeUtils.obj (.data:prices)
                  20001f5b    00000001     uart_frt.obj (.data)

.stack     0    20001d00    00000200     UNINITIALIZED
                  20001d00    00000004     rtsv7M4_T_le_v4SPD16_eabi.lib : boot_cortex_m.c.obj (.stack)
                  20001d04    000001fc     --HOLE--

__llvm_prf_cnts 
*          0    20000000    00000000     UNINITIALIZED

MODULE SUMMARY

       Module                       code    ro data   rw data
       ------                       ----    -------   -------
    .\
       tasks.obj                    7472    4         360    
       heap_2.obj                   472     0         7024   
       coffee_control.obj           3320    60        56     
       queue.obj                    3050    0         0      
       uart_frt.obj                 1184    0         33     
       LCD_frt.obj                  920     0         1      
       CoffeeUtils.obj              712     0         25     
       main.obj                     708     0         0      
       startup_frt.obj              12      620       0      
       keypad_frt.obj               560     12        1      
       port.obj                     316     4         4      
       encoder_frt.obj              316     0         0      
       list.obj                     298     0         0      
       buttons.obj                  288     0         8      
       led.obj                      244     0         0      
       portasm.obj                  218     0         0      
    +--+----------------------------+-------+---------+---------+
       Total:                       20090   700       7512   
                                                             
    X:\APPLICATIONS\CodeComposer\ccs\tools\compiler\ti-cgt-arm_20.2.7.LTS\lib\rtsv7M4_T_le_v4SPD16_eabi.lib
       fd_add_t2.asm.obj            438     0         0      
       fd_cmp_t2.asm.obj            268     0         0      
       fd_mul_t2.asm.obj            252     0         0      
       memcpy_t2.asm.obj            156     0         0      
       memset_t2.asm.obj            122     0         0      
       copy_decompress_lzss.c.obj   104     0         0      
       fd_toi_t2.asm.obj            72      0         0      
       autoinit.c.obj               68      0         0      
       boot_cortex_m.c.obj          52      0         0      
       strncmp.c.obj                44      0         0      
       u_tofd_t2.asm.obj            32      0         0      
       copy_decompress_none.c.obj   14      0         0      
       copy_zero_init.c.obj         12      0         0      
       exit.c.obj                   4       0         0      
       pre_init.c.obj               4       0         0      
    +--+----------------------------+-------+---------+---------+
       Total:                       1642    0         0      
                                                             
       Stack:                       0       0         512    
       Linker Generated:            0       69        0      
    +--+----------------------------+-------+---------+---------+
       Grand Total:                 21732   769       8024   


LINKER GENERATED COPY TABLES

__TI_cinit_table @ 000057e0 records: 2, size/record: 8, table size: 16
	.data: load addr=000057a8, load size=00000021 bytes, run addr=20001f00, run size=0000005c bytes, compression=lzss
	.bss: load addr=000057d8, load size=00000008 bytes, run addr=20000000, run size=00001cfc bytes, compression=zero_init


LINKER GENERATED HANDLER TABLE

__TI_handler_table @ 000057cc records: 3, size/record: 4, table size: 12
	index: 0, handler: __TI_decompress_lzss
	index: 1, handler: __TI_decompress_none
	index: 2, handler: __TI_zero_init


GLOBAL SYMBOLS: SORTED ALPHABETICALLY BY Name 

address   name                               
-------   ----                               
00005753  C$$EXIT                            
00004cdb  GPIOA_int_handler                  
000047ff  GPIOE_int_Handler                  
000051fb  Green_LED_Task                     
000051c5  Led_init                           
00005267  Red_LED_Task                       
00005743  ResetISR                           
00004feb  SW_1_Task                          
20001cbc  SW_1_queue                         
00005047  SW_2_Task                          
20001cc0  SW_2_queue                         
00003bdd  UART0_int_Handler                  
00005231  Yellow_LED_Task                    
20001f00  __STACK_END                        
00000200  __STACK_SIZE                       
20001f00  __STACK_TOP                        
000057e0  __TI_CINIT_Base                    
000057f0  __TI_CINIT_Limit                   
000057cc  __TI_Handler_Table_Base            
000057d8  __TI_Handler_Table_Limit           
00005665  __TI_auto_init_nobinit_nopinit     
000055b5  __TI_decompress_lzss               
00005729  __TI_decompress_none               
ffffffff  __TI_pprof_out_hndl                
ffffffff  __TI_prof_data_size                
ffffffff  __TI_prof_data_start               
00000000  __TI_static_base__                 
00005737  __TI_zero_init                     
0000542f  __aeabi_cdcmpeq                    
0000542f  __aeabi_cdcmple                    
000054b5  __aeabi_cdrcmple                   
0000561d  __aeabi_d2iz                       
00004a57  __aeabi_dadd                       
000050c9  __aeabi_dmul                       
00004a4d  __aeabi_dsub                       
0000553b  __aeabi_memclr                     
0000553b  __aeabi_memclr4                    
0000553b  __aeabi_memclr8                    
00005393  __aeabi_memcpy                     
00005393  __aeabi_memcpy4                    
00005393  __aeabi_memcpy8                    
0000553d  __aeabi_memset                     
0000553d  __aeabi_memset4                    
0000553d  __aeabi_memset8                    
00005709  __aeabi_ui2d                       
ffffffff  __binit__                          
ffffffff  __c_args__                         
UNDEFED   __mpu_init                         
20001d00  __stack                            
20000000  __start___llvm_prf_cnts            
20000000  __stop___llvm_prf_cnts             
000056a9  _c_int00_noargs                    
UNDEFED   _system_post_cinit                 
0000574f  _system_pre_init                   
00005753  abort                              
ffffffff  binit                              
0000257d  brew_espresso                      
000027d9  brew_filter                        
00004fa9  buttons_init                       
20001cc4  data_wr_mutex                      
00003d5f  delay_us                           
00004c05  enc_init                           
00004c77  encoder_Task                       
20001cc8  encoder_queue                      
20001ccc  encoder_sem                        
20001cd0  encoder_task                       
00002197  enter_card                         
00002341  enter_cash                         
00002aa9  finish_prod                        
000026b9  froth_milk                         
00000000  g_pfnVectors                       
00004115  get_coffee_price                   
000041ff  get_operating_data                 
000040b9  get_runtime                        
000040c7  get_timestamp                      
20001cd4  green_led_queue                    
00004179  increment_operating_data           
0000470f  keypad_Task                        
00004645  keypad_init                        
00005792  keypad_map                         
20001cd8  keypad_queue                       
20001cdc  keypad_sem                         
20001ce0  keypad_task                        
0000402f  lcd_Task                           
00003ec9  lcd_char                           
00003f85  lcd_clear                          
00003d87  lcd_command                        
00003f95  lcd_getcursor                      
00003e07  lcd_init                           
20001ce4  lcd_queue                          
00003f9b  lcd_queueClear                     
00003fb5  lcd_queuePos                       
00003fdf  lcd_queueString                    
0000400d  lcd_queueStringClear               
00003e89  lcd_setcursor                      
00003f67  lcd_string                         
0000579f  led_off                            
0000579e  led_on                             
00004381  main                               
00005393  memcpy                             
00005543  memset                             
20001f40  op_data                            
20001f34  options                            
000039dd  parse_price                        
00000d11  pcTaskGetName                      
000046e1  port_to_index                      
20001ce8  price_wr_mutex                     
20001f58  prices                             
00004875  pvPortMalloc                       
000017c9  pvTaskIncrementMutexHeldCount      
20001f00  pxCurrentTCB                       
00004d41  pxPortInitialiseStack              
20001cec  red_led_queue                      
00002a2f  remove_cup                         
00003a35  report_data                        
0000247b  return_change                      
20001f5b  rx_tail                            
00002147  select_payment                     
00002089  select_product                     
00004147  set_coffee_price                   
000056dd  strncmp                            
00003d21  timer0_init                        
0000388d  uart0_fifos_disable                
00003881  uart0_fifos_enable                 
000038d7  uart0_init                         
000038a9  uart0_queueString                  
00003899  uart0_tx_rdy                       
00003ad5  uart_rx_Task                       
20001cf0  uart_rx_sem                        
000039b5  uart_tx_Task                       
20001cf4  uart_tx_queue                      
000057a0  ulMaxSyscallInterruptPriority      
000052c9  ulPortGetIPSR                      
000017e9  ulTaskGenericNotifyTake            
00001e59  ulTaskGenericNotifyValueClear      
00001f9d  userflow_Task                      
00004f5f  uxListRemove                       
000035cd  uxQueueMessagesWaiting             
00003603  uxQueueMessagesWaitingFromISR      
000035e3  uxQueueSpacesAvailable             
00000d01  uxTaskGetNumberOfTasks             
00000621  uxTaskPriorityGet                  
0000064d  uxTaskPriorityGetFromISR           
000017a1  uxTaskResetEventItemValue          
000057a4  uxTopUsedPriority                  
00004e7d  vListInitialise                    
00004ead  vListInitialiseItem                
00004ef9  vListInsert                        
00004ebd  vListInsertEnd                     
00005385  vPortEnableVFP                     
00004de1  vPortEndScheduler                  
00004de3  vPortEnterCritical                 
00004e03  vPortExitCritical                  
0000498d  vPortFree                          
000049f1  vPortInitialiseBlocks              
00005341  vPortSVCHandler                    
00004e3f  vPortSetupTimerInterrupt           
00005361  vPortStartFirstTask                
00003619  vQueueDelete                       
000005eb  vTaskDelay                         
000004a3  vTaskDelete                        
00000b17  vTaskEndScheduler                  
00001cb1  vTaskGenericNotifyGiveFromISR      
000012bd  vTaskInternalSetTimeOutState       
00001361  vTaskMissedYield                   
00000f9b  vTaskPlaceOnEventList              
00000fbd  vTaskPlaceOnUnorderedEventList     
000016a1  vTaskPriorityDisinheritAfterTimeout
000006a9  vTaskPrioritySet                   
00001195  vTaskRemoveFromUnorderedEventList  
0000092b  vTaskResume                        
0000129f  vTaskSetTimeOutState               
00000acd  vTaskStartScheduler                
00000801  vTaskSuspend                       
00000b33  vTaskSuspendAll                    
00000f39  vTaskSwitchContext                 
000024dd  wait_for_cup                       
000042eb  write_num                          
00004271  write_price                        
000049eb  xPortGetFreeHeapSize               
000052e1  xPortPendSVHandler                 
00004dab  xPortStartScheduler                
00004e19  xPortSysTickHandler                
00002e37  xQueueCreateMutex                  
00002d67  xQueueGenericCreate                
00002c95  xQueueGenericReset                 
00002ee3  xQueueGenericSend                  
00003011  xQueueGenericSendFromISR           
000030b3  xQueueGiveFromISR                  
00002e63  xQueueGiveMutexRecursive           
00003813  xQueueIsQueueEmptyFromISR          
00003859  xQueueIsQueueFullFromISR           
000033bf  xQueuePeek                         
0000357b  xQueuePeekFromISR                  
00003147  xQueueReceive                      
000034e1  xQueueReceiveFromISR               
00003265  xQueueSemaphoreTake                
00002e9f  xQueueTakeMutexRecursive           
00000d31  xTaskCatchUpTicks                  
000012dd  xTaskCheckForTimeOut               
0000026d  xTaskCreate                        
0000055b  xTaskDelayUntil                    
00001951  xTaskGenericNotify                 
00001ad9  xTaskGenericNotifyFromISR          
00001e09  xTaskGenericNotifyStateClear       
0000188f  xTaskGenericNotifyWait             
00001465  xTaskGetCurrentTaskHandle          
00000cd5  xTaskGetTickCount                  
00000ce9  xTaskGetTickCountFromISR           
00000d6d  xTaskIncrementTick                 
000015a9  xTaskPriorityDisinherit            
00001489  xTaskPriorityInherit               
00001035  xTaskRemoveFromEventList           
00000b49  xTaskResumeAll                     
000009f5  xTaskResumeFromISR                 
20001cf8  yellow_led_queue                   


GLOBAL SYMBOLS: SORTED BY Symbol Address 

address   name                               
-------   ----                               
00000000  __TI_static_base__                 
00000000  g_pfnVectors                       
00000200  __STACK_SIZE                       
0000026d  xTaskCreate                        
000004a3  vTaskDelete                        
0000055b  xTaskDelayUntil                    
000005eb  vTaskDelay                         
00000621  uxTaskPriorityGet                  
0000064d  uxTaskPriorityGetFromISR           
000006a9  vTaskPrioritySet                   
00000801  vTaskSuspend                       
0000092b  vTaskResume                        
000009f5  xTaskResumeFromISR                 
00000acd  vTaskStartScheduler                
00000b17  vTaskEndScheduler                  
00000b33  vTaskSuspendAll                    
00000b49  xTaskResumeAll                     
00000cd5  xTaskGetTickCount                  
00000ce9  xTaskGetTickCountFromISR           
00000d01  uxTaskGetNumberOfTasks             
00000d11  pcTaskGetName                      
00000d31  xTaskCatchUpTicks                  
00000d6d  xTaskIncrementTick                 
00000f39  vTaskSwitchContext                 
00000f9b  vTaskPlaceOnEventList              
00000fbd  vTaskPlaceOnUnorderedEventList     
00001035  xTaskRemoveFromEventList           
00001195  vTaskRemoveFromUnorderedEventList  
0000129f  vTaskSetTimeOutState               
000012bd  vTaskInternalSetTimeOutState       
000012dd  xTaskCheckForTimeOut               
00001361  vTaskMissedYield                   
00001465  xTaskGetCurrentTaskHandle          
00001489  xTaskPriorityInherit               
000015a9  xTaskPriorityDisinherit            
000016a1  vTaskPriorityDisinheritAfterTimeout
000017a1  uxTaskResetEventItemValue          
000017c9  pvTaskIncrementMutexHeldCount      
000017e9  ulTaskGenericNotifyTake            
0000188f  xTaskGenericNotifyWait             
00001951  xTaskGenericNotify                 
00001ad9  xTaskGenericNotifyFromISR          
00001cb1  vTaskGenericNotifyGiveFromISR      
00001e09  xTaskGenericNotifyStateClear       
00001e59  ulTaskGenericNotifyValueClear      
00001f9d  userflow_Task                      
00002089  select_product                     
00002147  select_payment                     
00002197  enter_card                         
00002341  enter_cash                         
0000247b  return_change                      
000024dd  wait_for_cup                       
0000257d  brew_espresso                      
000026b9  froth_milk                         
000027d9  brew_filter                        
00002a2f  remove_cup                         
00002aa9  finish_prod                        
00002c95  xQueueGenericReset                 
00002d67  xQueueGenericCreate                
00002e37  xQueueCreateMutex                  
00002e63  xQueueGiveMutexRecursive           
00002e9f  xQueueTakeMutexRecursive           
00002ee3  xQueueGenericSend                  
00003011  xQueueGenericSendFromISR           
000030b3  xQueueGiveFromISR                  
00003147  xQueueReceive                      
00003265  xQueueSemaphoreTake                
000033bf  xQueuePeek                         
000034e1  xQueueReceiveFromISR               
0000357b  xQueuePeekFromISR                  
000035cd  uxQueueMessagesWaiting             
000035e3  uxQueueSpacesAvailable             
00003603  uxQueueMessagesWaitingFromISR      
00003619  vQueueDelete                       
00003813  xQueueIsQueueEmptyFromISR          
00003859  xQueueIsQueueFullFromISR           
00003881  uart0_fifos_enable                 
0000388d  uart0_fifos_disable                
00003899  uart0_tx_rdy                       
000038a9  uart0_queueString                  
000038d7  uart0_init                         
000039b5  uart_tx_Task                       
000039dd  parse_price                        
00003a35  report_data                        
00003ad5  uart_rx_Task                       
00003bdd  UART0_int_Handler                  
00003d21  timer0_init                        
00003d5f  delay_us                           
00003d87  lcd_command                        
00003e07  lcd_init                           
00003e89  lcd_setcursor                      
00003ec9  lcd_char                           
00003f67  lcd_string                         
00003f85  lcd_clear                          
00003f95  lcd_getcursor                      
00003f9b  lcd_queueClear                     
00003fb5  lcd_queuePos                       
00003fdf  lcd_queueString                    
0000400d  lcd_queueStringClear               
0000402f  lcd_Task                           
000040b9  get_runtime                        
000040c7  get_timestamp                      
00004115  get_coffee_price                   
00004147  set_coffee_price                   
00004179  increment_operating_data           
000041ff  get_operating_data                 
00004271  write_price                        
000042eb  write_num                          
00004381  main                               
00004645  keypad_init                        
000046e1  port_to_index                      
0000470f  keypad_Task                        
000047ff  GPIOE_int_Handler                  
00004875  pvPortMalloc                       
0000498d  vPortFree                          
000049eb  xPortGetFreeHeapSize               
000049f1  vPortInitialiseBlocks              
00004a4d  __aeabi_dsub                       
00004a57  __aeabi_dadd                       
00004c05  enc_init                           
00004c77  encoder_Task                       
00004cdb  GPIOA_int_handler                  
00004d41  pxPortInitialiseStack              
00004dab  xPortStartScheduler                
00004de1  vPortEndScheduler                  
00004de3  vPortEnterCritical                 
00004e03  vPortExitCritical                  
00004e19  xPortSysTickHandler                
00004e3f  vPortSetupTimerInterrupt           
00004e7d  vListInitialise                    
00004ead  vListInitialiseItem                
00004ebd  vListInsertEnd                     
00004ef9  vListInsert                        
00004f5f  uxListRemove                       
00004fa9  buttons_init                       
00004feb  SW_1_Task                          
00005047  SW_2_Task                          
000050c9  __aeabi_dmul                       
000051c5  Led_init                           
000051fb  Green_LED_Task                     
00005231  Yellow_LED_Task                    
00005267  Red_LED_Task                       
000052c9  ulPortGetIPSR                      
000052e1  xPortPendSVHandler                 
00005341  vPortSVCHandler                    
00005361  vPortStartFirstTask                
00005385  vPortEnableVFP                     
00005393  __aeabi_memcpy                     
00005393  __aeabi_memcpy4                    
00005393  __aeabi_memcpy8                    
00005393  memcpy                             
0000542f  __aeabi_cdcmpeq                    
0000542f  __aeabi_cdcmple                    
000054b5  __aeabi_cdrcmple                   
0000553b  __aeabi_memclr                     
0000553b  __aeabi_memclr4                    
0000553b  __aeabi_memclr8                    
0000553d  __aeabi_memset                     
0000553d  __aeabi_memset4                    
0000553d  __aeabi_memset8                    
00005543  memset                             
000055b5  __TI_decompress_lzss               
0000561d  __aeabi_d2iz                       
00005665  __TI_auto_init_nobinit_nopinit     
000056a9  _c_int00_noargs                    
000056dd  strncmp                            
00005709  __aeabi_ui2d                       
00005729  __TI_decompress_none               
00005737  __TI_zero_init                     
00005743  ResetISR                           
0000574f  _system_pre_init                   
00005753  C$$EXIT                            
00005753  abort                              
00005792  keypad_map                         
0000579e  led_on                             
0000579f  led_off                            
000057a0  ulMaxSyscallInterruptPriority      
000057a4  uxTopUsedPriority                  
000057cc  __TI_Handler_Table_Base            
000057d8  __TI_Handler_Table_Limit           
000057e0  __TI_CINIT_Base                    
000057f0  __TI_CINIT_Limit                   
20000000  __start___llvm_prf_cnts            
20000000  __stop___llvm_prf_cnts             
20001cbc  SW_1_queue                         
20001cc0  SW_2_queue                         
20001cc4  data_wr_mutex                      
20001cc8  encoder_queue                      
20001ccc  encoder_sem                        
20001cd0  encoder_task                       
20001cd4  green_led_queue                    
20001cd8  keypad_queue                       
20001cdc  keypad_sem                         
20001ce0  keypad_task                        
20001ce4  lcd_queue                          
20001ce8  price_wr_mutex                     
20001cec  red_led_queue                      
20001cf0  uart_rx_sem                        
20001cf4  uart_tx_queue                      
20001cf8  yellow_led_queue                   
20001d00  __stack                            
20001f00  __STACK_END                        
20001f00  __STACK_TOP                        
20001f00  pxCurrentTCB                       
20001f34  options                            
20001f40  op_data                            
20001f58  prices                             
20001f5b  rx_tail                            
ffffffff  __TI_pprof_out_hndl                
ffffffff  __TI_prof_data_size                
ffffffff  __TI_prof_data_start               
ffffffff  __binit__                          
ffffffff  __c_args__                         
ffffffff  binit                              
UNDEFED   __mpu_init                         
UNDEFED   _system_post_cinit                 

[216 symbols]
