******************************************************************************
                  TI ARM Linker PC v20.2.7                     
******************************************************************************
>> Linked Mon May 11 08:47:27 2026

OUTPUT FILE NAME:   <Final assigment.out>
ENTRY POINT SYMBOL: "_c_int00_noargs"  address: 00005595


MEMORY CONFIGURATION

         name            origin    length      used     unused   attr    fill
----------------------  --------  ---------  --------  --------  ----  --------
  FLASH                 00000000   00040000  000056da  0003a926  R  X
  SRAM                  20000000   00008000  00001f46  000060ba  RW X


SEGMENT ALLOCATION MAP

run origin  load origin   length   init length attrs members
----------  ----------- ---------- ----------- ----- -------
00000000    00000000    000056e0   000056e0    r-x
  00000000    00000000    0000026c   0000026c    r-- .intvecs
  0000026c    0000026c    000053d6   000053d6    r-x .text
  00005644    00005644    00000050   00000050    r-- .const
  00005698    00005698    00000048   00000048    r-- .cinit
20000000    20000000    00001f4a   00000000    rw-
  20000000    20000000    00001cf4   00000000    rw- .bss
  20001cf8    20001cf8    00000200   00000000    rw- .stack
  20001ef8    20001ef8    00000052   00000000    rw- .data


SECTION ALLOCATION MAP

 output                                  attributes/
section   page    origin      length       input sections
--------  ----  ----------  ----------   ----------------
.intvecs   0    00000000    0000026c     
                  00000000    0000026c     startup_frt.obj (.intvecs)

.text      0    0000026c    000053d6     
                  0000026c    00001d30     tasks.obj (.text)
                  00001f9c    00000df8     coffee_control.obj (.text)
                  00002d94    00000bea     queue.obj (.text)
                  0000397e    00000002     --HOLE-- [fill = 0]
                  00003980    000003ac     uart_frt.obj (.text)
                  00003d2c    00000398     LCD_frt.obj (.text)
                  000040c4    000002b4     main.obj (.text)
                  00004378    00000230     keypad_frt.obj (.text)
                  000045a8    000001d8     heap_2.obj (.text)
                  00004780    000001b8     CoffeeUtils.obj (.text)
                  00004938    000001b6     rtsv7M4_T_le_v4SPD16_eabi.lib : fd_add_t2.asm.obj (.text)
                  00004aee    00000002     --HOLE-- [fill = 0]
                  00004af0    0000013c     encoder_frt.obj (.text)
                  00004c2c    0000013c     port.obj (.text)
                  00004d68    0000012a     list.obj (.text)
                  00004e92    00000002     --HOLE-- [fill = 0]
                  00004e94    00000120     buttons.obj (.text)
                  00004fb4    000000fc     rtsv7M4_T_le_v4SPD16_eabi.lib : fd_mul_t2.asm.obj (.text)
                  000050b0    000000f4     led.obj (.text)
                  000051a4    000000da     portasm.obj (.text)
                  0000527e    0000009c     rtsv7M4_T_le_v4SPD16_eabi.lib : memcpy_t2.asm.obj (.text)
                  0000531a    00000086                                   : fd_cmp_t2.asm.obj (.text:__aeabi_cdcmple)
                  000053a0    00000086                                   : fd_cmp_t2.asm.obj (.text:__aeabi_cdrcmple)
                  00005426    0000007a                                   : memset_t2.asm.obj (.text)
                  000054a0    00000068                                   : copy_decompress_lzss.c.obj (.text:decompress:lzss:__TI_decompress_lzss)
                  00005508    00000048                                   : fd_toi_t2.asm.obj (.text)
                  00005550    00000044                                   : autoinit.c.obj (.text:__TI_auto_init_nobinit_nopinit:__TI_auto_init_nobinit_nopinit)
                  00005594    00000034                                   : boot_cortex_m.c.obj (.text:_c_int00_noargs:_c_int00_noargs)
                  000055c8    0000002c                                   : strncmp.c.obj (.text:strncmp)
                  000055f4    00000020                                   : u_tofd_t2.asm.obj (.text)
                  00005614    0000000e                                   : copy_decompress_none.c.obj (.text:decompress:none:__TI_decompress_none)
                  00005622    0000000c                                   : copy_zero_init.c.obj (.text:decompress:ZI:__TI_zero_init)
                  0000562e    0000000c     startup_frt.obj (.text)
                  0000563a    00000004     rtsv7M4_T_le_v4SPD16_eabi.lib : pre_init.c.obj (.text:_system_pre_init)
                  0000563e    00000004                                   : exit.c.obj (.text:abort:abort)

.const     0    00005644    00000050     
                  00005644    0000003a     coffee_control.obj (.const:.string)
                  0000567e    0000000c     keypad_frt.obj (.const:keypad_map)
                  0000568a    00000002     coffee_control.obj (.const)
                  0000568c    00000004     port.obj (.const)
                  00005690    00000004     tasks.obj (.const)

.cinit     0    00005698    00000048     
                  00005698    00000020     (.cinit..data.load) [load image, compression = lzss]
                  000056b8    0000000c     (__TI_handler_table)
                  000056c4    00000004     --HOLE-- [fill = 0]
                  000056c8    00000008     (.cinit..bss.load) [load image, compression = zero_init]
                  000056d0    00000010     (__TI_cinit_table)

.init_array 
*          0    00000000    00000000     UNINITIALIZED

.bss       0    20000000    00001cf4     UNINITIALIZED
                  20000000    00001b58     heap_2.obj (.bss:ucHeap)
                  20001b58    000000c8     tasks.obj (.bss:pxReadyTasksLists)
                  20001c20    00000020     uart_frt.obj (.bss:rx_buffer)
                  20001c40    00000014     tasks.obj (.bss:xDelayedTaskList1)
                  20001c54    00000014     tasks.obj (.bss:xDelayedTaskList2)
                  20001c68    00000014     tasks.obj (.bss:xPendingReadyList)
                  20001c7c    00000014     tasks.obj (.bss:xSuspendedTaskList)
                  20001c90    00000014     tasks.obj (.bss:xTasksWaitingTermination)
                  20001ca4    00000008     tasks.obj (.bss)
                  20001cac    00000008     heap_2.obj (.bss:xEnd)
                  20001cb4    00000008     heap_2.obj (.bss:xStart)
                  20001cbc    00000004     (.common:SW_1_queue)
                  20001cc0    00000004     (.common:SW_2_queue)
                  20001cc4    00000004     (.common:encoder_queue)
                  20001cc8    00000004     (.common:encoder_sem)
                  20001ccc    00000004     (.common:encoder_task)
                  20001cd0    00000004     (.common:green_led_queue)
                  20001cd4    00000004     (.common:keypad_queue)
                  20001cd8    00000004     (.common:keypad_sem)
                  20001cdc    00000004     (.common:lcd_queue)
                  20001ce0    00000004     (.common:price_wr_mutex)
                  20001ce4    00000004     (.common:red_led_queue)
                  20001ce8    00000004     (.common:uart_rx_sem)
                  20001cec    00000004     (.common:uart_tx_queue)
                  20001cf0    00000004     (.common:yellow_led_queue)

.data      0    20001ef8    00000052     UNINITIALIZED
                  20001ef8    00000034     tasks.obj (.data)
                  20001f2c    0000000c     coffee_control.obj (.data:options)
                  20001f38    00000008     heap_2.obj (.data)
                  20001f40    00000004     port.obj (.data)
                  20001f44    00000003     CoffeeUtils.obj (.data:prices)
                  20001f47    00000001     LCD_frt.obj (.data)
                  20001f48    00000001     keypad_frt.obj (.data)
                  20001f49    00000001     uart_frt.obj (.data)

.stack     0    20001cf8    00000200     UNINITIALIZED
                  20001cf8    00000004     rtsv7M4_T_le_v4SPD16_eabi.lib : boot_cortex_m.c.obj (.stack)
                  20001cfc    000001fc     --HOLE--

__llvm_prf_cnts 
*          0    20000000    00000000     UNINITIALIZED

MODULE SUMMARY

       Module                       code    ro data   rw data
       ------                       ----    -------   -------
    .\
       tasks.obj                    7472    4         360    
       heap_2.obj                   472     0         7024   
       coffee_control.obj           3576    60        52     
       queue.obj                    3050    0         0      
       uart_frt.obj                 940     0         33     
       LCD_frt.obj                  920     0         1      
       main.obj                     692     0         0      
       startup_frt.obj              12      620       0      
       keypad_frt.obj               560     12        1      
       CoffeeUtils.obj              440     0         11     
       port.obj                     316     4         4      
       encoder_frt.obj              316     0         0      
       list.obj                     298     0         0      
       buttons.obj                  288     0         8      
       led.obj                      244     0         0      
       portasm.obj                  218     0         0      
    +--+----------------------------+-------+---------+---------+
       Total:                       19814   700       7494   
                                                             
    X:\APPLICATIONS\CodeComposer\ccs\tools\compiler\ti-cgt-arm_20.2.7.LTS\lib\rtsv7M4_T_le_v4SPD16_eabi.lib
       fd_add_t2.asm.obj            438     0         0      
       fd_cmp_t2.asm.obj            268     0         0      
       fd_mul_t2.asm.obj            252     0         0      
       memcpy_t2.asm.obj            156     0         0      
       memset_t2.asm.obj            122     0         0      
       copy_decompress_lzss.c.obj   104     0         0      
       fd_toi_t2.asm.obj            72      0         0      
       autoinit.c.obj               68      0         0      
       boot_cortex_m.c.obj          52      0         0      
       strncmp.c.obj                44      0         0      
       u_tofd_t2.asm.obj            32      0         0      
       copy_decompress_none.c.obj   14      0         0      
       copy_zero_init.c.obj         12      0         0      
       exit.c.obj                   4       0         0      
       pre_init.c.obj               4       0         0      
    +--+----------------------------+-------+---------+---------+
       Total:                       1642    0         0      
                                                             
       Stack:                       0       0         512    
       Linker Generated:            0       68        0      
    +--+----------------------------+-------+---------+---------+
       Grand Total:                 21456   768       8006   


LINKER GENERATED COPY TABLES

__TI_cinit_table @ 000056d0 records: 2, size/record: 8, table size: 16
	.data: load addr=00005698, load size=00000020 bytes, run addr=20001ef8, run size=00000052 bytes, compression=lzss
	.bss: load addr=000056c8, load size=00000008 bytes, run addr=20000000, run size=00001cf4 bytes, compression=zero_init


LINKER GENERATED HANDLER TABLE

__TI_handler_table @ 000056b8 records: 3, size/record: 4, table size: 12
	index: 0, handler: __TI_decompress_lzss
	index: 1, handler: __TI_decompress_none
	index: 2, handler: __TI_zero_init


GLOBAL SYMBOLS: SORTED ALPHABETICALLY BY Name 

address   name                               
-------   ----                               
0000563f  C$$EXIT                            
00004bc7  GPIOA_int_handler                  
00004533  GPIOE_int_Handler                  
000050e7  Green_LED_Task                     
000050b1  Led_init                           
00005153  Red_LED_Task                       
0000562f  ResetISR                           
00004ed7  SW_1_Task                          
20001cbc  SW_1_queue                         
00004f33  SW_2_Task                          
20001cc0  SW_2_queue                         
00003c1d  UART0_int_Handler                  
0000511d  Yellow_LED_Task                    
20001ef8  __STACK_END                        
00000200  __STACK_SIZE                       
20001ef8  __STACK_TOP                        
000056d0  __TI_CINIT_Base                    
000056e0  __TI_CINIT_Limit                   
000056b8  __TI_Handler_Table_Base            
000056c4  __TI_Handler_Table_Limit           
00005551  __TI_auto_init_nobinit_nopinit     
000054a1  __TI_decompress_lzss               
00005615  __TI_decompress_none               
ffffffff  __TI_pprof_out_hndl                
ffffffff  __TI_prof_data_size                
ffffffff  __TI_prof_data_start               
00000000  __TI_static_base__                 
00005623  __TI_zero_init                     
0000531b  __aeabi_cdcmpeq                    
0000531b  __aeabi_cdcmple                    
000053a1  __aeabi_cdrcmple                   
00005509  __aeabi_d2iz                       
00004943  __aeabi_dadd                       
00004fb5  __aeabi_dmul                       
00004939  __aeabi_dsub                       
00005427  __aeabi_memclr                     
00005427  __aeabi_memclr4                    
00005427  __aeabi_memclr8                    
0000527f  __aeabi_memcpy                     
0000527f  __aeabi_memcpy4                    
0000527f  __aeabi_memcpy8                    
00005429  __aeabi_memset                     
00005429  __aeabi_memset4                    
00005429  __aeabi_memset8                    
000055f5  __aeabi_ui2d                       
ffffffff  __binit__                          
ffffffff  __c_args__                         
UNDEFED   __mpu_init                         
20001cf8  __stack                            
20000000  __start___llvm_prf_cnts            
20000000  __stop___llvm_prf_cnts             
00005595  _c_int00_noargs                    
UNDEFED   _system_post_cinit                 
0000563b  _system_pre_init                   
0000563f  abort                              
ffffffff  binit                              
000024b9  brew_espresso                      
00002761  brew_filter                        
00004e95  buttons_init                       
00002a41  cup_abort                          
00003d6b  delay_us                           
00004af1  enc_init                           
00004b63  encoder_Task                       
20001cc4  encoder_queue                      
20001cc8  encoder_sem                        
20001ccc  encoder_task                       
00002099  enter_card                         
00002235  enter_cash                         
00002aa9  finish_prod                        
00002633  froth_milk                         
00000000  g_pfnVectors                       
000047dd  get_coffee_price                   
00004781  get_runtime                        
0000478f  get_timestamp                      
20001cd0  green_led_queue                    
00004379  keypad_init                        
0000567e  keypad_map                         
20001cd4  keypad_queue                       
20001cd8  keypad_sem                         
00004443  keypad_task                        
0000403b  lcd_Task                           
00003ed5  lcd_char                           
00003f91  lcd_clear                          
00003d93  lcd_command                        
00003fa1  lcd_getcursor                      
00003e13  lcd_init                           
20001cdc  lcd_queue                          
00003fa7  lcd_queueClear                     
00003fc1  lcd_queuePos                       
00003feb  lcd_queueString                    
00004019  lcd_queueStringClear               
00003e95  lcd_setcursor                      
00003f73  lcd_string                         
0000568b  led_off                            
0000568a  led_on                             
000040c5  main                               
0000527f  memcpy                             
0000542f  memset                             
20001f2c  options                            
00003add  parse_price                        
00000d11  pcTaskGetName                      
00004415  port_to_index                      
20001ce0  price_wr_mutex                     
20001f44  prices                             
000045a9  pvPortMalloc                       
000017c9  pvTaskIncrementMutexHeldCount      
20001ef8  pxCurrentTCB                       
00004c2d  pxPortInitialiseStack              
20001ce4  red_led_queue                      
000029fd  remove_cup                         
0000237f  return_change                      
20001f49  rx_tail                            
00002049  select_payment                     
00001f9d  select_product                     
0000480f  set_coffee_price                   
000055c9  strncmp                            
00003d2d  timer0_init                        
0000398d  uart0_fifos_disable                
00003981  uart0_fifos_enable                 
000039d7  uart0_init                         
000039a9  uart0_queueString                  
00003999  uart0_tx_rdy                       
00003b35  uart_rx_Task                       
20001ce8  uart_rx_sem                        
00003ab5  uart_tx_Task                       
20001cec  uart_tx_queue                      
0000568c  ulMaxSyscallInterruptPriority      
000051b5  ulPortGetIPSR                      
000017e9  ulTaskGenericNotifyTake            
00001e59  ulTaskGenericNotifyValueClear      
00002be9  userflow_Task                      
00004e4b  uxListRemove                       
000036cd  uxQueueMessagesWaiting             
00003703  uxQueueMessagesWaitingFromISR      
000036e3  uxQueueSpacesAvailable             
00000d01  uxTaskGetNumberOfTasks             
00000621  uxTaskPriorityGet                  
0000064d  uxTaskPriorityGetFromISR           
000017a1  uxTaskResetEventItemValue          
00005690  uxTopUsedPriority                  
00004d69  vListInitialise                    
00004d99  vListInitialiseItem                
00004de5  vListInsert                        
00004da9  vListInsertEnd                     
00005271  vPortEnableVFP                     
00004ccd  vPortEndScheduler                  
00004ccf  vPortEnterCritical                 
00004cef  vPortExitCritical                  
000046c1  vPortFree                          
00004725  vPortInitialiseBlocks              
0000522d  vPortSVCHandler                    
00004d2b  vPortSetupTimerInterrupt           
0000524d  vPortStartFirstTask                
00003719  vQueueDelete                       
000005eb  vTaskDelay                         
000004a3  vTaskDelete                        
00000b17  vTaskEndScheduler                  
00001cb1  vTaskGenericNotifyGiveFromISR      
000012bd  vTaskInternalSetTimeOutState       
00001361  vTaskMissedYield                   
00000f9b  vTaskPlaceOnEventList              
00000fbd  vTaskPlaceOnUnorderedEventList     
000016a1  vTaskPriorityDisinheritAfterTimeout
000006a9  vTaskPrioritySet                   
00001195  vTaskRemoveFromUnorderedEventList  
0000092b  vTaskResume                        
0000129f  vTaskSetTimeOutState               
00000acd  vTaskStartScheduler                
00000801  vTaskSuspend                       
00000b33  vTaskSuspendAll                    
00000f39  vTaskSwitchContext                 
00002405  wait_for_cup                       
000048bb  write_num                          
00004841  write_price                        
0000471f  xPortGetFreeHeapSize               
000051cd  xPortPendSVHandler                 
00004c97  xPortStartScheduler                
00004d05  xPortSysTickHandler                
00002f37  xQueueCreateMutex                  
00002e67  xQueueGenericCreate                
00002d95  xQueueGenericReset                 
00002fe3  xQueueGenericSend                  
00003111  xQueueGenericSendFromISR           
000031b3  xQueueGiveFromISR                  
00002f63  xQueueGiveMutexRecursive           
00003913  xQueueIsQueueEmptyFromISR          
00003959  xQueueIsQueueFullFromISR           
000034bf  xQueuePeek                         
0000367b  xQueuePeekFromISR                  
00003247  xQueueReceive                      
000035e1  xQueueReceiveFromISR               
00003365  xQueueSemaphoreTake                
00002f9f  xQueueTakeMutexRecursive           
00000d31  xTaskCatchUpTicks                  
000012dd  xTaskCheckForTimeOut               
0000026d  xTaskCreate                        
0000055b  xTaskDelayUntil                    
00001951  xTaskGenericNotify                 
00001ad9  xTaskGenericNotifyFromISR          
00001e09  xTaskGenericNotifyStateClear       
0000188f  xTaskGenericNotifyWait             
00001465  xTaskGetCurrentTaskHandle          
00000cd5  xTaskGetTickCount                  
00000ce9  xTaskGetTickCountFromISR           
00000d6d  xTaskIncrementTick                 
000015a9  xTaskPriorityDisinherit            
00001489  xTaskPriorityInherit               
00001035  xTaskRemoveFromEventList           
00000b49  xTaskResumeAll                     
000009f5  xTaskResumeFromISR                 
20001cf0  yellow_led_queue                   


GLOBAL SYMBOLS: SORTED BY Symbol Address 

address   name                               
-------   ----                               
00000000  __TI_static_base__                 
00000000  g_pfnVectors                       
00000200  __STACK_SIZE                       
0000026d  xTaskCreate                        
000004a3  vTaskDelete                        
0000055b  xTaskDelayUntil                    
000005eb  vTaskDelay                         
00000621  uxTaskPriorityGet                  
0000064d  uxTaskPriorityGetFromISR           
000006a9  vTaskPrioritySet                   
00000801  vTaskSuspend                       
0000092b  vTaskResume                        
000009f5  xTaskResumeFromISR                 
00000acd  vTaskStartScheduler                
00000b17  vTaskEndScheduler                  
00000b33  vTaskSuspendAll                    
00000b49  xTaskResumeAll                     
00000cd5  xTaskGetTickCount                  
00000ce9  xTaskGetTickCountFromISR           
00000d01  uxTaskGetNumberOfTasks             
00000d11  pcTaskGetName                      
00000d31  xTaskCatchUpTicks                  
00000d6d  xTaskIncrementTick                 
00000f39  vTaskSwitchContext                 
00000f9b  vTaskPlaceOnEventList              
00000fbd  vTaskPlaceOnUnorderedEventList     
00001035  xTaskRemoveFromEventList           
00001195  vTaskRemoveFromUnorderedEventList  
0000129f  vTaskSetTimeOutState               
000012bd  vTaskInternalSetTimeOutState       
000012dd  xTaskCheckForTimeOut               
00001361  vTaskMissedYield                   
00001465  xTaskGetCurrentTaskHandle          
00001489  xTaskPriorityInherit               
000015a9  xTaskPriorityDisinherit            
000016a1  vTaskPriorityDisinheritAfterTimeout
000017a1  uxTaskResetEventItemValue          
000017c9  pvTaskIncrementMutexHeldCount      
000017e9  ulTaskGenericNotifyTake            
0000188f  xTaskGenericNotifyWait             
00001951  xTaskGenericNotify                 
00001ad9  xTaskGenericNotifyFromISR          
00001cb1  vTaskGenericNotifyGiveFromISR      
00001e09  xTaskGenericNotifyStateClear       
00001e59  ulTaskGenericNotifyValueClear      
00001f9d  select_product                     
00002049  select_payment                     
00002099  enter_card                         
00002235  enter_cash                         
0000237f  return_change                      
00002405  wait_for_cup                       
000024b9  brew_espresso                      
00002633  froth_milk                         
00002761  brew_filter                        
000029fd  remove_cup                         
00002a41  cup_abort                          
00002aa9  finish_prod                        
00002be9  userflow_Task                      
00002d95  xQueueGenericReset                 
00002e67  xQueueGenericCreate                
00002f37  xQueueCreateMutex                  
00002f63  xQueueGiveMutexRecursive           
00002f9f  xQueueTakeMutexRecursive           
00002fe3  xQueueGenericSend                  
00003111  xQueueGenericSendFromISR           
000031b3  xQueueGiveFromISR                  
00003247  xQueueReceive                      
00003365  xQueueSemaphoreTake                
000034bf  xQueuePeek                         
000035e1  xQueueReceiveFromISR               
0000367b  xQueuePeekFromISR                  
000036cd  uxQueueMessagesWaiting             
000036e3  uxQueueSpacesAvailable             
00003703  uxQueueMessagesWaitingFromISR      
00003719  vQueueDelete                       
00003913  xQueueIsQueueEmptyFromISR          
00003959  xQueueIsQueueFullFromISR           
00003981  uart0_fifos_enable                 
0000398d  uart0_fifos_disable                
00003999  uart0_tx_rdy                       
000039a9  uart0_queueString                  
000039d7  uart0_init                         
00003ab5  uart_tx_Task                       
00003add  parse_price                        
00003b35  uart_rx_Task                       
00003c1d  UART0_int_Handler                  
00003d2d  timer0_init                        
00003d6b  delay_us                           
00003d93  lcd_command                        
00003e13  lcd_init                           
00003e95  lcd_setcursor                      
00003ed5  lcd_char                           
00003f73  lcd_string                         
00003f91  lcd_clear                          
00003fa1  lcd_getcursor                      
00003fa7  lcd_queueClear                     
00003fc1  lcd_queuePos                       
00003feb  lcd_queueString                    
00004019  lcd_queueStringClear               
0000403b  lcd_Task                           
000040c5  main                               
00004379  keypad_init                        
00004415  port_to_index                      
00004443  keypad_task                        
00004533  GPIOE_int_Handler                  
000045a9  pvPortMalloc                       
000046c1  vPortFree                          
0000471f  xPortGetFreeHeapSize               
00004725  vPortInitialiseBlocks              
00004781  get_runtime                        
0000478f  get_timestamp                      
000047dd  get_coffee_price                   
0000480f  set_coffee_price                   
00004841  write_price                        
000048bb  write_num                          
00004939  __aeabi_dsub                       
00004943  __aeabi_dadd                       
00004af1  enc_init                           
00004b63  encoder_Task                       
00004bc7  GPIOA_int_handler                  
00004c2d  pxPortInitialiseStack              
00004c97  xPortStartScheduler                
00004ccd  vPortEndScheduler                  
00004ccf  vPortEnterCritical                 
00004cef  vPortExitCritical                  
00004d05  xPortSysTickHandler                
00004d2b  vPortSetupTimerInterrupt           
00004d69  vListInitialise                    
00004d99  vListInitialiseItem                
00004da9  vListInsertEnd                     
00004de5  vListInsert                        
00004e4b  uxListRemove                       
00004e95  buttons_init                       
00004ed7  SW_1_Task                          
00004f33  SW_2_Task                          
00004fb5  __aeabi_dmul                       
000050b1  Led_init                           
000050e7  Green_LED_Task                     
0000511d  Yellow_LED_Task                    
00005153  Red_LED_Task                       
000051b5  ulPortGetIPSR                      
000051cd  xPortPendSVHandler                 
0000522d  vPortSVCHandler                    
0000524d  vPortStartFirstTask                
00005271  vPortEnableVFP                     
0000527f  __aeabi_memcpy                     
0000527f  __aeabi_memcpy4                    
0000527f  __aeabi_memcpy8                    
0000527f  memcpy                             
0000531b  __aeabi_cdcmpeq                    
0000531b  __aeabi_cdcmple                    
000053a1  __aeabi_cdrcmple                   
00005427  __aeabi_memclr                     
00005427  __aeabi_memclr4                    
00005427  __aeabi_memclr8                    
00005429  __aeabi_memset                     
00005429  __aeabi_memset4                    
00005429  __aeabi_memset8                    
0000542f  memset                             
000054a1  __TI_decompress_lzss               
00005509  __aeabi_d2iz                       
00005551  __TI_auto_init_nobinit_nopinit     
00005595  _c_int00_noargs                    
000055c9  strncmp                            
000055f5  __aeabi_ui2d                       
00005615  __TI_decompress_none               
00005623  __TI_zero_init                     
0000562f  ResetISR                           
0000563b  _system_pre_init                   
0000563f  C$$EXIT                            
0000563f  abort                              
0000567e  keypad_map                         
0000568a  led_on                             
0000568b  led_off                            
0000568c  ulMaxSyscallInterruptPriority      
00005690  uxTopUsedPriority                  
000056b8  __TI_Handler_Table_Base            
000056c4  __TI_Handler_Table_Limit           
000056d0  __TI_CINIT_Base                    
000056e0  __TI_CINIT_Limit                   
20000000  __start___llvm_prf_cnts            
20000000  __stop___llvm_prf_cnts             
20001cbc  SW_1_queue                         
20001cc0  SW_2_queue                         
20001cc4  encoder_queue                      
20001cc8  encoder_sem                        
20001ccc  encoder_task                       
20001cd0  green_led_queue                    
20001cd4  keypad_queue                       
20001cd8  keypad_sem                         
20001cdc  lcd_queue                          
20001ce0  price_wr_mutex                     
20001ce4  red_led_queue                      
20001ce8  uart_rx_sem                        
20001cec  uart_tx_queue                      
20001cf0  yellow_led_queue                   
20001cf8  __stack                            
20001ef8  __STACK_END                        
20001ef8  __STACK_TOP                        
20001ef8  pxCurrentTCB                       
20001f2c  options                            
20001f44  prices                             
20001f49  rx_tail                            
ffffffff  __TI_pprof_out_hndl                
ffffffff  __TI_prof_data_size                
ffffffff  __TI_prof_data_start               
ffffffff  __binit__                          
ffffffff  __c_args__                         
ffffffff  binit                              
UNDEFED   __mpu_init                         
UNDEFED   _system_post_cinit                 

[211 symbols]
