******************************************************************************
                  TI ARM Linker PC v20.2.7                     
******************************************************************************
>> Linked Thu May  7 13:13:33 2026

OUTPUT FILE NAME:   <Final assigment.out>
ENTRY POINT SYMBOL: "_c_int00_noargs"  address: 00004839


MEMORY CONFIGURATION

         name            origin    length      used     unused   attr    fill
----------------------  --------  ---------  --------  --------  ----  --------
  FLASH                 00000000   00040000  0000495e  0003b6a2  R  X
  SRAM                  20000000   00008000  00001f42  000060be  RW X


SEGMENT ALLOCATION MAP

run origin  load origin   length   init length attrs members
----------  ----------- ---------- ----------- ----- -------
00000000    00000000    00004960   00004960    r-x
  00000000    00000000    0000026c   0000026c    r-- .intvecs
  0000026c    0000026c    0000465a   0000465a    r-x .text
  000048c8    000048c8    00000050   00000050    r-- .const
  00004918    00004918    00000048   00000048    r-- .cinit
20000000    20000000    00001f42   00000000    rw-
  20000000    20000000    00001cf0   00000000    rw- .bss
  20001cf0    20001cf0    00000200   00000000    rw- .stack
  20001ef0    20001ef0    00000052   00000000    rw- .data


SECTION ALLOCATION MAP

 output                                  attributes/
section   page    origin      length       input sections
--------  ----  ----------  ----------   ----------------
.intvecs   0    00000000    0000026c     
                  00000000    0000026c     startup_frt.obj (.intvecs)

.text      0    0000026c    0000465a     
                  0000026c    00001d30     tasks.obj (.text)
                  00001f9c    00000bea     queue.obj (.text)
                  00002b86    00000002     --HOLE-- [fill = 0]
                  00002b88    00000594     coffee_control.obj (.text)
                  0000311c    000003e4     main.obj (.text)
                  00003500    000003ac     uart_frt.obj (.text)
                  000038ac    00000330     LCD_frt.obj (.text)
                  00003bdc    00000230     keypad_frt.obj (.text)
                  00003e0c    000001d8     heap_2.obj (.text)
                  00003fe4    0000013c     encoder_frt.obj (.text)
                  00004120    0000013c     port.obj (.text)
                  0000425c    0000012a     list.obj (.text)
                  00004386    00000002     --HOLE-- [fill = 0]
                  00004388    00000120     buttons.obj (.text)
                  000044a8    000000f4     led.obj (.text)
                  0000459c    000000da     portasm.obj (.text)
                  00004676    0000009c     rtsv7M4_T_le_v4SPD16_eabi.lib : memcpy_t2.asm.obj (.text)
                  00004712    0000007a                                   : memset_t2.asm.obj (.text)
                  0000478c    00000068                                   : copy_decompress_lzss.c.obj (.text:decompress:lzss:__TI_decompress_lzss)
                  000047f4    00000044                                   : autoinit.c.obj (.text:__TI_auto_init_nobinit_nopinit:__TI_auto_init_nobinit_nopinit)
                  00004838    00000034                                   : boot_cortex_m.c.obj (.text:_c_int00_noargs:_c_int00_noargs)
                  0000486c    0000002c                                   : strncmp.c.obj (.text:strncmp)
                  00004898    0000000e                                   : copy_decompress_none.c.obj (.text:decompress:none:__TI_decompress_none)
                  000048a6    0000000c                                   : copy_zero_init.c.obj (.text:decompress:ZI:__TI_zero_init)
                  000048b2    0000000c     startup_frt.obj (.text)
                  000048be    00000004     rtsv7M4_T_le_v4SPD16_eabi.lib : pre_init.c.obj (.text:_system_pre_init)
                  000048c2    00000004                                   : exit.c.obj (.text:abort:abort)

.const     0    000048c8    00000050     
                  000048c8    0000003a     coffee_control.obj (.const:.string)
                  00004902    0000000c     keypad_frt.obj (.const:keypad_map)
                  0000490e    00000002     --HOLE-- [fill = 0]
                  00004910    00000004     port.obj (.const)
                  00004914    00000004     tasks.obj (.const)

.cinit     0    00004918    00000048     
                  00004918    00000020     (.cinit..data.load) [load image, compression = lzss]
                  00004938    0000000c     (__TI_handler_table)
                  00004944    00000004     --HOLE-- [fill = 0]
                  00004948    00000008     (.cinit..bss.load) [load image, compression = zero_init]
                  00004950    00000010     (__TI_cinit_table)

.init_array 
*          0    00000000    00000000     UNINITIALIZED

.bss       0    20000000    00001cf0     UNINITIALIZED
                  20000000    00001b58     heap_2.obj (.bss:ucHeap)
                  20001b58    000000c8     tasks.obj (.bss:pxReadyTasksLists)
                  20001c20    00000020     uart_frt.obj (.bss:rx_buffer)
                  20001c40    00000014     tasks.obj (.bss:xDelayedTaskList1)
                  20001c54    00000014     tasks.obj (.bss:xDelayedTaskList2)
                  20001c68    00000014     tasks.obj (.bss:xPendingReadyList)
                  20001c7c    00000014     tasks.obj (.bss:xSuspendedTaskList)
                  20001c90    00000014     tasks.obj (.bss:xTasksWaitingTermination)
                  20001ca4    00000008     tasks.obj (.bss)
                  20001cac    00000008     heap_2.obj (.bss:xEnd)
                  20001cb4    00000008     heap_2.obj (.bss:xStart)
                  20001cbc    00000004     (.common:SW_1_queue)
                  20001cc0    00000004     (.common:SW_2_queue)
                  20001cc4    00000004     (.common:encoder_queue)
                  20001cc8    00000004     (.common:encoder_sem)
                  20001ccc    00000004     (.common:green_led_queue)
                  20001cd0    00000004     (.common:keypad_queue)
                  20001cd4    00000004     (.common:keypad_sem)
                  20001cd8    00000004     (.common:lcd_queue)
                  20001cdc    00000004     (.common:price_wr_mutex)
                  20001ce0    00000004     (.common:red_led_queue)
                  20001ce4    00000004     (.common:uart_rx_sem)
                  20001ce8    00000004     (.common:uart_tx_queue)
                  20001cec    00000004     (.common:yellow_led_queue)

.data      0    20001ef0    00000052     UNINITIALIZED
                  20001ef0    00000034     tasks.obj (.data)
                  20001f24    0000000c     coffee_control.obj (.data:options)
                  20001f30    00000008     heap_2.obj (.data)
                  20001f38    00000004     port.obj (.data)
                  20001f3c    00000003     coffee_control.obj (.data:prices)
                  20001f3f    00000001     LCD_frt.obj (.data)
                  20001f40    00000001     keypad_frt.obj (.data)
                  20001f41    00000001     uart_frt.obj (.data)

.stack     0    20001cf0    00000200     UNINITIALIZED
                  20001cf0    00000004     rtsv7M4_T_le_v4SPD16_eabi.lib : boot_cortex_m.c.obj (.stack)
                  20001cf4    000001fc     --HOLE--

__llvm_prf_cnts 
*          0    20000000    00000000     UNINITIALIZED

MODULE SUMMARY

       Module                       code    ro data   rw data
       ------                       ----    -------   -------
    .\
       tasks.obj                    7472    4         360    
       heap_2.obj                   472     0         7024   
       queue.obj                    3050    0         0      
       coffee_control.obj           1428    58        35     
       main.obj                     996     0         0      
       uart_frt.obj                 940     0         33     
       LCD_frt.obj                  816     0         5      
       startup_frt.obj              12      620       0      
       keypad_frt.obj               560     12        1      
       encoder_frt.obj              316     0         8      
       port.obj                     316     4         4      
       list.obj                     298     0         0      
       buttons.obj                  288     0         8      
       led.obj                      244     0         12     
       portasm.obj                  218     0         0      
    +--+----------------------------+-------+---------+---------+
       Total:                       17426   698       7490   
                                                             
    X:\APPLICATIONS\CodeComposer\ccs\tools\compiler\ti-cgt-arm_20.2.7.LTS\lib\rtsv7M4_T_le_v4SPD16_eabi.lib
       memcpy_t2.asm.obj            156     0         0      
       memset_t2.asm.obj            122     0         0      
       copy_decompress_lzss.c.obj   104     0         0      
       autoinit.c.obj               68      0         0      
       boot_cortex_m.c.obj          52      0         0      
       strncmp.c.obj                44      0         0      
       copy_decompress_none.c.obj   14      0         0      
       copy_zero_init.c.obj         12      0         0      
       exit.c.obj                   4       0         0      
       pre_init.c.obj               4       0         0      
    +--+----------------------------+-------+---------+---------+
       Total:                       580     0         0      
                                                             
       Stack:                       0       0         512    
       Linker Generated:            0       68        0      
    +--+----------------------------+-------+---------+---------+
       Grand Total:                 18006   766       8002   


LINKER GENERATED COPY TABLES

__TI_cinit_table @ 00004950 records: 2, size/record: 8, table size: 16
	.data: load addr=00004918, load size=00000020 bytes, run addr=20001ef0, run size=00000052 bytes, compression=lzss
	.bss: load addr=00004948, load size=00000008 bytes, run addr=20000000, run size=00001cf0 bytes, compression=zero_init


LINKER GENERATED HANDLER TABLE

__TI_handler_table @ 00004938 records: 3, size/record: 4, table size: 12
	index: 0, handler: __TI_decompress_lzss
	index: 1, handler: __TI_decompress_none
	index: 2, handler: __TI_zero_init


GLOBAL SYMBOLS: SORTED ALPHABETICALLY BY Name 

address   name                               
-------   ----                               
000048c3  C$$EXIT                            
000040bb  GPIOA_int_handler                  
00003d97  GPIOE_int_Handler                  
000044df  Green_LED_Task                     
000044a9  Led_init                           
0000454b  Red_LED_Task                       
000048b3  ResetISR                           
000043cb  SW_1_Task                          
20001cbc  SW_1_queue                         
00004425  SW_2_Task                          
20001cc0  SW_2_queue                         
0000379d  UART0_int_Handler                  
00004515  Yellow_LED_Task                    
20001ef0  __STACK_END                        
00000200  __STACK_SIZE                       
20001ef0  __STACK_TOP                        
00004950  __TI_CINIT_Base                    
00004960  __TI_CINIT_Limit                   
00004938  __TI_Handler_Table_Base            
00004944  __TI_Handler_Table_Limit           
000047f5  __TI_auto_init_nobinit_nopinit     
0000478d  __TI_decompress_lzss               
00004899  __TI_decompress_none               
ffffffff  __TI_pprof_out_hndl                
ffffffff  __TI_prof_data_size                
ffffffff  __TI_prof_data_start               
00000000  __TI_static_base__                 
000048a7  __TI_zero_init                     
00004713  __aeabi_memclr                     
00004713  __aeabi_memclr4                    
00004713  __aeabi_memclr8                    
00004677  __aeabi_memcpy                     
00004677  __aeabi_memcpy4                    
00004677  __aeabi_memcpy8                    
00004715  __aeabi_memset                     
00004715  __aeabi_memset4                    
00004715  __aeabi_memset8                    
ffffffff  __binit__                          
ffffffff  __c_args__                         
UNDEFED   __mpu_init                         
20001cf0  __stack                            
20000000  __start___llvm_prf_cnts            
20000000  __stop___llvm_prf_cnts             
00004839  _c_int00_noargs                    
UNDEFED   _system_post_cinit                 
000048bf  _system_pre_init                   
000048c3  abort                              
ffffffff  binit                              
00004389  buttons_init                       
000038eb  delay_us                           
00003163  dummy_Task                         
000031af  dummy_Task2                        
000031f9  dummy_Task3                        
0000323b  dummy_Task4                        
00003fe5  enc_init                           
00004057  encoder_Task                       
20001cc4  encoder_queue                      
20001cc8  encoder_sem                        
00002e49  enter_card                         
00003031  enter_cash                         
00000000  g_pfnVectors                       
00002be7  get_coffee_price                   
00002b89  get_runtime                        
00002b97  get_timestamp                      
20001ccc  green_led_queue                    
0000311d  init_RGB                           
00003bdd  keypad_init                        
00004902  keypad_map                         
20001cd0  keypad_queue                       
20001cd4  keypad_sem                         
00003ca7  keypad_task                        
00003b55  lcd_Task                           
00003a55  lcd_char                           
00003b11  lcd_clear                          
00003913  lcd_command                        
00003b21  lcd_getcursor                      
00003993  lcd_init                           
20001cd8  lcd_queue                          
00003b27  lcd_queueString                    
00003a15  lcd_setcursor                      
00003af3  lcd_string                         
00003261  main                               
00004677  memcpy                             
0000471b  memset                             
20001f24  options                            
0000365d  parse_price                        
00000d11  pcTaskGetName                      
00003c79  port_to_index                      
20001cdc  price_wr_mutex                     
20001f3c  prices                             
00003e0d  pvPortMalloc                       
000017c9  pvTaskIncrementMutexHeldCount      
20001ef0  pxCurrentTCB                       
00004121  pxPortInitialiseStack              
20001ce0  red_led_queue                      
20001f41  rx_tail                            
00002dad  select_payment                     
00002cc5  select_product                     
00003149  set_Color                          
00002c19  set_coffee_price                   
0000486d  strncmp                            
000038ad  timer0_init                        
0000350d  uart0_fifos_disable                
00003501  uart0_fifos_enable                 
00003557  uart0_init                         
00003529  uart0_queueString                  
00003519  uart0_tx_rdy                       
000036b5  uart_rx_Task                       
20001ce4  uart_rx_sem                        
00003635  uart_tx_Task                       
20001ce8  uart_tx_queue                      
00004910  ulMaxSyscallInterruptPriority      
000045ad  ulPortGetIPSR                      
000017e9  ulTaskGenericNotifyTake            
00001e59  ulTaskGenericNotifyValueClear      
00003099  userflow_Task                      
0000433f  uxListRemove                       
000028d5  uxQueueMessagesWaiting             
0000290b  uxQueueMessagesWaitingFromISR      
000028eb  uxQueueSpacesAvailable             
00000d01  uxTaskGetNumberOfTasks             
00000621  uxTaskPriorityGet                  
0000064d  uxTaskPriorityGetFromISR           
000017a1  uxTaskResetEventItemValue          
00004914  uxTopUsedPriority                  
0000425d  vListInitialise                    
0000428d  vListInitialiseItem                
000042d9  vListInsert                        
0000429d  vListInsertEnd                     
00004669  vPortEnableVFP                     
000041c1  vPortEndScheduler                  
000041c3  vPortEnterCritical                 
000041e3  vPortExitCritical                  
00003f25  vPortFree                          
00003f89  vPortInitialiseBlocks              
00004625  vPortSVCHandler                    
0000421f  vPortSetupTimerInterrupt           
00004645  vPortStartFirstTask                
00002921  vQueueDelete                       
000005eb  vTaskDelay                         
000004a3  vTaskDelete                        
00000b17  vTaskEndScheduler                  
00001cb1  vTaskGenericNotifyGiveFromISR      
000012bd  vTaskInternalSetTimeOutState       
00001361  vTaskMissedYield                   
00000f9b  vTaskPlaceOnEventList              
00000fbd  vTaskPlaceOnUnorderedEventList     
000016a1  vTaskPriorityDisinheritAfterTimeout
000006a9  vTaskPrioritySet                   
00001195  vTaskRemoveFromUnorderedEventList  
0000092b  vTaskResume                        
0000129f  vTaskSetTimeOutState               
00000acd  vTaskStartScheduler                
00000801  vTaskSuspend                       
00000b33  vTaskSuspendAll                    
00000f39  vTaskSwitchContext                 
00002c4b  write_price                        
00003f83  xPortGetFreeHeapSize               
000045c5  xPortPendSVHandler                 
0000418b  xPortStartScheduler                
000041f9  xPortSysTickHandler                
0000213f  xQueueCreateMutex                  
0000206f  xQueueGenericCreate                
00001f9d  xQueueGenericReset                 
000021eb  xQueueGenericSend                  
00002319  xQueueGenericSendFromISR           
000023bb  xQueueGiveFromISR                  
0000216b  xQueueGiveMutexRecursive           
00002b1b  xQueueIsQueueEmptyFromISR          
00002b61  xQueueIsQueueFullFromISR           
000026c7  xQueuePeek                         
00002883  xQueuePeekFromISR                  
0000244f  xQueueReceive                      
000027e9  xQueueReceiveFromISR               
0000256d  xQueueSemaphoreTake                
000021a7  xQueueTakeMutexRecursive           
00000d31  xTaskCatchUpTicks                  
000012dd  xTaskCheckForTimeOut               
0000026d  xTaskCreate                        
0000055b  xTaskDelayUntil                    
00001951  xTaskGenericNotify                 
00001ad9  xTaskGenericNotifyFromISR          
00001e09  xTaskGenericNotifyStateClear       
0000188f  xTaskGenericNotifyWait             
00001465  xTaskGetCurrentTaskHandle          
00000cd5  xTaskGetTickCount                  
00000ce9  xTaskGetTickCountFromISR           
00000d6d  xTaskIncrementTick                 
000015a9  xTaskPriorityDisinherit            
00001489  xTaskPriorityInherit               
00001035  xTaskRemoveFromEventList           
00000b49  xTaskResumeAll                     
000009f5  xTaskResumeFromISR                 
20001cec  yellow_led_queue                   


GLOBAL SYMBOLS: SORTED BY Symbol Address 

address   name                               
-------   ----                               
00000000  __TI_static_base__                 
00000000  g_pfnVectors                       
00000200  __STACK_SIZE                       
0000026d  xTaskCreate                        
000004a3  vTaskDelete                        
0000055b  xTaskDelayUntil                    
000005eb  vTaskDelay                         
00000621  uxTaskPriorityGet                  
0000064d  uxTaskPriorityGetFromISR           
000006a9  vTaskPrioritySet                   
00000801  vTaskSuspend                       
0000092b  vTaskResume                        
000009f5  xTaskResumeFromISR                 
00000acd  vTaskStartScheduler                
00000b17  vTaskEndScheduler                  
00000b33  vTaskSuspendAll                    
00000b49  xTaskResumeAll                     
00000cd5  xTaskGetTickCount                  
00000ce9  xTaskGetTickCountFromISR           
00000d01  uxTaskGetNumberOfTasks             
00000d11  pcTaskGetName                      
00000d31  xTaskCatchUpTicks                  
00000d6d  xTaskIncrementTick                 
00000f39  vTaskSwitchContext                 
00000f9b  vTaskPlaceOnEventList              
00000fbd  vTaskPlaceOnUnorderedEventList     
00001035  xTaskRemoveFromEventList           
00001195  vTaskRemoveFromUnorderedEventList  
0000129f  vTaskSetTimeOutState               
000012bd  vTaskInternalSetTimeOutState       
000012dd  xTaskCheckForTimeOut               
00001361  vTaskMissedYield                   
00001465  xTaskGetCurrentTaskHandle          
00001489  xTaskPriorityInherit               
000015a9  xTaskPriorityDisinherit            
000016a1  vTaskPriorityDisinheritAfterTimeout
000017a1  uxTaskResetEventItemValue          
000017c9  pvTaskIncrementMutexHeldCount      
000017e9  ulTaskGenericNotifyTake            
0000188f  xTaskGenericNotifyWait             
00001951  xTaskGenericNotify                 
00001ad9  xTaskGenericNotifyFromISR          
00001cb1  vTaskGenericNotifyGiveFromISR      
00001e09  xTaskGenericNotifyStateClear       
00001e59  ulTaskGenericNotifyValueClear      
00001f9d  xQueueGenericReset                 
0000206f  xQueueGenericCreate                
0000213f  xQueueCreateMutex                  
0000216b  xQueueGiveMutexRecursive           
000021a7  xQueueTakeMutexRecursive           
000021eb  xQueueGenericSend                  
00002319  xQueueGenericSendFromISR           
000023bb  xQueueGiveFromISR                  
0000244f  xQueueReceive                      
0000256d  xQueueSemaphoreTake                
000026c7  xQueuePeek                         
000027e9  xQueueReceiveFromISR               
00002883  xQueuePeekFromISR                  
000028d5  uxQueueMessagesWaiting             
000028eb  uxQueueSpacesAvailable             
0000290b  uxQueueMessagesWaitingFromISR      
00002921  vQueueDelete                       
00002b1b  xQueueIsQueueEmptyFromISR          
00002b61  xQueueIsQueueFullFromISR           
00002b89  get_runtime                        
00002b97  get_timestamp                      
00002be7  get_coffee_price                   
00002c19  set_coffee_price                   
00002c4b  write_price                        
00002cc5  select_product                     
00002dad  select_payment                     
00002e49  enter_card                         
00003031  enter_cash                         
00003099  userflow_Task                      
0000311d  init_RGB                           
00003149  set_Color                          
00003163  dummy_Task                         
000031af  dummy_Task2                        
000031f9  dummy_Task3                        
0000323b  dummy_Task4                        
00003261  main                               
00003501  uart0_fifos_enable                 
0000350d  uart0_fifos_disable                
00003519  uart0_tx_rdy                       
00003529  uart0_queueString                  
00003557  uart0_init                         
00003635  uart_tx_Task                       
0000365d  parse_price                        
000036b5  uart_rx_Task                       
0000379d  UART0_int_Handler                  
000038ad  timer0_init                        
000038eb  delay_us                           
00003913  lcd_command                        
00003993  lcd_init                           
00003a15  lcd_setcursor                      
00003a55  lcd_char                           
00003af3  lcd_string                         
00003b11  lcd_clear                          
00003b21  lcd_getcursor                      
00003b27  lcd_queueString                    
00003b55  lcd_Task                           
00003bdd  keypad_init                        
00003c79  port_to_index                      
00003ca7  keypad_task                        
00003d97  GPIOE_int_Handler                  
00003e0d  pvPortMalloc                       
00003f25  vPortFree                          
00003f83  xPortGetFreeHeapSize               
00003f89  vPortInitialiseBlocks              
00003fe5  enc_init                           
00004057  encoder_Task                       
000040bb  GPIOA_int_handler                  
00004121  pxPortInitialiseStack              
0000418b  xPortStartScheduler                
000041c1  vPortEndScheduler                  
000041c3  vPortEnterCritical                 
000041e3  vPortExitCritical                  
000041f9  xPortSysTickHandler                
0000421f  vPortSetupTimerInterrupt           
0000425d  vListInitialise                    
0000428d  vListInitialiseItem                
0000429d  vListInsertEnd                     
000042d9  vListInsert                        
0000433f  uxListRemove                       
00004389  buttons_init                       
000043cb  SW_1_Task                          
00004425  SW_2_Task                          
000044a9  Led_init                           
000044df  Green_LED_Task                     
00004515  Yellow_LED_Task                    
0000454b  Red_LED_Task                       
000045ad  ulPortGetIPSR                      
000045c5  xPortPendSVHandler                 
00004625  vPortSVCHandler                    
00004645  vPortStartFirstTask                
00004669  vPortEnableVFP                     
00004677  __aeabi_memcpy                     
00004677  __aeabi_memcpy4                    
00004677  __aeabi_memcpy8                    
00004677  memcpy                             
00004713  __aeabi_memclr                     
00004713  __aeabi_memclr4                    
00004713  __aeabi_memclr8                    
00004715  __aeabi_memset                     
00004715  __aeabi_memset4                    
00004715  __aeabi_memset8                    
0000471b  memset                             
0000478d  __TI_decompress_lzss               
000047f5  __TI_auto_init_nobinit_nopinit     
00004839  _c_int00_noargs                    
0000486d  strncmp                            
00004899  __TI_decompress_none               
000048a7  __TI_zero_init                     
000048b3  ResetISR                           
000048bf  _system_pre_init                   
000048c3  C$$EXIT                            
000048c3  abort                              
00004902  keypad_map                         
00004910  ulMaxSyscallInterruptPriority      
00004914  uxTopUsedPriority                  
00004938  __TI_Handler_Table_Base            
00004944  __TI_Handler_Table_Limit           
00004950  __TI_CINIT_Base                    
00004960  __TI_CINIT_Limit                   
20000000  __start___llvm_prf_cnts            
20000000  __stop___llvm_prf_cnts             
20001cbc  SW_1_queue                         
20001cc0  SW_2_queue                         
20001cc4  encoder_queue                      
20001cc8  encoder_sem                        
20001ccc  green_led_queue                    
20001cd0  keypad_queue                       
20001cd4  keypad_sem                         
20001cd8  lcd_queue                          
20001cdc  price_wr_mutex                     
20001ce0  red_led_queue                      
20001ce4  uart_rx_sem                        
20001ce8  uart_tx_queue                      
20001cec  yellow_led_queue                   
20001cf0  __stack                            
20001ef0  __STACK_END                        
20001ef0  __STACK_TOP                        
20001ef0  pxCurrentTCB                       
20001f24  options                            
20001f3c  prices                             
20001f41  rx_tail                            
ffffffff  __TI_pprof_out_hndl                
ffffffff  __TI_prof_data_size                
ffffffff  __TI_prof_data_start               
ffffffff  __binit__                          
ffffffff  __c_args__                         
ffffffff  binit                              
UNDEFED   __mpu_init                         
UNDEFED   _system_post_cinit                 

[194 symbols]
