******************************************************************************
                  TI ARM Linker PC v20.2.7                     
******************************************************************************
>> Linked Thu May  7 13:23:07 2026

OUTPUT FILE NAME:   <Final assigment.out>
ENTRY POINT SYMBOL: "_c_int00_noargs"  address: 000048c9


MEMORY CONFIGURATION

         name            origin    length      used     unused   attr    fill
----------------------  --------  ---------  --------  --------  ----  --------
  FLASH                 00000000   00040000  000049ee  0003b612  R  X
  SRAM                  20000000   00008000  00001f42  000060be  RW X


SEGMENT ALLOCATION MAP

run origin  load origin   length   init length attrs members
----------  ----------- ---------- ----------- ----- -------
00000000    00000000    000049f0   000049f0    r-x
  00000000    00000000    0000026c   0000026c    r-- .intvecs
  0000026c    0000026c    000046ea   000046ea    r-x .text
  00004958    00004958    00000050   00000050    r-- .const
  000049a8    000049a8    00000048   00000048    r-- .cinit
20000000    20000000    00001f42   00000000    rw-
  20000000    20000000    00001cf0   00000000    rw- .bss
  20001cf0    20001cf0    00000200   00000000    rw- .stack
  20001ef0    20001ef0    00000052   00000000    rw- .data


SECTION ALLOCATION MAP

 output                                  attributes/
section   page    origin      length       input sections
--------  ----  ----------  ----------   ----------------
.intvecs   0    00000000    0000026c     
                  00000000    0000026c     startup_frt.obj (.intvecs)

.text      0    0000026c    000046ea     
                  0000026c    00001d30     tasks.obj (.text)
                  00001f9c    00000bea     queue.obj (.text)
                  00002b86    00000002     --HOLE-- [fill = 0]
                  00002b88    00000624     coffee_control.obj (.text)
                  000031ac    000003e4     main.obj (.text)
                  00003590    000003ac     uart_frt.obj (.text)
                  0000393c    00000330     LCD_frt.obj (.text)
                  00003c6c    00000230     keypad_frt.obj (.text)
                  00003e9c    000001d8     heap_2.obj (.text)
                  00004074    0000013c     encoder_frt.obj (.text)
                  000041b0    0000013c     port.obj (.text)
                  000042ec    0000012a     list.obj (.text)
                  00004416    00000002     --HOLE-- [fill = 0]
                  00004418    00000120     buttons.obj (.text)
                  00004538    000000f4     led.obj (.text)
                  0000462c    000000da     portasm.obj (.text)
                  00004706    0000009c     rtsv7M4_T_le_v4SPD16_eabi.lib : memcpy_t2.asm.obj (.text)
                  000047a2    0000007a                                   : memset_t2.asm.obj (.text)
                  0000481c    00000068                                   : copy_decompress_lzss.c.obj (.text:decompress:lzss:__TI_decompress_lzss)
                  00004884    00000044                                   : autoinit.c.obj (.text:__TI_auto_init_nobinit_nopinit:__TI_auto_init_nobinit_nopinit)
                  000048c8    00000034                                   : boot_cortex_m.c.obj (.text:_c_int00_noargs:_c_int00_noargs)
                  000048fc    0000002c                                   : strncmp.c.obj (.text:strncmp)
                  00004928    0000000e                                   : copy_decompress_none.c.obj (.text:decompress:none:__TI_decompress_none)
                  00004936    0000000c                                   : copy_zero_init.c.obj (.text:decompress:ZI:__TI_zero_init)
                  00004942    0000000c     startup_frt.obj (.text)
                  0000494e    00000004     rtsv7M4_T_le_v4SPD16_eabi.lib : pre_init.c.obj (.text:_system_pre_init)
                  00004952    00000004                                   : exit.c.obj (.text:abort:abort)

.const     0    00004958    00000050     
                  00004958    0000003a     coffee_control.obj (.const:.string)
                  00004992    0000000c     keypad_frt.obj (.const:keypad_map)
                  0000499e    00000002     --HOLE-- [fill = 0]
                  000049a0    00000004     port.obj (.const)
                  000049a4    00000004     tasks.obj (.const)

.cinit     0    000049a8    00000048     
                  000049a8    00000020     (.cinit..data.load) [load image, compression = lzss]
                  000049c8    0000000c     (__TI_handler_table)
                  000049d4    00000004     --HOLE-- [fill = 0]
                  000049d8    00000008     (.cinit..bss.load) [load image, compression = zero_init]
                  000049e0    00000010     (__TI_cinit_table)

.init_array 
*          0    00000000    00000000     UNINITIALIZED

.bss       0    20000000    00001cf0     UNINITIALIZED
                  20000000    00001b58     heap_2.obj (.bss:ucHeap)
                  20001b58    000000c8     tasks.obj (.bss:pxReadyTasksLists)
                  20001c20    00000020     uart_frt.obj (.bss:rx_buffer)
                  20001c40    00000014     tasks.obj (.bss:xDelayedTaskList1)
                  20001c54    00000014     tasks.obj (.bss:xDelayedTaskList2)
                  20001c68    00000014     tasks.obj (.bss:xPendingReadyList)
                  20001c7c    00000014     tasks.obj (.bss:xSuspendedTaskList)
                  20001c90    00000014     tasks.obj (.bss:xTasksWaitingTermination)
                  20001ca4    00000008     tasks.obj (.bss)
                  20001cac    00000008     heap_2.obj (.bss:xEnd)
                  20001cb4    00000008     heap_2.obj (.bss:xStart)
                  20001cbc    00000004     (.common:SW_1_queue)
                  20001cc0    00000004     (.common:SW_2_queue)
                  20001cc4    00000004     (.common:encoder_queue)
                  20001cc8    00000004     (.common:encoder_sem)
                  20001ccc    00000004     (.common:green_led_queue)
                  20001cd0    00000004     (.common:keypad_queue)
                  20001cd4    00000004     (.common:keypad_sem)
                  20001cd8    00000004     (.common:lcd_queue)
                  20001cdc    00000004     (.common:price_wr_mutex)
                  20001ce0    00000004     (.common:red_led_queue)
                  20001ce4    00000004     (.common:uart_rx_sem)
                  20001ce8    00000004     (.common:uart_tx_queue)
                  20001cec    00000004     (.common:yellow_led_queue)

.data      0    20001ef0    00000052     UNINITIALIZED
                  20001ef0    00000034     tasks.obj (.data)
                  20001f24    0000000c     coffee_control.obj (.data:options)
                  20001f30    00000008     heap_2.obj (.data)
                  20001f38    00000004     port.obj (.data)
                  20001f3c    00000003     coffee_control.obj (.data:prices)
                  20001f3f    00000001     LCD_frt.obj (.data)
                  20001f40    00000001     keypad_frt.obj (.data)
                  20001f41    00000001     uart_frt.obj (.data)

.stack     0    20001cf0    00000200     UNINITIALIZED
                  20001cf0    00000004     rtsv7M4_T_le_v4SPD16_eabi.lib : boot_cortex_m.c.obj (.stack)
                  20001cf4    000001fc     --HOLE--

__llvm_prf_cnts 
*          0    20000000    00000000     UNINITIALIZED

MODULE SUMMARY

       Module                       code    ro data   rw data
       ------                       ----    -------   -------
    .\
       tasks.obj                    7472    4         360    
       heap_2.obj                   472     0         7024   
       queue.obj                    3050    0         0      
       coffee_control.obj           1572    58        35     
       main.obj                     996     0         0      
       uart_frt.obj                 940     0         33     
       LCD_frt.obj                  816     0         5      
       startup_frt.obj              12      620       0      
       keypad_frt.obj               560     12        1      
       encoder_frt.obj              316     0         8      
       port.obj                     316     4         4      
       list.obj                     298     0         0      
       buttons.obj                  288     0         8      
       led.obj                      244     0         12     
       portasm.obj                  218     0         0      
    +--+----------------------------+-------+---------+---------+
       Total:                       17570   698       7490   
                                                             
    X:\APPLICATIONS\CodeComposer\ccs\tools\compiler\ti-cgt-arm_20.2.7.LTS\lib\rtsv7M4_T_le_v4SPD16_eabi.lib
       memcpy_t2.asm.obj            156     0         0      
       memset_t2.asm.obj            122     0         0      
       copy_decompress_lzss.c.obj   104     0         0      
       autoinit.c.obj               68      0         0      
       boot_cortex_m.c.obj          52      0         0      
       strncmp.c.obj                44      0         0      
       copy_decompress_none.c.obj   14      0         0      
       copy_zero_init.c.obj         12      0         0      
       exit.c.obj                   4       0         0      
       pre_init.c.obj               4       0         0      
    +--+----------------------------+-------+---------+---------+
       Total:                       580     0         0      
                                                             
       Stack:                       0       0         512    
       Linker Generated:            0       68        0      
    +--+----------------------------+-------+---------+---------+
       Grand Total:                 18150   766       8002   


LINKER GENERATED COPY TABLES

__TI_cinit_table @ 000049e0 records: 2, size/record: 8, table size: 16
	.data: load addr=000049a8, load size=00000020 bytes, run addr=20001ef0, run size=00000052 bytes, compression=lzss
	.bss: load addr=000049d8, load size=00000008 bytes, run addr=20000000, run size=00001cf0 bytes, compression=zero_init


LINKER GENERATED HANDLER TABLE

__TI_handler_table @ 000049c8 records: 3, size/record: 4, table size: 12
	index: 0, handler: __TI_decompress_lzss
	index: 1, handler: __TI_decompress_none
	index: 2, handler: __TI_zero_init


GLOBAL SYMBOLS: SORTED ALPHABETICALLY BY Name 

address   name                               
-------   ----                               
00004953  C$$EXIT                            
0000414b  GPIOA_int_handler                  
00003e27  GPIOE_int_Handler                  
0000456f  Green_LED_Task                     
00004539  Led_init                           
000045db  Red_LED_Task                       
00004943  ResetISR                           
0000445b  SW_1_Task                          
20001cbc  SW_1_queue                         
000044b5  SW_2_Task                          
20001cc0  SW_2_queue                         
0000382d  UART0_int_Handler                  
000045a5  Yellow_LED_Task                    
20001ef0  __STACK_END                        
00000200  __STACK_SIZE                       
20001ef0  __STACK_TOP                        
000049e0  __TI_CINIT_Base                    
000049f0  __TI_CINIT_Limit                   
000049c8  __TI_Handler_Table_Base            
000049d4  __TI_Handler_Table_Limit           
00004885  __TI_auto_init_nobinit_nopinit     
0000481d  __TI_decompress_lzss               
00004929  __TI_decompress_none               
ffffffff  __TI_pprof_out_hndl                
ffffffff  __TI_prof_data_size                
ffffffff  __TI_prof_data_start               
00000000  __TI_static_base__                 
00004937  __TI_zero_init                     
000047a3  __aeabi_memclr                     
000047a3  __aeabi_memclr4                    
000047a3  __aeabi_memclr8                    
00004707  __aeabi_memcpy                     
00004707  __aeabi_memcpy4                    
00004707  __aeabi_memcpy8                    
000047a5  __aeabi_memset                     
000047a5  __aeabi_memset4                    
000047a5  __aeabi_memset8                    
ffffffff  __binit__                          
ffffffff  __c_args__                         
UNDEFED   __mpu_init                         
20001cf0  __stack                            
20000000  __start___llvm_prf_cnts            
20000000  __stop___llvm_prf_cnts             
000048c9  _c_int00_noargs                    
UNDEFED   _system_post_cinit                 
0000494f  _system_pre_init                   
00004953  abort                              
ffffffff  binit                              
00004419  buttons_init                       
0000397b  delay_us                           
000031f3  dummy_Task                         
0000323f  dummy_Task2                        
00003289  dummy_Task3                        
000032cb  dummy_Task4                        
00004075  enc_init                           
000040e7  encoder_Task                       
20001cc4  encoder_queue                      
20001cc8  encoder_sem                        
00002e49  enter_card                         
00003031  enter_cash                         
00000000  g_pfnVectors                       
00002be7  get_coffee_price                   
00002b89  get_runtime                        
00002b97  get_timestamp                      
20001ccc  green_led_queue                    
000031ad  init_RGB                           
00003c6d  keypad_init                        
00004992  keypad_map                         
20001cd0  keypad_queue                       
20001cd4  keypad_sem                         
00003d37  keypad_task                        
00003be5  lcd_Task                           
00003ae5  lcd_char                           
00003ba1  lcd_clear                          
000039a3  lcd_command                        
00003bb1  lcd_getcursor                      
00003a23  lcd_init                           
20001cd8  lcd_queue                          
00003bb7  lcd_queueString                    
00003aa5  lcd_setcursor                      
00003b83  lcd_string                         
000032f1  main                               
00004707  memcpy                             
000047ab  memset                             
20001f24  options                            
000036ed  parse_price                        
00000d11  pcTaskGetName                      
00003d09  port_to_index                      
20001cdc  price_wr_mutex                     
20001f3c  prices                             
00003e9d  pvPortMalloc                       
000017c9  pvTaskIncrementMutexHeldCount      
20001ef0  pxCurrentTCB                       
000041b1  pxPortInitialiseStack              
20001ce0  red_led_queue                      
20001f41  rx_tail                            
00002dad  select_payment                     
00002cc5  select_product                     
000031d9  set_Color                          
00002c19  set_coffee_price                   
000048fd  strncmp                            
0000393d  timer0_init                        
0000359d  uart0_fifos_disable                
00003591  uart0_fifos_enable                 
000035e7  uart0_init                         
000035b9  uart0_queueString                  
000035a9  uart0_tx_rdy                       
00003745  uart_rx_Task                       
20001ce4  uart_rx_sem                        
000036c5  uart_tx_Task                       
20001ce8  uart_tx_queue                      
000049a0  ulMaxSyscallInterruptPriority      
0000463d  ulPortGetIPSR                      
000017e9  ulTaskGenericNotifyTake            
00001e59  ulTaskGenericNotifyValueClear      
00003125  userflow_Task                      
000043cf  uxListRemove                       
000028d5  uxQueueMessagesWaiting             
0000290b  uxQueueMessagesWaitingFromISR      
000028eb  uxQueueSpacesAvailable             
00000d01  uxTaskGetNumberOfTasks             
00000621  uxTaskPriorityGet                  
0000064d  uxTaskPriorityGetFromISR           
000017a1  uxTaskResetEventItemValue          
000049a4  uxTopUsedPriority                  
000042ed  vListInitialise                    
0000431d  vListInitialiseItem                
00004369  vListInsert                        
0000432d  vListInsertEnd                     
000046f9  vPortEnableVFP                     
00004251  vPortEndScheduler                  
00004253  vPortEnterCritical                 
00004273  vPortExitCritical                  
00003fb5  vPortFree                          
00004019  vPortInitialiseBlocks              
000046b5  vPortSVCHandler                    
000042af  vPortSetupTimerInterrupt           
000046d5  vPortStartFirstTask                
00002921  vQueueDelete                       
000005eb  vTaskDelay                         
000004a3  vTaskDelete                        
00000b17  vTaskEndScheduler                  
00001cb1  vTaskGenericNotifyGiveFromISR      
000012bd  vTaskInternalSetTimeOutState       
00001361  vTaskMissedYield                   
00000f9b  vTaskPlaceOnEventList              
00000fbd  vTaskPlaceOnUnorderedEventList     
000016a1  vTaskPriorityDisinheritAfterTimeout
000006a9  vTaskPrioritySet                   
00001195  vTaskRemoveFromUnorderedEventList  
0000092b  vTaskResume                        
0000129f  vTaskSetTimeOutState               
00000acd  vTaskStartScheduler                
00000801  vTaskSuspend                       
00000b33  vTaskSuspendAll                    
00000f39  vTaskSwitchContext                 
000030a1  wait_for_cup                       
00002c4b  write_price                        
00004013  xPortGetFreeHeapSize               
00004655  xPortPendSVHandler                 
0000421b  xPortStartScheduler                
00004289  xPortSysTickHandler                
0000213f  xQueueCreateMutex                  
0000206f  xQueueGenericCreate                
00001f9d  xQueueGenericReset                 
000021eb  xQueueGenericSend                  
00002319  xQueueGenericSendFromISR           
000023bb  xQueueGiveFromISR                  
0000216b  xQueueGiveMutexRecursive           
00002b1b  xQueueIsQueueEmptyFromISR          
00002b61  xQueueIsQueueFullFromISR           
000026c7  xQueuePeek                         
00002883  xQueuePeekFromISR                  
0000244f  xQueueReceive                      
000027e9  xQueueReceiveFromISR               
0000256d  xQueueSemaphoreTake                
000021a7  xQueueTakeMutexRecursive           
00000d31  xTaskCatchUpTicks                  
000012dd  xTaskCheckForTimeOut               
0000026d  xTaskCreate                        
0000055b  xTaskDelayUntil                    
00001951  xTaskGenericNotify                 
00001ad9  xTaskGenericNotifyFromISR          
00001e09  xTaskGenericNotifyStateClear       
0000188f  xTaskGenericNotifyWait             
00001465  xTaskGetCurrentTaskHandle          
00000cd5  xTaskGetTickCount                  
00000ce9  xTaskGetTickCountFromISR           
00000d6d  xTaskIncrementTick                 
000015a9  xTaskPriorityDisinherit            
00001489  xTaskPriorityInherit               
00001035  xTaskRemoveFromEventList           
00000b49  xTaskResumeAll                     
000009f5  xTaskResumeFromISR                 
20001cec  yellow_led_queue                   


GLOBAL SYMBOLS: SORTED BY Symbol Address 

address   name                               
-------   ----                               
00000000  __TI_static_base__                 
00000000  g_pfnVectors                       
00000200  __STACK_SIZE                       
0000026d  xTaskCreate                        
000004a3  vTaskDelete                        
0000055b  xTaskDelayUntil                    
000005eb  vTaskDelay                         
00000621  uxTaskPriorityGet                  
0000064d  uxTaskPriorityGetFromISR           
000006a9  vTaskPrioritySet                   
00000801  vTaskSuspend                       
0000092b  vTaskResume                        
000009f5  xTaskResumeFromISR                 
00000acd  vTaskStartScheduler                
00000b17  vTaskEndScheduler                  
00000b33  vTaskSuspendAll                    
00000b49  xTaskResumeAll                     
00000cd5  xTaskGetTickCount                  
00000ce9  xTaskGetTickCountFromISR           
00000d01  uxTaskGetNumberOfTasks             
00000d11  pcTaskGetName                      
00000d31  xTaskCatchUpTicks                  
00000d6d  xTaskIncrementTick                 
00000f39  vTaskSwitchContext                 
00000f9b  vTaskPlaceOnEventList              
00000fbd  vTaskPlaceOnUnorderedEventList     
00001035  xTaskRemoveFromEventList           
00001195  vTaskRemoveFromUnorderedEventList  
0000129f  vTaskSetTimeOutState               
000012bd  vTaskInternalSetTimeOutState       
000012dd  xTaskCheckForTimeOut               
00001361  vTaskMissedYield                   
00001465  xTaskGetCurrentTaskHandle          
00001489  xTaskPriorityInherit               
000015a9  xTaskPriorityDisinherit            
000016a1  vTaskPriorityDisinheritAfterTimeout
000017a1  uxTaskResetEventItemValue          
000017c9  pvTaskIncrementMutexHeldCount      
000017e9  ulTaskGenericNotifyTake            
0000188f  xTaskGenericNotifyWait             
00001951  xTaskGenericNotify                 
00001ad9  xTaskGenericNotifyFromISR          
00001cb1  vTaskGenericNotifyGiveFromISR      
00001e09  xTaskGenericNotifyStateClear       
00001e59  ulTaskGenericNotifyValueClear      
00001f9d  xQueueGenericReset                 
0000206f  xQueueGenericCreate                
0000213f  xQueueCreateMutex                  
0000216b  xQueueGiveMutexRecursive           
000021a7  xQueueTakeMutexRecursive           
000021eb  xQueueGenericSend                  
00002319  xQueueGenericSendFromISR           
000023bb  xQueueGiveFromISR                  
0000244f  xQueueReceive                      
0000256d  xQueueSemaphoreTake                
000026c7  xQueuePeek                         
000027e9  xQueueReceiveFromISR               
00002883  xQueuePeekFromISR                  
000028d5  uxQueueMessagesWaiting             
000028eb  uxQueueSpacesAvailable             
0000290b  uxQueueMessagesWaitingFromISR      
00002921  vQueueDelete                       
00002b1b  xQueueIsQueueEmptyFromISR          
00002b61  xQueueIsQueueFullFromISR           
00002b89  get_runtime                        
00002b97  get_timestamp                      
00002be7  get_coffee_price                   
00002c19  set_coffee_price                   
00002c4b  write_price                        
00002cc5  select_product                     
00002dad  select_payment                     
00002e49  enter_card                         
00003031  enter_cash                         
000030a1  wait_for_cup                       
00003125  userflow_Task                      
000031ad  init_RGB                           
000031d9  set_Color                          
000031f3  dummy_Task                         
0000323f  dummy_Task2                        
00003289  dummy_Task3                        
000032cb  dummy_Task4                        
000032f1  main                               
00003591  uart0_fifos_enable                 
0000359d  uart0_fifos_disable                
000035a9  uart0_tx_rdy                       
000035b9  uart0_queueString                  
000035e7  uart0_init                         
000036c5  uart_tx_Task                       
000036ed  parse_price                        
00003745  uart_rx_Task                       
0000382d  UART0_int_Handler                  
0000393d  timer0_init                        
0000397b  delay_us                           
000039a3  lcd_command                        
00003a23  lcd_init                           
00003aa5  lcd_setcursor                      
00003ae5  lcd_char                           
00003b83  lcd_string                         
00003ba1  lcd_clear                          
00003bb1  lcd_getcursor                      
00003bb7  lcd_queueString                    
00003be5  lcd_Task                           
00003c6d  keypad_init                        
00003d09  port_to_index                      
00003d37  keypad_task                        
00003e27  GPIOE_int_Handler                  
00003e9d  pvPortMalloc                       
00003fb5  vPortFree                          
00004013  xPortGetFreeHeapSize               
00004019  vPortInitialiseBlocks              
00004075  enc_init                           
000040e7  encoder_Task                       
0000414b  GPIOA_int_handler                  
000041b1  pxPortInitialiseStack              
0000421b  xPortStartScheduler                
00004251  vPortEndScheduler                  
00004253  vPortEnterCritical                 
00004273  vPortExitCritical                  
00004289  xPortSysTickHandler                
000042af  vPortSetupTimerInterrupt           
000042ed  vListInitialise                    
0000431d  vListInitialiseItem                
0000432d  vListInsertEnd                     
00004369  vListInsert                        
000043cf  uxListRemove                       
00004419  buttons_init                       
0000445b  SW_1_Task                          
000044b5  SW_2_Task                          
00004539  Led_init                           
0000456f  Green_LED_Task                     
000045a5  Yellow_LED_Task                    
000045db  Red_LED_Task                       
0000463d  ulPortGetIPSR                      
00004655  xPortPendSVHandler                 
000046b5  vPortSVCHandler                    
000046d5  vPortStartFirstTask                
000046f9  vPortEnableVFP                     
00004707  __aeabi_memcpy                     
00004707  __aeabi_memcpy4                    
00004707  __aeabi_memcpy8                    
00004707  memcpy                             
000047a3  __aeabi_memclr                     
000047a3  __aeabi_memclr4                    
000047a3  __aeabi_memclr8                    
000047a5  __aeabi_memset                     
000047a5  __aeabi_memset4                    
000047a5  __aeabi_memset8                    
000047ab  memset                             
0000481d  __TI_decompress_lzss               
00004885  __TI_auto_init_nobinit_nopinit     
000048c9  _c_int00_noargs                    
000048fd  strncmp                            
00004929  __TI_decompress_none               
00004937  __TI_zero_init                     
00004943  ResetISR                           
0000494f  _system_pre_init                   
00004953  C$$EXIT                            
00004953  abort                              
00004992  keypad_map                         
000049a0  ulMaxSyscallInterruptPriority      
000049a4  uxTopUsedPriority                  
000049c8  __TI_Handler_Table_Base            
000049d4  __TI_Handler_Table_Limit           
000049e0  __TI_CINIT_Base                    
000049f0  __TI_CINIT_Limit                   
20000000  __start___llvm_prf_cnts            
20000000  __stop___llvm_prf_cnts             
20001cbc  SW_1_queue                         
20001cc0  SW_2_queue                         
20001cc4  encoder_queue                      
20001cc8  encoder_sem                        
20001ccc  green_led_queue                    
20001cd0  keypad_queue                       
20001cd4  keypad_sem                         
20001cd8  lcd_queue                          
20001cdc  price_wr_mutex                     
20001ce0  red_led_queue                      
20001ce4  uart_rx_sem                        
20001ce8  uart_tx_queue                      
20001cec  yellow_led_queue                   
20001cf0  __stack                            
20001ef0  __STACK_END                        
20001ef0  __STACK_TOP                        
20001ef0  pxCurrentTCB                       
20001f24  options                            
20001f3c  prices                             
20001f41  rx_tail                            
ffffffff  __TI_pprof_out_hndl                
ffffffff  __TI_prof_data_size                
ffffffff  __TI_prof_data_start               
ffffffff  __binit__                          
ffffffff  __c_args__                         
ffffffff  binit                              
UNDEFED   __mpu_init                         
UNDEFED   _system_post_cinit                 

[195 symbols]
