******************************************************************************
                  TI ARM Linker PC v20.2.7                     
******************************************************************************
>> Linked Thu May  7 09:53:15 2026

OUTPUT FILE NAME:   <Final assigment.out>
ENTRY POINT SYMBOL: "_c_int00_noargs"  address: 000042e5


MEMORY CONFIGURATION

         name            origin    length      used     unused   attr    fill
----------------------  --------  ---------  --------  --------  ----  --------
  FLASH                 00000000   00040000  0000441d  0003bbe3  R  X
  SRAM                  20000000   00008000  00001f3b  000060c5  RW X


SEGMENT ALLOCATION MAP

run origin  load origin   length   init length attrs members
----------  ----------- ---------- ----------- ----- -------
00000000    00000000    00004420   00004420    r-x
  00000000    00000000    0000026c   0000026c    r-- .intvecs
  0000026c    0000026c    00004106   00004106    r-x .text
  00004374    00004374    00000063   00000063    r-- .const
  000043d8    000043d8    00000048   00000048    r-- .cinit
20000000    20000000    00001f3f   00000000    rw-
  20000000    20000000    00001ce4   00000000    rw- .bss
  20001ce8    20001ce8    00000200   00000000    rw- .stack
  20001ee8    20001ee8    00000057   00000000    rw- .data


SECTION ALLOCATION MAP

 output                                  attributes/
section   page    origin      length       input sections
--------  ----  ----------  ----------   ----------------
.intvecs   0    00000000    0000026c     
                  00000000    0000026c     startup_frt.obj (.intvecs)

.text      0    0000026c    00004106     
                  0000026c    00001d30     tasks.obj (.text)
                  00001f9c    00000bea     queue.obj (.text)
                  00002b86    00000002     --HOLE-- [fill = 0]
                  00002b88    00000330     LCD_frt.obj (.text)
                  00002eb8    00000328     uart_frt.obj (.text)
                  000031e0    00000314     main.obj (.text)
                  000034f4    000002b4     coffee_control.obj (.text)
                  000037a8    00000230     keypad_frt.obj (.text)
                  000039d8    000001d8     heap_2.obj (.text)
                  00003bb0    0000013c     encoder_frt.obj (.text)
                  00003cec    0000013c     port.obj (.text)
                  00003e28    0000012a     list.obj (.text)
                  00003f52    00000002     --HOLE-- [fill = 0]
                  00003f54    000000f4     led.obj (.text)
                  00004048    000000da     portasm.obj (.text)
                  00004122    0000009c     rtsv7M4_T_le_v4SPD16_eabi.lib : memcpy_t2.asm.obj (.text)
                  000041be    0000007a                                   : memset_t2.asm.obj (.text)
                  00004238    00000068                                   : copy_decompress_lzss.c.obj (.text:decompress:lzss:__TI_decompress_lzss)
                  000042a0    00000044                                   : autoinit.c.obj (.text:__TI_auto_init_nobinit_nopinit:__TI_auto_init_nobinit_nopinit)
                  000042e4    00000034                                   : boot_cortex_m.c.obj (.text:_c_int00_noargs:_c_int00_noargs)
                  00004318    0000002c                                   : strncmp.c.obj (.text:strncmp)
                  00004344    0000000e                                   : copy_decompress_none.c.obj (.text:decompress:none:__TI_decompress_none)
                  00004352    0000000c                                   : copy_zero_init.c.obj (.text:decompress:ZI:__TI_zero_init)
                  0000435e    0000000c     startup_frt.obj (.text)
                  0000436a    00000004     rtsv7M4_T_le_v4SPD16_eabi.lib : pre_init.c.obj (.text:_system_pre_init)
                  0000436e    00000004                                   : exit.c.obj (.text:abort:abort)

.const     0    00004374    00000063     
                  00004374    0000004c     coffee_control.obj (.const:.string)
                  000043c0    0000000c     keypad_frt.obj (.const:keypad_map)
                  000043cc    00000004     port.obj (.const)
                  000043d0    00000004     tasks.obj (.const)
                  000043d4    00000003     coffee_control.obj (.const:.string:prices)

.cinit     0    000043d8    00000048     
                  000043d8    00000023     (.cinit..data.load) [load image, compression = lzss]
                  000043fb    00000001     --HOLE-- [fill = 0]
                  000043fc    0000000c     (__TI_handler_table)
                  00004408    00000008     (.cinit..bss.load) [load image, compression = zero_init]
                  00004410    00000010     (__TI_cinit_table)

.init_array 
*          0    00000000    00000000     UNINITIALIZED

.bss       0    20000000    00001ce4     UNINITIALIZED
                  20000000    00001b58     heap_2.obj (.bss:ucHeap)
                  20001b58    000000c8     tasks.obj (.bss:pxReadyTasksLists)
                  20001c20    00000020     uart_frt.obj (.bss:rx_buffer)
                  20001c40    00000014     tasks.obj (.bss:xDelayedTaskList1)
                  20001c54    00000014     tasks.obj (.bss:xDelayedTaskList2)
                  20001c68    00000014     tasks.obj (.bss:xPendingReadyList)
                  20001c7c    00000014     tasks.obj (.bss:xSuspendedTaskList)
                  20001c90    00000014     tasks.obj (.bss:xTasksWaitingTermination)
                  20001ca4    00000008     tasks.obj (.bss)
                  20001cac    00000008     heap_2.obj (.bss:xEnd)
                  20001cb4    00000008     heap_2.obj (.bss:xStart)
                  20001cbc    00000004     (.common:encoder_queue)
                  20001cc0    00000004     (.common:encoder_sem)
                  20001cc4    00000004     (.common:green_led_queue)
                  20001cc8    00000004     (.common:keypad_queue)
                  20001ccc    00000004     (.common:keypad_sem)
                  20001cd0    00000004     (.common:lcd_queue)
                  20001cd4    00000004     (.common:red_led_queue)
                  20001cd8    00000004     (.common:uart_rx_sem)
                  20001cdc    00000004     (.common:uart_tx_queue)
                  20001ce0    00000004     (.common:yellow_led_queue)

.data      0    20001ee8    00000057     UNINITIALIZED
                  20001ee8    00000034     tasks.obj (.data)
                  20001f1c    0000000c     coffee_control.obj (.data:options)
                  20001f28    00000008     heap_2.obj (.data)
                  20001f30    00000008     coffee_control.obj (.data:payments)
                  20001f38    00000004     port.obj (.data)
                  20001f3c    00000001     LCD_frt.obj (.data)
                  20001f3d    00000001     keypad_frt.obj (.data)
                  20001f3e    00000001     uart_frt.obj (.data)

.stack     0    20001ce8    00000200     UNINITIALIZED
                  20001ce8    00000004     rtsv7M4_T_le_v4SPD16_eabi.lib : boot_cortex_m.c.obj (.stack)
                  20001cec    000001fc     --HOLE--

__llvm_prf_cnts 
*          0    20000000    00000000     UNINITIALIZED

MODULE SUMMARY

       Module                       code    ro data   rw data
       ------                       ----    -------   -------
    .\
       tasks.obj                    7472    4         360    
       heap_2.obj                   472     0         7024   
       queue.obj                    3050    0         0      
       uart_frt.obj                 808     0         33     
       LCD_frt.obj                  816     0         5      
       coffee_control.obj           692     79        36     
       main.obj                     788     0         0      
       startup_frt.obj              12      620       0      
       keypad_frt.obj               560     12        1      
       encoder_frt.obj              316     0         8      
       port.obj                     316     4         4      
       list.obj                     298     0         0      
       led.obj                      244     0         12     
       portasm.obj                  218     0         0      
    +--+----------------------------+-------+---------+---------+
       Total:                       16062   719       7483   
                                                             
    X:\APPLICATIONS\CodeComposer\ccs\tools\compiler\ti-cgt-arm_20.2.7.LTS\lib\rtsv7M4_T_le_v4SPD16_eabi.lib
       memcpy_t2.asm.obj            156     0         0      
       memset_t2.asm.obj            122     0         0      
       copy_decompress_lzss.c.obj   104     0         0      
       autoinit.c.obj               68      0         0      
       boot_cortex_m.c.obj          52      0         0      
       strncmp.c.obj                44      0         0      
       copy_decompress_none.c.obj   14      0         0      
       copy_zero_init.c.obj         12      0         0      
       exit.c.obj                   4       0         0      
       pre_init.c.obj               4       0         0      
    +--+----------------------------+-------+---------+---------+
       Total:                       580     0         0      
                                                             
       Stack:                       0       0         512    
       Linker Generated:            0       71        0      
    +--+----------------------------+-------+---------+---------+
       Grand Total:                 16642   790       7995   


LINKER GENERATED COPY TABLES

__TI_cinit_table @ 00004410 records: 2, size/record: 8, table size: 16
	.data: load addr=000043d8, load size=00000023 bytes, run addr=20001ee8, run size=00000057 bytes, compression=lzss
	.bss: load addr=00004408, load size=00000008 bytes, run addr=20000000, run size=00001ce4 bytes, compression=zero_init


LINKER GENERATED HANDLER TABLE

__TI_handler_table @ 000043fc records: 3, size/record: 4, table size: 12
	index: 0, handler: __TI_decompress_lzss
	index: 1, handler: __TI_decompress_none
	index: 2, handler: __TI_zero_init


GLOBAL SYMBOLS: SORTED ALPHABETICALLY BY Name 

address   name                               
-------   ----                               
0000436f  C$$EXIT                            
00003c87  GPIOA_int_handler                  
00003963  GPIOE_int_Handler                  
00003f8b  Green_LED_Task                     
00003f55  Led_init                           
00003ff7  Red_LED_Task                       
0000435f  ResetISR                           
000030dd  UART0_int_Handler                  
00003fc1  Yellow_LED_Task                    
20001ee8  __STACK_END                        
00000200  __STACK_SIZE                       
20001ee8  __STACK_TOP                        
00004410  __TI_CINIT_Base                    
00004420  __TI_CINIT_Limit                   
000043fc  __TI_Handler_Table_Base            
00004408  __TI_Handler_Table_Limit           
000042a1  __TI_auto_init_nobinit_nopinit     
00004239  __TI_decompress_lzss               
00004345  __TI_decompress_none               
ffffffff  __TI_pprof_out_hndl                
ffffffff  __TI_prof_data_size                
ffffffff  __TI_prof_data_start               
00000000  __TI_static_base__                 
00004353  __TI_zero_init                     
000041bf  __aeabi_memclr                     
000041bf  __aeabi_memclr4                    
000041bf  __aeabi_memclr8                    
00004123  __aeabi_memcpy                     
00004123  __aeabi_memcpy4                    
00004123  __aeabi_memcpy8                    
000041c1  __aeabi_memset                     
000041c1  __aeabi_memset4                    
000041c1  __aeabi_memset8                    
ffffffff  __binit__                          
ffffffff  __c_args__                         
UNDEFED   __mpu_init                         
20001ce8  __stack                            
20000000  __start___llvm_prf_cnts            
20000000  __stop___llvm_prf_cnts             
000042e5  _c_int00_noargs                    
UNDEFED   _system_post_cinit                 
0000436b  _system_pre_init                   
0000436f  abort                              
ffffffff  binit                              
00002bc7  delay_us                           
00003227  dummy_Task                         
00003273  dummy_Task2                        
000032bd  dummy_Task3                        
000032ff  dummy_Task4                        
00003bb1  enc_init                           
00003c23  encoder_Task                       
20001cbc  encoder_queue                      
20001cc0  encoder_sem                        
00000000  g_pfnVectors                       
000034f5  get_runtime                        
00003503  get_timestamp                      
20001cc4  green_led_queue                    
000031e1  init_RGB                           
000037a9  keypad_init                        
000043c0  keypad_map                         
20001cc8  keypad_queue                       
20001ccc  keypad_sem                         
00003873  keypad_task                        
00002e31  lcd_Task                           
00002d31  lcd_char                           
00002ded  lcd_clear                          
00002bef  lcd_command                        
00002dfd  lcd_getcursor                      
00002c6f  lcd_init                           
20001cd0  lcd_queue                          
00002e03  lcd_queueString                    
00002cf1  lcd_setcursor                      
00002dcf  lcd_string                         
00003313  main                               
00004123  memcpy                             
000041c7  memset                             
20001f1c  options                            
20001f30  payments                           
00000d11  pcTaskGetName                      
00003845  port_to_index                      
000043d4  prices                             
000039d9  pvPortMalloc                       
000017c9  pvTaskIncrementMutexHeldCount      
20001ee8  pxCurrentTCB                       
00003ced  pxPortInitialiseStack              
20001cd4  red_led_queue                      
20001f3e  rx_tail                            
000036b3  select_payment                     
000035cd  select_product                     
0000320d  set_Color                          
00004319  strncmp                            
00002b89  timer0_init                        
00002ec5  uart0_fifos_disable                
00002eb9  uart0_fifos_enable                 
00002f0f  uart0_init                         
00002ee1  uart0_queueString                  
00002ed1  uart0_tx_rdy                       
00003015  uart_rx_Task                       
20001cd8  uart_rx_sem                        
00002fed  uart_tx_Task                       
20001cdc  uart_tx_queue                      
000043cc  ulMaxSyscallInterruptPriority      
00004059  ulPortGetIPSR                      
000017e9  ulTaskGenericNotifyTake            
00001e59  ulTaskGenericNotifyValueClear      
00003731  userflow_Task                      
00003f0b  uxListRemove                       
000028d5  uxQueueMessagesWaiting             
0000290b  uxQueueMessagesWaitingFromISR      
000028eb  uxQueueSpacesAvailable             
00000d01  uxTaskGetNumberOfTasks             
00000621  uxTaskPriorityGet                  
0000064d  uxTaskPriorityGetFromISR           
000017a1  uxTaskResetEventItemValue          
000043d0  uxTopUsedPriority                  
00003e29  vListInitialise                    
00003e59  vListInitialiseItem                
00003ea5  vListInsert                        
00003e69  vListInsertEnd                     
00004115  vPortEnableVFP                     
00003d8d  vPortEndScheduler                  
00003d8f  vPortEnterCritical                 
00003daf  vPortExitCritical                  
00003af1  vPortFree                          
00003b55  vPortInitialiseBlocks              
000040d1  vPortSVCHandler                    
00003deb  vPortSetupTimerInterrupt           
000040f1  vPortStartFirstTask                
00002921  vQueueDelete                       
000005eb  vTaskDelay                         
000004a3  vTaskDelete                        
00000b17  vTaskEndScheduler                  
00001cb1  vTaskGenericNotifyGiveFromISR      
000012bd  vTaskInternalSetTimeOutState       
00001361  vTaskMissedYield                   
00000f9b  vTaskPlaceOnEventList              
00000fbd  vTaskPlaceOnUnorderedEventList     
000016a1  vTaskPriorityDisinheritAfterTimeout
000006a9  vTaskPrioritySet                   
00001195  vTaskRemoveFromUnorderedEventList  
0000092b  vTaskResume                        
0000129f  vTaskSetTimeOutState               
00000acd  vTaskStartScheduler                
00000801  vTaskSuspend                       
00000b33  vTaskSuspendAll                    
00000f39  vTaskSwitchContext                 
00003553  write_price                        
00003b4f  xPortGetFreeHeapSize               
00004071  xPortPendSVHandler                 
00003d57  xPortStartScheduler                
00003dc5  xPortSysTickHandler                
0000213f  xQueueCreateMutex                  
0000206f  xQueueGenericCreate                
00001f9d  xQueueGenericReset                 
000021eb  xQueueGenericSend                  
00002319  xQueueGenericSendFromISR           
000023bb  xQueueGiveFromISR                  
0000216b  xQueueGiveMutexRecursive           
00002b1b  xQueueIsQueueEmptyFromISR          
00002b61  xQueueIsQueueFullFromISR           
000026c7  xQueuePeek                         
00002883  xQueuePeekFromISR                  
0000244f  xQueueReceive                      
000027e9  xQueueReceiveFromISR               
0000256d  xQueueSemaphoreTake                
000021a7  xQueueTakeMutexRecursive           
00000d31  xTaskCatchUpTicks                  
000012dd  xTaskCheckForTimeOut               
0000026d  xTaskCreate                        
0000055b  xTaskDelayUntil                    
00001951  xTaskGenericNotify                 
00001ad9  xTaskGenericNotifyFromISR          
00001e09  xTaskGenericNotifyStateClear       
0000188f  xTaskGenericNotifyWait             
00001465  xTaskGetCurrentTaskHandle          
00000cd5  xTaskGetTickCount                  
00000ce9  xTaskGetTickCountFromISR           
00000d6d  xTaskIncrementTick                 
000015a9  xTaskPriorityDisinherit            
00001489  xTaskPriorityInherit               
00001035  xTaskRemoveFromEventList           
00000b49  xTaskResumeAll                     
000009f5  xTaskResumeFromISR                 
20001ce0  yellow_led_queue                   


GLOBAL SYMBOLS: SORTED BY Symbol Address 

address   name                               
-------   ----                               
00000000  __TI_static_base__                 
00000000  g_pfnVectors                       
00000200  __STACK_SIZE                       
0000026d  xTaskCreate                        
000004a3  vTaskDelete                        
0000055b  xTaskDelayUntil                    
000005eb  vTaskDelay                         
00000621  uxTaskPriorityGet                  
0000064d  uxTaskPriorityGetFromISR           
000006a9  vTaskPrioritySet                   
00000801  vTaskSuspend                       
0000092b  vTaskResume                        
000009f5  xTaskResumeFromISR                 
00000acd  vTaskStartScheduler                
00000b17  vTaskEndScheduler                  
00000b33  vTaskSuspendAll                    
00000b49  xTaskResumeAll                     
00000cd5  xTaskGetTickCount                  
00000ce9  xTaskGetTickCountFromISR           
00000d01  uxTaskGetNumberOfTasks             
00000d11  pcTaskGetName                      
00000d31  xTaskCatchUpTicks                  
00000d6d  xTaskIncrementTick                 
00000f39  vTaskSwitchContext                 
00000f9b  vTaskPlaceOnEventList              
00000fbd  vTaskPlaceOnUnorderedEventList     
00001035  xTaskRemoveFromEventList           
00001195  vTaskRemoveFromUnorderedEventList  
0000129f  vTaskSetTimeOutState               
000012bd  vTaskInternalSetTimeOutState       
000012dd  xTaskCheckForTimeOut               
00001361  vTaskMissedYield                   
00001465  xTaskGetCurrentTaskHandle          
00001489  xTaskPriorityInherit               
000015a9  xTaskPriorityDisinherit            
000016a1  vTaskPriorityDisinheritAfterTimeout
000017a1  uxTaskResetEventItemValue          
000017c9  pvTaskIncrementMutexHeldCount      
000017e9  ulTaskGenericNotifyTake            
0000188f  xTaskGenericNotifyWait             
00001951  xTaskGenericNotify                 
00001ad9  xTaskGenericNotifyFromISR          
00001cb1  vTaskGenericNotifyGiveFromISR      
00001e09  xTaskGenericNotifyStateClear       
00001e59  ulTaskGenericNotifyValueClear      
00001f9d  xQueueGenericReset                 
0000206f  xQueueGenericCreate                
0000213f  xQueueCreateMutex                  
0000216b  xQueueGiveMutexRecursive           
000021a7  xQueueTakeMutexRecursive           
000021eb  xQueueGenericSend                  
00002319  xQueueGenericSendFromISR           
000023bb  xQueueGiveFromISR                  
0000244f  xQueueReceive                      
0000256d  xQueueSemaphoreTake                
000026c7  xQueuePeek                         
000027e9  xQueueReceiveFromISR               
00002883  xQueuePeekFromISR                  
000028d5  uxQueueMessagesWaiting             
000028eb  uxQueueSpacesAvailable             
0000290b  uxQueueMessagesWaitingFromISR      
00002921  vQueueDelete                       
00002b1b  xQueueIsQueueEmptyFromISR          
00002b61  xQueueIsQueueFullFromISR           
00002b89  timer0_init                        
00002bc7  delay_us                           
00002bef  lcd_command                        
00002c6f  lcd_init                           
00002cf1  lcd_setcursor                      
00002d31  lcd_char                           
00002dcf  lcd_string                         
00002ded  lcd_clear                          
00002dfd  lcd_getcursor                      
00002e03  lcd_queueString                    
00002e31  lcd_Task                           
00002eb9  uart0_fifos_enable                 
00002ec5  uart0_fifos_disable                
00002ed1  uart0_tx_rdy                       
00002ee1  uart0_queueString                  
00002f0f  uart0_init                         
00002fed  uart_tx_Task                       
00003015  uart_rx_Task                       
000030dd  UART0_int_Handler                  
000031e1  init_RGB                           
0000320d  set_Color                          
00003227  dummy_Task                         
00003273  dummy_Task2                        
000032bd  dummy_Task3                        
000032ff  dummy_Task4                        
00003313  main                               
000034f5  get_runtime                        
00003503  get_timestamp                      
00003553  write_price                        
000035cd  select_product                     
000036b3  select_payment                     
00003731  userflow_Task                      
000037a9  keypad_init                        
00003845  port_to_index                      
00003873  keypad_task                        
00003963  GPIOE_int_Handler                  
000039d9  pvPortMalloc                       
00003af1  vPortFree                          
00003b4f  xPortGetFreeHeapSize               
00003b55  vPortInitialiseBlocks              
00003bb1  enc_init                           
00003c23  encoder_Task                       
00003c87  GPIOA_int_handler                  
00003ced  pxPortInitialiseStack              
00003d57  xPortStartScheduler                
00003d8d  vPortEndScheduler                  
00003d8f  vPortEnterCritical                 
00003daf  vPortExitCritical                  
00003dc5  xPortSysTickHandler                
00003deb  vPortSetupTimerInterrupt           
00003e29  vListInitialise                    
00003e59  vListInitialiseItem                
00003e69  vListInsertEnd                     
00003ea5  vListInsert                        
00003f0b  uxListRemove                       
00003f55  Led_init                           
00003f8b  Green_LED_Task                     
00003fc1  Yellow_LED_Task                    
00003ff7  Red_LED_Task                       
00004059  ulPortGetIPSR                      
00004071  xPortPendSVHandler                 
000040d1  vPortSVCHandler                    
000040f1  vPortStartFirstTask                
00004115  vPortEnableVFP                     
00004123  __aeabi_memcpy                     
00004123  __aeabi_memcpy4                    
00004123  __aeabi_memcpy8                    
00004123  memcpy                             
000041bf  __aeabi_memclr                     
000041bf  __aeabi_memclr4                    
000041bf  __aeabi_memclr8                    
000041c1  __aeabi_memset                     
000041c1  __aeabi_memset4                    
000041c1  __aeabi_memset8                    
000041c7  memset                             
00004239  __TI_decompress_lzss               
000042a1  __TI_auto_init_nobinit_nopinit     
000042e5  _c_int00_noargs                    
00004319  strncmp                            
00004345  __TI_decompress_none               
00004353  __TI_zero_init                     
0000435f  ResetISR                           
0000436b  _system_pre_init                   
0000436f  C$$EXIT                            
0000436f  abort                              
000043c0  keypad_map                         
000043cc  ulMaxSyscallInterruptPriority      
000043d0  uxTopUsedPriority                  
000043d4  prices                             
000043fc  __TI_Handler_Table_Base            
00004408  __TI_Handler_Table_Limit           
00004410  __TI_CINIT_Base                    
00004420  __TI_CINIT_Limit                   
20000000  __start___llvm_prf_cnts            
20000000  __stop___llvm_prf_cnts             
20001cbc  encoder_queue                      
20001cc0  encoder_sem                        
20001cc4  green_led_queue                    
20001cc8  keypad_queue                       
20001ccc  keypad_sem                         
20001cd0  lcd_queue                          
20001cd4  red_led_queue                      
20001cd8  uart_rx_sem                        
20001cdc  uart_tx_queue                      
20001ce0  yellow_led_queue                   
20001ce8  __stack                            
20001ee8  __STACK_END                        
20001ee8  __STACK_TOP                        
20001ee8  pxCurrentTCB                       
20001f1c  options                            
20001f30  payments                           
20001f3e  rx_tail                            
ffffffff  __TI_pprof_out_hndl                
ffffffff  __TI_prof_data_size                
ffffffff  __TI_prof_data_start               
ffffffff  __binit__                          
ffffffff  __c_args__                         
ffffffff  binit                              
UNDEFED   __mpu_init                         
UNDEFED   _system_post_cinit                 

[184 symbols]
