******************************************************************************
                  TI ARM Linker PC v20.2.7                     
******************************************************************************
>> Linked Sun May 10 20:28:38 2026

OUTPUT FILE NAME:   <Final assigment.out>
ENTRY POINT SYMBOL: "_c_int00_noargs"  address: 0000574d


MEMORY CONFIGURATION

         name            origin    length      used     unused   attr    fill
----------------------  --------  ---------  --------  --------  ----  --------
  FLASH                 00000000   00040000  00005892  0003a76e  R  X
  SRAM                  20000000   00008000  00001f46  000060ba  RW X


SEGMENT ALLOCATION MAP

run origin  load origin   length   init length attrs members
----------  ----------- ---------- ----------- ----- -------
00000000    00000000    00005898   00005898    r-x
  00000000    00000000    0000026c   0000026c    r-- .intvecs
  0000026c    0000026c    0000558e   0000558e    r-x .text
  000057fc    000057fc    00000050   00000050    r-- .const
  00005850    00005850    00000048   00000048    r-- .cinit
20000000    20000000    00001f4a   00000000    rw-
  20000000    20000000    00001cf4   00000000    rw- .bss
  20001cf8    20001cf8    00000200   00000000    rw- .stack
  20001ef8    20001ef8    00000052   00000000    rw- .data


SECTION ALLOCATION MAP

 output                                  attributes/
section   page    origin      length       input sections
--------  ----  ----------  ----------   ----------------
.intvecs   0    00000000    0000026c     
                  00000000    0000026c     startup_frt.obj (.intvecs)

.text      0    0000026c    0000558e     
                  0000026c    00001d30     tasks.obj (.text)
                  00001f9c    00001050     coffee_control.obj (.text)
                  00002fec    00000bea     queue.obj (.text)
                  00003bd6    00000002     --HOLE-- [fill = 0]
                  00003bd8    00000410     main.obj (.text)
                  00003fe8    000003ac     uart_frt.obj (.text)
                  00004394    00000354     LCD_frt.obj (.text)
                  000046e8    00000230     keypad_frt.obj (.text)
                  00004918    000001d8     heap_2.obj (.text)
                  00004af0    000001b6     rtsv7M4_T_le_v4SPD16_eabi.lib : fd_add_t2.asm.obj (.text)
                  00004ca6    00000002     --HOLE-- [fill = 0]
                  00004ca8    0000013c     encoder_frt.obj (.text)
                  00004de4    0000013c     port.obj (.text)
                  00004f20    0000012a     list.obj (.text)
                  0000504a    00000002     --HOLE-- [fill = 0]
                  0000504c    00000120     buttons.obj (.text)
                  0000516c    000000fc     rtsv7M4_T_le_v4SPD16_eabi.lib : fd_mul_t2.asm.obj (.text)
                  00005268    000000f4     led.obj (.text)
                  0000535c    000000da     portasm.obj (.text)
                  00005436    0000009c     rtsv7M4_T_le_v4SPD16_eabi.lib : memcpy_t2.asm.obj (.text)
                  000054d2    00000086                                   : fd_cmp_t2.asm.obj (.text:__aeabi_cdcmple)
                  00005558    00000086                                   : fd_cmp_t2.asm.obj (.text:__aeabi_cdrcmple)
                  000055de    0000007a                                   : memset_t2.asm.obj (.text)
                  00005658    00000068                                   : copy_decompress_lzss.c.obj (.text:decompress:lzss:__TI_decompress_lzss)
                  000056c0    00000048                                   : fd_toi_t2.asm.obj (.text)
                  00005708    00000044                                   : autoinit.c.obj (.text:__TI_auto_init_nobinit_nopinit:__TI_auto_init_nobinit_nopinit)
                  0000574c    00000034                                   : boot_cortex_m.c.obj (.text:_c_int00_noargs:_c_int00_noargs)
                  00005780    0000002c                                   : strncmp.c.obj (.text:strncmp)
                  000057ac    00000020                                   : u_tofd_t2.asm.obj (.text)
                  000057cc    0000000e                                   : copy_decompress_none.c.obj (.text:decompress:none:__TI_decompress_none)
                  000057da    0000000c                                   : copy_zero_init.c.obj (.text:decompress:ZI:__TI_zero_init)
                  000057e6    0000000c     startup_frt.obj (.text)
                  000057f2    00000004     rtsv7M4_T_le_v4SPD16_eabi.lib : pre_init.c.obj (.text:_system_pre_init)
                  000057f6    00000004                                   : exit.c.obj (.text:abort:abort)

.const     0    000057fc    00000050     
                  000057fc    0000003a     coffee_control.obj (.const:.string)
                  00005836    0000000c     keypad_frt.obj (.const:keypad_map)
                  00005842    00000002     coffee_control.obj (.const)
                  00005844    00000004     port.obj (.const)
                  00005848    00000004     tasks.obj (.const)

.cinit     0    00005850    00000048     
                  00005850    00000021     (.cinit..data.load) [load image, compression = lzss]
                  00005871    00000003     --HOLE-- [fill = 0]
                  00005874    0000000c     (__TI_handler_table)
                  00005880    00000008     (.cinit..bss.load) [load image, compression = zero_init]
                  00005888    00000010     (__TI_cinit_table)

.init_array 
*          0    00000000    00000000     UNINITIALIZED

.bss       0    20000000    00001cf4     UNINITIALIZED
                  20000000    00001b58     heap_2.obj (.bss:ucHeap)
                  20001b58    000000c8     tasks.obj (.bss:pxReadyTasksLists)
                  20001c20    00000020     uart_frt.obj (.bss:rx_buffer)
                  20001c40    00000014     tasks.obj (.bss:xDelayedTaskList1)
                  20001c54    00000014     tasks.obj (.bss:xDelayedTaskList2)
                  20001c68    00000014     tasks.obj (.bss:xPendingReadyList)
                  20001c7c    00000014     tasks.obj (.bss:xSuspendedTaskList)
                  20001c90    00000014     tasks.obj (.bss:xTasksWaitingTermination)
                  20001ca4    00000008     tasks.obj (.bss)
                  20001cac    00000008     heap_2.obj (.bss:xEnd)
                  20001cb4    00000008     heap_2.obj (.bss:xStart)
                  20001cbc    00000004     (.common:SW_1_queue)
                  20001cc0    00000004     (.common:SW_2_queue)
                  20001cc4    00000004     (.common:encoder_queue)
                  20001cc8    00000004     (.common:encoder_sem)
                  20001ccc    00000004     (.common:encoder_task)
                  20001cd0    00000004     (.common:green_led_queue)
                  20001cd4    00000004     (.common:keypad_queue)
                  20001cd8    00000004     (.common:keypad_sem)
                  20001cdc    00000004     (.common:lcd_queue)
                  20001ce0    00000004     (.common:price_wr_mutex)
                  20001ce4    00000004     (.common:red_led_queue)
                  20001ce8    00000004     (.common:uart_rx_sem)
                  20001cec    00000004     (.common:uart_tx_queue)
                  20001cf0    00000004     (.common:yellow_led_queue)

.data      0    20001ef8    00000052     UNINITIALIZED
                  20001ef8    00000034     tasks.obj (.data)
                  20001f2c    0000000c     coffee_control.obj (.data:options)
                  20001f38    00000008     heap_2.obj (.data)
                  20001f40    00000004     port.obj (.data)
                  20001f44    00000003     coffee_control.obj (.data:prices)
                  20001f47    00000001     LCD_frt.obj (.data)
                  20001f48    00000001     keypad_frt.obj (.data)
                  20001f49    00000001     uart_frt.obj (.data)

.stack     0    20001cf8    00000200     UNINITIALIZED
                  20001cf8    00000004     rtsv7M4_T_le_v4SPD16_eabi.lib : boot_cortex_m.c.obj (.stack)
                  20001cfc    000001fc     --HOLE--

__llvm_prf_cnts 
*          0    20000000    00000000     UNINITIALIZED

MODULE SUMMARY

       Module                       code    ro data   rw data
       ------                       ----    -------   -------
    .\
       tasks.obj                    7472    4         360    
       heap_2.obj                   472     0         7024   
       coffee_control.obj           4176    60        59     
       queue.obj                    3050    0         0      
       main.obj                     1040    0         0      
       uart_frt.obj                 940     0         33     
       LCD_frt.obj                  852     0         5      
       startup_frt.obj              12      620       0      
       keypad_frt.obj               560     12        1      
       port.obj                     316     4         4      
       encoder_frt.obj              316     0         0      
       list.obj                     298     0         0      
       buttons.obj                  288     0         8      
       led.obj                      244     0         0      
       portasm.obj                  218     0         0      
    +--+----------------------------+-------+---------+---------+
       Total:                       20254   700       7494   
                                                             
    X:\APPLICATIONS\CodeComposer\ccs\tools\compiler\ti-cgt-arm_20.2.7.LTS\lib\rtsv7M4_T_le_v4SPD16_eabi.lib
       fd_add_t2.asm.obj            438     0         0      
       fd_cmp_t2.asm.obj            268     0         0      
       fd_mul_t2.asm.obj            252     0         0      
       memcpy_t2.asm.obj            156     0         0      
       memset_t2.asm.obj            122     0         0      
       copy_decompress_lzss.c.obj   104     0         0      
       fd_toi_t2.asm.obj            72      0         0      
       autoinit.c.obj               68      0         0      
       boot_cortex_m.c.obj          52      0         0      
       strncmp.c.obj                44      0         0      
       u_tofd_t2.asm.obj            32      0         0      
       copy_decompress_none.c.obj   14      0         0      
       copy_zero_init.c.obj         12      0         0      
       exit.c.obj                   4       0         0      
       pre_init.c.obj               4       0         0      
    +--+----------------------------+-------+---------+---------+
       Total:                       1642    0         0      
                                                             
       Stack:                       0       0         512    
       Linker Generated:            0       69        0      
    +--+----------------------------+-------+---------+---------+
       Grand Total:                 21896   769       8006   


LINKER GENERATED COPY TABLES

__TI_cinit_table @ 00005888 records: 2, size/record: 8, table size: 16
	.data: load addr=00005850, load size=00000021 bytes, run addr=20001ef8, run size=00000052 bytes, compression=lzss
	.bss: load addr=00005880, load size=00000008 bytes, run addr=20000000, run size=00001cf4 bytes, compression=zero_init


LINKER GENERATED HANDLER TABLE

__TI_handler_table @ 00005874 records: 3, size/record: 4, table size: 12
	index: 0, handler: __TI_decompress_lzss
	index: 1, handler: __TI_decompress_none
	index: 2, handler: __TI_zero_init


GLOBAL SYMBOLS: SORTED ALPHABETICALLY BY Name 

address   name                               
-------   ----                               
000057f7  C$$EXIT                            
00004d7f  GPIOA_int_handler                  
000048a3  GPIOE_int_Handler                  
0000529f  Green_LED_Task                     
00005269  Led_init                           
0000530b  Red_LED_Task                       
000057e7  ResetISR                           
0000508f  SW_1_Task                          
20001cbc  SW_1_queue                         
000050eb  SW_2_Task                          
20001cc0  SW_2_queue                         
00004285  UART0_int_Handler                  
000052d5  Yellow_LED_Task                    
20001ef8  __STACK_END                        
00000200  __STACK_SIZE                       
20001ef8  __STACK_TOP                        
00005888  __TI_CINIT_Base                    
00005898  __TI_CINIT_Limit                   
00005874  __TI_Handler_Table_Base            
00005880  __TI_Handler_Table_Limit           
00005709  __TI_auto_init_nobinit_nopinit     
00005659  __TI_decompress_lzss               
000057cd  __TI_decompress_none               
ffffffff  __TI_pprof_out_hndl                
ffffffff  __TI_prof_data_size                
ffffffff  __TI_prof_data_start               
00000000  __TI_static_base__                 
000057db  __TI_zero_init                     
000054d3  __aeabi_cdcmpeq                    
000054d3  __aeabi_cdcmple                    
00005559  __aeabi_cdrcmple                   
000056c1  __aeabi_d2iz                       
00004afb  __aeabi_dadd                       
0000516d  __aeabi_dmul                       
00004af1  __aeabi_dsub                       
000055df  __aeabi_memclr                     
000055df  __aeabi_memclr4                    
000055df  __aeabi_memclr8                    
00005437  __aeabi_memcpy                     
00005437  __aeabi_memcpy4                    
00005437  __aeabi_memcpy8                    
000055e1  __aeabi_memset                     
000055e1  __aeabi_memset4                    
000055e1  __aeabi_memset8                    
000057ad  __aeabi_ui2d                       
ffffffff  __binit__                          
ffffffff  __c_args__                         
UNDEFED   __mpu_init                         
20001cf8  __stack                            
20000000  __start___llvm_prf_cnts            
20000000  __stop___llvm_prf_cnts             
0000574d  _c_int00_noargs                    
UNDEFED   _system_post_cinit                 
000057f3  _system_pre_init                   
000057f7  abort                              
ffffffff  binit                              
00002709  brew_espresso                      
000029b5  brew_filter                        
0000504d  buttons_init                       
00002ddd  cup_abort                          
000043d3  delay_us                           
00003c1f  dummy_Task                         
00003c6b  dummy_Task2                        
00003cb5  dummy_Task3                        
00003cf7  dummy_Task4                        
00004ca9  enc_init                           
00004d1b  encoder_Task                       
20001cc4  encoder_queue                      
20001cc8  encoder_sem                        
20001ccc  encoder_task                       
00002285  enter_card                         
0000249f  enter_cash                         
00002883  froth_milk                         
00000000  g_pfnVectors                       
00001ff9  get_coffee_price                   
00001f9d  get_runtime                        
00001fab  get_timestamp                      
20001cd0  green_led_queue                    
00003bd9  init_RGB                           
000046e9  keypad_init                        
00005836  keypad_map                         
20001cd4  keypad_queue                       
20001cd8  keypad_sem                         
000047b3  keypad_task                        
0000465f  lcd_Task                           
0000453d  lcd_char                           
000045f9  lcd_clear                          
000043fb  lcd_command                        
00004609  lcd_getcursor                      
0000447b  lcd_init                           
20001cdc  lcd_queue                          
0000460f  lcd_queueString                    
0000463d  lcd_queueStringClear               
000044fd  lcd_setcursor                      
000045db  lcd_string                         
00005843  led_off                            
00005842  led_on                             
00003d1d  main                               
00005437  memcpy                             
000055e7  memset                             
20001f2c  options                            
00004145  parse_price                        
00000d11  pcTaskGetName                      
00004785  port_to_index                      
20001ce0  price_wr_mutex                     
20001f44  prices                             
00004919  pvPortMalloc                       
000017c9  pvTaskIncrementMutexHeldCount      
20001ef8  pxCurrentTCB                       
00004de5  pxPortInitialiseStack              
20001ce4  red_led_queue                      
00002c9d  remove_cup                         
000025d3  return_change                      
20001f49  rx_tail                            
00002201  select_payment                     
00002143  select_product                     
00003c05  set_Color                          
0000202b  set_coffee_price                   
00005781  strncmp                            
00004395  timer0_init                        
00003ff5  uart0_fifos_disable                
00003fe9  uart0_fifos_enable                 
0000403f  uart0_init                         
00004011  uart0_queueString                  
00004001  uart0_tx_rdy                       
0000419d  uart_rx_Task                       
20001ce8  uart_rx_sem                        
0000411d  uart_tx_Task                       
20001cec  uart_tx_queue                      
00005844  ulMaxSyscallInterruptPriority      
0000536d  ulPortGetIPSR                      
000017e9  ulTaskGenericNotifyTake            
00001e59  ulTaskGenericNotifyValueClear      
00002e3d  userflow_Task                      
00005003  uxListRemove                       
00003925  uxQueueMessagesWaiting             
0000395b  uxQueueMessagesWaitingFromISR      
0000393b  uxQueueSpacesAvailable             
00000d01  uxTaskGetNumberOfTasks             
00000621  uxTaskPriorityGet                  
0000064d  uxTaskPriorityGetFromISR           
000017a1  uxTaskResetEventItemValue          
00005848  uxTopUsedPriority                  
00004f21  vListInitialise                    
00004f51  vListInitialiseItem                
00004f9d  vListInsert                        
00004f61  vListInsertEnd                     
00005429  vPortEnableVFP                     
00004e85  vPortEndScheduler                  
00004e87  vPortEnterCritical                 
00004ea7  vPortExitCritical                  
00004a31  vPortFree                          
00004a95  vPortInitialiseBlocks              
000053e5  vPortSVCHandler                    
00004ee3  vPortSetupTimerInterrupt           
00005405  vPortStartFirstTask                
00003971  vQueueDelete                       
000005eb  vTaskDelay                         
000004a3  vTaskDelete                        
00000b17  vTaskEndScheduler                  
00001cb1  vTaskGenericNotifyGiveFromISR      
000012bd  vTaskInternalSetTimeOutState       
00001361  vTaskMissedYield                   
00000f9b  vTaskPlaceOnEventList              
00000fbd  vTaskPlaceOnUnorderedEventList     
000016a1  vTaskPriorityDisinheritAfterTimeout
000006a9  vTaskPrioritySet                   
00001195  vTaskRemoveFromUnorderedEventList  
0000092b  vTaskResume                        
0000129f  vTaskSetTimeOutState               
00000acd  vTaskStartScheduler                
00000801  vTaskSuspend                       
00000b33  vTaskSuspendAll                    
00000f39  vTaskSwitchContext                 
00002659  wait_for_cup                       
000020d7  write_num                          
0000205d  write_price                        
00004a8f  xPortGetFreeHeapSize               
00005385  xPortPendSVHandler                 
00004e4f  xPortStartScheduler                
00004ebd  xPortSysTickHandler                
0000318f  xQueueCreateMutex                  
000030bf  xQueueGenericCreate                
00002fed  xQueueGenericReset                 
0000323b  xQueueGenericSend                  
00003369  xQueueGenericSendFromISR           
0000340b  xQueueGiveFromISR                  
000031bb  xQueueGiveMutexRecursive           
00003b6b  xQueueIsQueueEmptyFromISR          
00003bb1  xQueueIsQueueFullFromISR           
00003717  xQueuePeek                         
000038d3  xQueuePeekFromISR                  
0000349f  xQueueReceive                      
00003839  xQueueReceiveFromISR               
000035bd  xQueueSemaphoreTake                
000031f7  xQueueTakeMutexRecursive           
00000d31  xTaskCatchUpTicks                  
000012dd  xTaskCheckForTimeOut               
0000026d  xTaskCreate                        
0000055b  xTaskDelayUntil                    
00001951  xTaskGenericNotify                 
00001ad9  xTaskGenericNotifyFromISR          
00001e09  xTaskGenericNotifyStateClear       
0000188f  xTaskGenericNotifyWait             
00001465  xTaskGetCurrentTaskHandle          
00000cd5  xTaskGetTickCount                  
00000ce9  xTaskGetTickCountFromISR           
00000d6d  xTaskIncrementTick                 
000015a9  xTaskPriorityDisinherit            
00001489  xTaskPriorityInherit               
00001035  xTaskRemoveFromEventList           
00000b49  xTaskResumeAll                     
000009f5  xTaskResumeFromISR                 
20001cf0  yellow_led_queue                   


GLOBAL SYMBOLS: SORTED BY Symbol Address 

address   name                               
-------   ----                               
00000000  __TI_static_base__                 
00000000  g_pfnVectors                       
00000200  __STACK_SIZE                       
0000026d  xTaskCreate                        
000004a3  vTaskDelete                        
0000055b  xTaskDelayUntil                    
000005eb  vTaskDelay                         
00000621  uxTaskPriorityGet                  
0000064d  uxTaskPriorityGetFromISR           
000006a9  vTaskPrioritySet                   
00000801  vTaskSuspend                       
0000092b  vTaskResume                        
000009f5  xTaskResumeFromISR                 
00000acd  vTaskStartScheduler                
00000b17  vTaskEndScheduler                  
00000b33  vTaskSuspendAll                    
00000b49  xTaskResumeAll                     
00000cd5  xTaskGetTickCount                  
00000ce9  xTaskGetTickCountFromISR           
00000d01  uxTaskGetNumberOfTasks             
00000d11  pcTaskGetName                      
00000d31  xTaskCatchUpTicks                  
00000d6d  xTaskIncrementTick                 
00000f39  vTaskSwitchContext                 
00000f9b  vTaskPlaceOnEventList              
00000fbd  vTaskPlaceOnUnorderedEventList     
00001035  xTaskRemoveFromEventList           
00001195  vTaskRemoveFromUnorderedEventList  
0000129f  vTaskSetTimeOutState               
000012bd  vTaskInternalSetTimeOutState       
000012dd  xTaskCheckForTimeOut               
00001361  vTaskMissedYield                   
00001465  xTaskGetCurrentTaskHandle          
00001489  xTaskPriorityInherit               
000015a9  xTaskPriorityDisinherit            
000016a1  vTaskPriorityDisinheritAfterTimeout
000017a1  uxTaskResetEventItemValue          
000017c9  pvTaskIncrementMutexHeldCount      
000017e9  ulTaskGenericNotifyTake            
0000188f  xTaskGenericNotifyWait             
00001951  xTaskGenericNotify                 
00001ad9  xTaskGenericNotifyFromISR          
00001cb1  vTaskGenericNotifyGiveFromISR      
00001e09  xTaskGenericNotifyStateClear       
00001e59  ulTaskGenericNotifyValueClear      
00001f9d  get_runtime                        
00001fab  get_timestamp                      
00001ff9  get_coffee_price                   
0000202b  set_coffee_price                   
0000205d  write_price                        
000020d7  write_num                          
00002143  select_product                     
00002201  select_payment                     
00002285  enter_card                         
0000249f  enter_cash                         
000025d3  return_change                      
00002659  wait_for_cup                       
00002709  brew_espresso                      
00002883  froth_milk                         
000029b5  brew_filter                        
00002c9d  remove_cup                         
00002ddd  cup_abort                          
00002e3d  userflow_Task                      
00002fed  xQueueGenericReset                 
000030bf  xQueueGenericCreate                
0000318f  xQueueCreateMutex                  
000031bb  xQueueGiveMutexRecursive           
000031f7  xQueueTakeMutexRecursive           
0000323b  xQueueGenericSend                  
00003369  xQueueGenericSendFromISR           
0000340b  xQueueGiveFromISR                  
0000349f  xQueueReceive                      
000035bd  xQueueSemaphoreTake                
00003717  xQueuePeek                         
00003839  xQueueReceiveFromISR               
000038d3  xQueuePeekFromISR                  
00003925  uxQueueMessagesWaiting             
0000393b  uxQueueSpacesAvailable             
0000395b  uxQueueMessagesWaitingFromISR      
00003971  vQueueDelete                       
00003b6b  xQueueIsQueueEmptyFromISR          
00003bb1  xQueueIsQueueFullFromISR           
00003bd9  init_RGB                           
00003c05  set_Color                          
00003c1f  dummy_Task                         
00003c6b  dummy_Task2                        
00003cb5  dummy_Task3                        
00003cf7  dummy_Task4                        
00003d1d  main                               
00003fe9  uart0_fifos_enable                 
00003ff5  uart0_fifos_disable                
00004001  uart0_tx_rdy                       
00004011  uart0_queueString                  
0000403f  uart0_init                         
0000411d  uart_tx_Task                       
00004145  parse_price                        
0000419d  uart_rx_Task                       
00004285  UART0_int_Handler                  
00004395  timer0_init                        
000043d3  delay_us                           
000043fb  lcd_command                        
0000447b  lcd_init                           
000044fd  lcd_setcursor                      
0000453d  lcd_char                           
000045db  lcd_string                         
000045f9  lcd_clear                          
00004609  lcd_getcursor                      
0000460f  lcd_queueString                    
0000463d  lcd_queueStringClear               
0000465f  lcd_Task                           
000046e9  keypad_init                        
00004785  port_to_index                      
000047b3  keypad_task                        
000048a3  GPIOE_int_Handler                  
00004919  pvPortMalloc                       
00004a31  vPortFree                          
00004a8f  xPortGetFreeHeapSize               
00004a95  vPortInitialiseBlocks              
00004af1  __aeabi_dsub                       
00004afb  __aeabi_dadd                       
00004ca9  enc_init                           
00004d1b  encoder_Task                       
00004d7f  GPIOA_int_handler                  
00004de5  pxPortInitialiseStack              
00004e4f  xPortStartScheduler                
00004e85  vPortEndScheduler                  
00004e87  vPortEnterCritical                 
00004ea7  vPortExitCritical                  
00004ebd  xPortSysTickHandler                
00004ee3  vPortSetupTimerInterrupt           
00004f21  vListInitialise                    
00004f51  vListInitialiseItem                
00004f61  vListInsertEnd                     
00004f9d  vListInsert                        
00005003  uxListRemove                       
0000504d  buttons_init                       
0000508f  SW_1_Task                          
000050eb  SW_2_Task                          
0000516d  __aeabi_dmul                       
00005269  Led_init                           
0000529f  Green_LED_Task                     
000052d5  Yellow_LED_Task                    
0000530b  Red_LED_Task                       
0000536d  ulPortGetIPSR                      
00005385  xPortPendSVHandler                 
000053e5  vPortSVCHandler                    
00005405  vPortStartFirstTask                
00005429  vPortEnableVFP                     
00005437  __aeabi_memcpy                     
00005437  __aeabi_memcpy4                    
00005437  __aeabi_memcpy8                    
00005437  memcpy                             
000054d3  __aeabi_cdcmpeq                    
000054d3  __aeabi_cdcmple                    
00005559  __aeabi_cdrcmple                   
000055df  __aeabi_memclr                     
000055df  __aeabi_memclr4                    
000055df  __aeabi_memclr8                    
000055e1  __aeabi_memset                     
000055e1  __aeabi_memset4                    
000055e1  __aeabi_memset8                    
000055e7  memset                             
00005659  __TI_decompress_lzss               
000056c1  __aeabi_d2iz                       
00005709  __TI_auto_init_nobinit_nopinit     
0000574d  _c_int00_noargs                    
00005781  strncmp                            
000057ad  __aeabi_ui2d                       
000057cd  __TI_decompress_none               
000057db  __TI_zero_init                     
000057e7  ResetISR                           
000057f3  _system_pre_init                   
000057f7  C$$EXIT                            
000057f7  abort                              
00005836  keypad_map                         
00005842  led_on                             
00005843  led_off                            
00005844  ulMaxSyscallInterruptPriority      
00005848  uxTopUsedPriority                  
00005874  __TI_Handler_Table_Base            
00005880  __TI_Handler_Table_Limit           
00005888  __TI_CINIT_Base                    
00005898  __TI_CINIT_Limit                   
20000000  __start___llvm_prf_cnts            
20000000  __stop___llvm_prf_cnts             
20001cbc  SW_1_queue                         
20001cc0  SW_2_queue                         
20001cc4  encoder_queue                      
20001cc8  encoder_sem                        
20001ccc  encoder_task                       
20001cd0  green_led_queue                    
20001cd4  keypad_queue                       
20001cd8  keypad_sem                         
20001cdc  lcd_queue                          
20001ce0  price_wr_mutex                     
20001ce4  red_led_queue                      
20001ce8  uart_rx_sem                        
20001cec  uart_tx_queue                      
20001cf0  yellow_led_queue                   
20001cf8  __stack                            
20001ef8  __STACK_END                        
20001ef8  __STACK_TOP                        
20001ef8  pxCurrentTCB                       
20001f2c  options                            
20001f44  prices                             
20001f49  rx_tail                            
ffffffff  __TI_pprof_out_hndl                
ffffffff  __TI_prof_data_size                
ffffffff  __TI_prof_data_start               
ffffffff  __binit__                          
ffffffff  __c_args__                         
ffffffff  binit                              
UNDEFED   __mpu_init                         
UNDEFED   _system_post_cinit                 

[214 symbols]
