******************************************************************************
                  TI ARM Linker PC v20.2.7                     
******************************************************************************
>> Linked Mon May 11 09:48:05 2026

OUTPUT FILE NAME:   <Final assigment.out>
ENTRY POINT SYMBOL: "_c_int00_noargs"  address: 0000546d


MEMORY CONFIGURATION

         name            origin    length      used     unused   attr    fill
----------------------  --------  ---------  --------  --------  ----  --------
  FLASH                 00000000   00040000  000055b2  0003aa4e  R  X
  SRAM                  20000000   00008000  00001f4a  000060b6  RW X


SEGMENT ALLOCATION MAP

run origin  load origin   length   init length attrs members
----------  ----------- ---------- ----------- ----- -------
00000000    00000000    000055b8   000055b8    r-x
  00000000    00000000    0000026c   0000026c    r-- .intvecs
  0000026c    0000026c    000052ae   000052ae    r-x .text
  0000551c    0000551c    00000050   00000050    r-- .const
  00005570    00005570    00000048   00000048    r-- .cinit
20000000    20000000    00001f4a   00000000    rw-
  20000000    20000000    00001cf8   00000000    rw- .bss
  20001cf8    20001cf8    00000200   00000000    rw- .stack
  20001ef8    20001ef8    00000052   00000000    rw- .data


SECTION ALLOCATION MAP

 output                                  attributes/
section   page    origin      length       input sections
--------  ----  ----------  ----------   ----------------
.intvecs   0    00000000    0000026c     
                  00000000    0000026c     startup_frt.obj (.intvecs)

.text      0    0000026c    000052ae     
                  0000026c    00001d30     tasks.obj (.text)
                  00001f9c    00000ccc     coffee_control.obj (.text)
                  00002c68    00000bea     queue.obj (.text)
                  00003852    00000002     --HOLE-- [fill = 0]
                  00003854    000003ac     uart_frt.obj (.text)
                  00003c00    00000398     LCD_frt.obj (.text)
                  00003f98    000002b8     main.obj (.text)
                  00004250    00000230     keypad_frt.obj (.text)
                  00004480    000001d8     heap_2.obj (.text)
                  00004658    000001b8     CoffeeUtils.obj (.text)
                  00004810    000001b6     rtsv7M4_T_le_v4SPD16_eabi.lib : fd_add_t2.asm.obj (.text)
                  000049c6    00000002     --HOLE-- [fill = 0]
                  000049c8    0000013c     encoder_frt.obj (.text)
                  00004b04    0000013c     port.obj (.text)
                  00004c40    0000012a     list.obj (.text)
                  00004d6a    00000002     --HOLE-- [fill = 0]
                  00004d6c    00000120     buttons.obj (.text)
                  00004e8c    000000fc     rtsv7M4_T_le_v4SPD16_eabi.lib : fd_mul_t2.asm.obj (.text)
                  00004f88    000000f4     led.obj (.text)
                  0000507c    000000da     portasm.obj (.text)
                  00005156    0000009c     rtsv7M4_T_le_v4SPD16_eabi.lib : memcpy_t2.asm.obj (.text)
                  000051f2    00000086                                   : fd_cmp_t2.asm.obj (.text:__aeabi_cdcmple)
                  00005278    00000086                                   : fd_cmp_t2.asm.obj (.text:__aeabi_cdrcmple)
                  000052fe    0000007a                                   : memset_t2.asm.obj (.text)
                  00005378    00000068                                   : copy_decompress_lzss.c.obj (.text:decompress:lzss:__TI_decompress_lzss)
                  000053e0    00000048                                   : fd_toi_t2.asm.obj (.text)
                  00005428    00000044                                   : autoinit.c.obj (.text:__TI_auto_init_nobinit_nopinit:__TI_auto_init_nobinit_nopinit)
                  0000546c    00000034                                   : boot_cortex_m.c.obj (.text:_c_int00_noargs:_c_int00_noargs)
                  000054a0    0000002c                                   : strncmp.c.obj (.text:strncmp)
                  000054cc    00000020                                   : u_tofd_t2.asm.obj (.text)
                  000054ec    0000000e                                   : copy_decompress_none.c.obj (.text:decompress:none:__TI_decompress_none)
                  000054fa    0000000c                                   : copy_zero_init.c.obj (.text:decompress:ZI:__TI_zero_init)
                  00005506    0000000c     startup_frt.obj (.text)
                  00005512    00000004     rtsv7M4_T_le_v4SPD16_eabi.lib : pre_init.c.obj (.text:_system_pre_init)
                  00005516    00000004                                   : exit.c.obj (.text:abort:abort)

.const     0    0000551c    00000050     
                  0000551c    0000003a     coffee_control.obj (.const:.string)
                  00005556    0000000c     keypad_frt.obj (.const:keypad_map)
                  00005562    00000002     coffee_control.obj (.const)
                  00005564    00000004     port.obj (.const)
                  00005568    00000004     tasks.obj (.const)

.cinit     0    00005570    00000048     
                  00005570    00000020     (.cinit..data.load) [load image, compression = lzss]
                  00005590    0000000c     (__TI_handler_table)
                  0000559c    00000004     --HOLE-- [fill = 0]
                  000055a0    00000008     (.cinit..bss.load) [load image, compression = zero_init]
                  000055a8    00000010     (__TI_cinit_table)

.init_array 
*          0    00000000    00000000     UNINITIALIZED

.bss       0    20000000    00001cf8     UNINITIALIZED
                  20000000    00001b58     heap_2.obj (.bss:ucHeap)
                  20001b58    000000c8     tasks.obj (.bss:pxReadyTasksLists)
                  20001c20    00000020     uart_frt.obj (.bss:rx_buffer)
                  20001c40    00000014     tasks.obj (.bss:xDelayedTaskList1)
                  20001c54    00000014     tasks.obj (.bss:xDelayedTaskList2)
                  20001c68    00000014     tasks.obj (.bss:xPendingReadyList)
                  20001c7c    00000014     tasks.obj (.bss:xSuspendedTaskList)
                  20001c90    00000014     tasks.obj (.bss:xTasksWaitingTermination)
                  20001ca4    00000008     tasks.obj (.bss)
                  20001cac    00000008     heap_2.obj (.bss:xEnd)
                  20001cb4    00000008     heap_2.obj (.bss:xStart)
                  20001cbc    00000004     (.common:SW_1_queue)
                  20001cc0    00000004     (.common:SW_2_queue)
                  20001cc4    00000004     (.common:encoder_queue)
                  20001cc8    00000004     (.common:encoder_sem)
                  20001ccc    00000004     (.common:encoder_task)
                  20001cd0    00000004     (.common:green_led_queue)
                  20001cd4    00000004     (.common:keypad_queue)
                  20001cd8    00000004     (.common:keypad_sem)
                  20001cdc    00000004     (.common:keypad_task)
                  20001ce0    00000004     (.common:lcd_queue)
                  20001ce4    00000004     (.common:price_wr_mutex)
                  20001ce8    00000004     (.common:red_led_queue)
                  20001cec    00000004     (.common:uart_rx_sem)
                  20001cf0    00000004     (.common:uart_tx_queue)
                  20001cf4    00000004     (.common:yellow_led_queue)

.data      0    20001ef8    00000052     UNINITIALIZED
                  20001ef8    00000034     tasks.obj (.data)
                  20001f2c    0000000c     coffee_control.obj (.data:options)
                  20001f38    00000008     heap_2.obj (.data)
                  20001f40    00000004     port.obj (.data)
                  20001f44    00000003     CoffeeUtils.obj (.data:prices)
                  20001f47    00000001     LCD_frt.obj (.data)
                  20001f48    00000001     keypad_frt.obj (.data)
                  20001f49    00000001     uart_frt.obj (.data)

.stack     0    20001cf8    00000200     UNINITIALIZED
                  20001cf8    00000004     rtsv7M4_T_le_v4SPD16_eabi.lib : boot_cortex_m.c.obj (.stack)
                  20001cfc    000001fc     --HOLE--

__llvm_prf_cnts 
*          0    20000000    00000000     UNINITIALIZED

MODULE SUMMARY

       Module                       code    ro data   rw data
       ------                       ----    -------   -------
    .\
       tasks.obj                    7472    4         360    
       heap_2.obj                   472     0         7024   
       coffee_control.obj           3276    60        56     
       queue.obj                    3050    0         0      
       uart_frt.obj                 940     0         33     
       LCD_frt.obj                  920     0         1      
       main.obj                     696     0         0      
       startup_frt.obj              12      620       0      
       keypad_frt.obj               560     12        1      
       CoffeeUtils.obj              440     0         11     
       port.obj                     316     4         4      
       encoder_frt.obj              316     0         0      
       list.obj                     298     0         0      
       buttons.obj                  288     0         8      
       led.obj                      244     0         0      
       portasm.obj                  218     0         0      
    +--+----------------------------+-------+---------+---------+
       Total:                       19518   700       7498   
                                                             
    X:\APPLICATIONS\CodeComposer\ccs\tools\compiler\ti-cgt-arm_20.2.7.LTS\lib\rtsv7M4_T_le_v4SPD16_eabi.lib
       fd_add_t2.asm.obj            438     0         0      
       fd_cmp_t2.asm.obj            268     0         0      
       fd_mul_t2.asm.obj            252     0         0      
       memcpy_t2.asm.obj            156     0         0      
       memset_t2.asm.obj            122     0         0      
       copy_decompress_lzss.c.obj   104     0         0      
       fd_toi_t2.asm.obj            72      0         0      
       autoinit.c.obj               68      0         0      
       boot_cortex_m.c.obj          52      0         0      
       strncmp.c.obj                44      0         0      
       u_tofd_t2.asm.obj            32      0         0      
       copy_decompress_none.c.obj   14      0         0      
       copy_zero_init.c.obj         12      0         0      
       exit.c.obj                   4       0         0      
       pre_init.c.obj               4       0         0      
    +--+----------------------------+-------+---------+---------+
       Total:                       1642    0         0      
                                                             
       Stack:                       0       0         512    
       Linker Generated:            0       68        0      
    +--+----------------------------+-------+---------+---------+
       Grand Total:                 21160   768       8010   


LINKER GENERATED COPY TABLES

__TI_cinit_table @ 000055a8 records: 2, size/record: 8, table size: 16
	.data: load addr=00005570, load size=00000020 bytes, run addr=20001ef8, run size=00000052 bytes, compression=lzss
	.bss: load addr=000055a0, load size=00000008 bytes, run addr=20000000, run size=00001cf8 bytes, compression=zero_init


LINKER GENERATED HANDLER TABLE

__TI_handler_table @ 00005590 records: 3, size/record: 4, table size: 12
	index: 0, handler: __TI_decompress_lzss
	index: 1, handler: __TI_decompress_none
	index: 2, handler: __TI_zero_init


GLOBAL SYMBOLS: SORTED ALPHABETICALLY BY Name 

address   name                               
-------   ----                               
00005517  C$$EXIT                            
00004a9f  GPIOA_int_handler                  
0000440b  GPIOE_int_Handler                  
00004fbf  Green_LED_Task                     
00004f89  Led_init                           
0000502b  Red_LED_Task                       
00005507  ResetISR                           
00004daf  SW_1_Task                          
20001cbc  SW_1_queue                         
00004e0b  SW_2_Task                          
20001cc0  SW_2_queue                         
00003af1  UART0_int_Handler                  
00004ff5  Yellow_LED_Task                    
20001ef8  __STACK_END                        
00000200  __STACK_SIZE                       
20001ef8  __STACK_TOP                        
000055a8  __TI_CINIT_Base                    
000055b8  __TI_CINIT_Limit                   
00005590  __TI_Handler_Table_Base            
0000559c  __TI_Handler_Table_Limit           
00005429  __TI_auto_init_nobinit_nopinit     
00005379  __TI_decompress_lzss               
000054ed  __TI_decompress_none               
ffffffff  __TI_pprof_out_hndl                
ffffffff  __TI_prof_data_size                
ffffffff  __TI_prof_data_start               
00000000  __TI_static_base__                 
000054fb  __TI_zero_init                     
000051f3  __aeabi_cdcmpeq                    
000051f3  __aeabi_cdcmple                    
00005279  __aeabi_cdrcmple                   
000053e1  __aeabi_d2iz                       
0000481b  __aeabi_dadd                       
00004e8d  __aeabi_dmul                       
00004811  __aeabi_dsub                       
000052ff  __aeabi_memclr                     
000052ff  __aeabi_memclr4                    
000052ff  __aeabi_memclr8                    
00005157  __aeabi_memcpy                     
00005157  __aeabi_memcpy4                    
00005157  __aeabi_memcpy8                    
00005301  __aeabi_memset                     
00005301  __aeabi_memset4                    
00005301  __aeabi_memset8                    
000054cd  __aeabi_ui2d                       
ffffffff  __binit__                          
ffffffff  __c_args__                         
UNDEFED   __mpu_init                         
20001cf8  __stack                            
20000000  __start___llvm_prf_cnts            
20000000  __stop___llvm_prf_cnts             
0000546d  _c_int00_noargs                    
UNDEFED   _system_post_cinit                 
00005513  _system_pre_init                   
00005517  abort                              
ffffffff  binit                              
00002491  brew_espresso                      
000026ed  brew_filter                        
00004d6d  buttons_init                       
00003c3f  delay_us                           
000049c9  enc_init                           
00004a3b  encoder_Task                       
20001cc4  encoder_queue                      
20001cc8  encoder_sem                        
20001ccc  encoder_task                       
000020ab  enter_card                         
00002255  enter_cash                         
000029b5  finish_prod                        
000025cd  froth_milk                         
00000000  g_pfnVectors                       
000046b5  get_coffee_price                   
00004659  get_runtime                        
00004667  get_timestamp                      
20001cd0  green_led_queue                    
0000431b  keypad_Task                        
00004251  keypad_init                        
00005556  keypad_map                         
20001cd4  keypad_queue                       
20001cd8  keypad_sem                         
20001cdc  keypad_task                        
00003f0f  lcd_Task                           
00003da9  lcd_char                           
00003e65  lcd_clear                          
00003c67  lcd_command                        
00003e75  lcd_getcursor                      
00003ce7  lcd_init                           
20001ce0  lcd_queue                          
00003e7b  lcd_queueClear                     
00003e95  lcd_queuePos                       
00003ebf  lcd_queueString                    
00003eed  lcd_queueStringClear               
00003d69  lcd_setcursor                      
00003e47  lcd_string                         
00005563  led_off                            
00005562  led_on                             
00003f99  main                               
00005157  memcpy                             
00005307  memset                             
20001f2c  options                            
000039b1  parse_price                        
00000d11  pcTaskGetName                      
000042ed  port_to_index                      
20001ce4  price_wr_mutex                     
20001f44  prices                             
00004481  pvPortMalloc                       
000017c9  pvTaskIncrementMutexHeldCount      
20001ef8  pxCurrentTCB                       
00004b05  pxPortInitialiseStack              
20001ce8  red_led_queue                      
00002943  remove_cup                         
0000238f  return_change                      
20001f49  rx_tail                            
0000205b  select_payment                     
00001f9d  select_product                     
000046e7  set_coffee_price                   
000054a1  strncmp                            
00003c01  timer0_init                        
00003861  uart0_fifos_disable                
00003855  uart0_fifos_enable                 
000038ab  uart0_init                         
0000387d  uart0_queueString                  
0000386d  uart0_tx_rdy                       
00003a09  uart_rx_Task                       
20001cec  uart_rx_sem                        
00003989  uart_tx_Task                       
20001cf0  uart_tx_queue                      
00005564  ulMaxSyscallInterruptPriority      
0000508d  ulPortGetIPSR                      
000017e9  ulTaskGenericNotifyTake            
00001e59  ulTaskGenericNotifyValueClear      
00002ae9  userflow_Task                      
00004d23  uxListRemove                       
000035a1  uxQueueMessagesWaiting             
000035d7  uxQueueMessagesWaitingFromISR      
000035b7  uxQueueSpacesAvailable             
00000d01  uxTaskGetNumberOfTasks             
00000621  uxTaskPriorityGet                  
0000064d  uxTaskPriorityGetFromISR           
000017a1  uxTaskResetEventItemValue          
00005568  uxTopUsedPriority                  
00004c41  vListInitialise                    
00004c71  vListInitialiseItem                
00004cbd  vListInsert                        
00004c81  vListInsertEnd                     
00005149  vPortEnableVFP                     
00004ba5  vPortEndScheduler                  
00004ba7  vPortEnterCritical                 
00004bc7  vPortExitCritical                  
00004599  vPortFree                          
000045fd  vPortInitialiseBlocks              
00005105  vPortSVCHandler                    
00004c03  vPortSetupTimerInterrupt           
00005125  vPortStartFirstTask                
000035ed  vQueueDelete                       
000005eb  vTaskDelay                         
000004a3  vTaskDelete                        
00000b17  vTaskEndScheduler                  
00001cb1  vTaskGenericNotifyGiveFromISR      
000012bd  vTaskInternalSetTimeOutState       
00001361  vTaskMissedYield                   
00000f9b  vTaskPlaceOnEventList              
00000fbd  vTaskPlaceOnUnorderedEventList     
000016a1  vTaskPriorityDisinheritAfterTimeout
000006a9  vTaskPrioritySet                   
00001195  vTaskRemoveFromUnorderedEventList  
0000092b  vTaskResume                        
0000129f  vTaskSetTimeOutState               
00000acd  vTaskStartScheduler                
00000801  vTaskSuspend                       
00000b33  vTaskSuspendAll                    
00000f39  vTaskSwitchContext                 
000023f1  wait_for_cup                       
00004793  write_num                          
00004719  write_price                        
000045f7  xPortGetFreeHeapSize               
000050a5  xPortPendSVHandler                 
00004b6f  xPortStartScheduler                
00004bdd  xPortSysTickHandler                
00002e0b  xQueueCreateMutex                  
00002d3b  xQueueGenericCreate                
00002c69  xQueueGenericReset                 
00002eb7  xQueueGenericSend                  
00002fe5  xQueueGenericSendFromISR           
00003087  xQueueGiveFromISR                  
00002e37  xQueueGiveMutexRecursive           
000037e7  xQueueIsQueueEmptyFromISR          
0000382d  xQueueIsQueueFullFromISR           
00003393  xQueuePeek                         
0000354f  xQueuePeekFromISR                  
0000311b  xQueueReceive                      
000034b5  xQueueReceiveFromISR               
00003239  xQueueSemaphoreTake                
00002e73  xQueueTakeMutexRecursive           
00000d31  xTaskCatchUpTicks                  
000012dd  xTaskCheckForTimeOut               
0000026d  xTaskCreate                        
0000055b  xTaskDelayUntil                    
00001951  xTaskGenericNotify                 
00001ad9  xTaskGenericNotifyFromISR          
00001e09  xTaskGenericNotifyStateClear       
0000188f  xTaskGenericNotifyWait             
00001465  xTaskGetCurrentTaskHandle          
00000cd5  xTaskGetTickCount                  
00000ce9  xTaskGetTickCountFromISR           
00000d6d  xTaskIncrementTick                 
000015a9  xTaskPriorityDisinherit            
00001489  xTaskPriorityInherit               
00001035  xTaskRemoveFromEventList           
00000b49  xTaskResumeAll                     
000009f5  xTaskResumeFromISR                 
20001cf4  yellow_led_queue                   


GLOBAL SYMBOLS: SORTED BY Symbol Address 

address   name                               
-------   ----                               
00000000  __TI_static_base__                 
00000000  g_pfnVectors                       
00000200  __STACK_SIZE                       
0000026d  xTaskCreate                        
000004a3  vTaskDelete                        
0000055b  xTaskDelayUntil                    
000005eb  vTaskDelay                         
00000621  uxTaskPriorityGet                  
0000064d  uxTaskPriorityGetFromISR           
000006a9  vTaskPrioritySet                   
00000801  vTaskSuspend                       
0000092b  vTaskResume                        
000009f5  xTaskResumeFromISR                 
00000acd  vTaskStartScheduler                
00000b17  vTaskEndScheduler                  
00000b33  vTaskSuspendAll                    
00000b49  xTaskResumeAll                     
00000cd5  xTaskGetTickCount                  
00000ce9  xTaskGetTickCountFromISR           
00000d01  uxTaskGetNumberOfTasks             
00000d11  pcTaskGetName                      
00000d31  xTaskCatchUpTicks                  
00000d6d  xTaskIncrementTick                 
00000f39  vTaskSwitchContext                 
00000f9b  vTaskPlaceOnEventList              
00000fbd  vTaskPlaceOnUnorderedEventList     
00001035  xTaskRemoveFromEventList           
00001195  vTaskRemoveFromUnorderedEventList  
0000129f  vTaskSetTimeOutState               
000012bd  vTaskInternalSetTimeOutState       
000012dd  xTaskCheckForTimeOut               
00001361  vTaskMissedYield                   
00001465  xTaskGetCurrentTaskHandle          
00001489  xTaskPriorityInherit               
000015a9  xTaskPriorityDisinherit            
000016a1  vTaskPriorityDisinheritAfterTimeout
000017a1  uxTaskResetEventItemValue          
000017c9  pvTaskIncrementMutexHeldCount      
000017e9  ulTaskGenericNotifyTake            
0000188f  xTaskGenericNotifyWait             
00001951  xTaskGenericNotify                 
00001ad9  xTaskGenericNotifyFromISR          
00001cb1  vTaskGenericNotifyGiveFromISR      
00001e09  xTaskGenericNotifyStateClear       
00001e59  ulTaskGenericNotifyValueClear      
00001f9d  select_product                     
0000205b  select_payment                     
000020ab  enter_card                         
00002255  enter_cash                         
0000238f  return_change                      
000023f1  wait_for_cup                       
00002491  brew_espresso                      
000025cd  froth_milk                         
000026ed  brew_filter                        
00002943  remove_cup                         
000029b5  finish_prod                        
00002ae9  userflow_Task                      
00002c69  xQueueGenericReset                 
00002d3b  xQueueGenericCreate                
00002e0b  xQueueCreateMutex                  
00002e37  xQueueGiveMutexRecursive           
00002e73  xQueueTakeMutexRecursive           
00002eb7  xQueueGenericSend                  
00002fe5  xQueueGenericSendFromISR           
00003087  xQueueGiveFromISR                  
0000311b  xQueueReceive                      
00003239  xQueueSemaphoreTake                
00003393  xQueuePeek                         
000034b5  xQueueReceiveFromISR               
0000354f  xQueuePeekFromISR                  
000035a1  uxQueueMessagesWaiting             
000035b7  uxQueueSpacesAvailable             
000035d7  uxQueueMessagesWaitingFromISR      
000035ed  vQueueDelete                       
000037e7  xQueueIsQueueEmptyFromISR          
0000382d  xQueueIsQueueFullFromISR           
00003855  uart0_fifos_enable                 
00003861  uart0_fifos_disable                
0000386d  uart0_tx_rdy                       
0000387d  uart0_queueString                  
000038ab  uart0_init                         
00003989  uart_tx_Task                       
000039b1  parse_price                        
00003a09  uart_rx_Task                       
00003af1  UART0_int_Handler                  
00003c01  timer0_init                        
00003c3f  delay_us                           
00003c67  lcd_command                        
00003ce7  lcd_init                           
00003d69  lcd_setcursor                      
00003da9  lcd_char                           
00003e47  lcd_string                         
00003e65  lcd_clear                          
00003e75  lcd_getcursor                      
00003e7b  lcd_queueClear                     
00003e95  lcd_queuePos                       
00003ebf  lcd_queueString                    
00003eed  lcd_queueStringClear               
00003f0f  lcd_Task                           
00003f99  main                               
00004251  keypad_init                        
000042ed  port_to_index                      
0000431b  keypad_Task                        
0000440b  GPIOE_int_Handler                  
00004481  pvPortMalloc                       
00004599  vPortFree                          
000045f7  xPortGetFreeHeapSize               
000045fd  vPortInitialiseBlocks              
00004659  get_runtime                        
00004667  get_timestamp                      
000046b5  get_coffee_price                   
000046e7  set_coffee_price                   
00004719  write_price                        
00004793  write_num                          
00004811  __aeabi_dsub                       
0000481b  __aeabi_dadd                       
000049c9  enc_init                           
00004a3b  encoder_Task                       
00004a9f  GPIOA_int_handler                  
00004b05  pxPortInitialiseStack              
00004b6f  xPortStartScheduler                
00004ba5  vPortEndScheduler                  
00004ba7  vPortEnterCritical                 
00004bc7  vPortExitCritical                  
00004bdd  xPortSysTickHandler                
00004c03  vPortSetupTimerInterrupt           
00004c41  vListInitialise                    
00004c71  vListInitialiseItem                
00004c81  vListInsertEnd                     
00004cbd  vListInsert                        
00004d23  uxListRemove                       
00004d6d  buttons_init                       
00004daf  SW_1_Task                          
00004e0b  SW_2_Task                          
00004e8d  __aeabi_dmul                       
00004f89  Led_init                           
00004fbf  Green_LED_Task                     
00004ff5  Yellow_LED_Task                    
0000502b  Red_LED_Task                       
0000508d  ulPortGetIPSR                      
000050a5  xPortPendSVHandler                 
00005105  vPortSVCHandler                    
00005125  vPortStartFirstTask                
00005149  vPortEnableVFP                     
00005157  __aeabi_memcpy                     
00005157  __aeabi_memcpy4                    
00005157  __aeabi_memcpy8                    
00005157  memcpy                             
000051f3  __aeabi_cdcmpeq                    
000051f3  __aeabi_cdcmple                    
00005279  __aeabi_cdrcmple                   
000052ff  __aeabi_memclr                     
000052ff  __aeabi_memclr4                    
000052ff  __aeabi_memclr8                    
00005301  __aeabi_memset                     
00005301  __aeabi_memset4                    
00005301  __aeabi_memset8                    
00005307  memset                             
00005379  __TI_decompress_lzss               
000053e1  __aeabi_d2iz                       
00005429  __TI_auto_init_nobinit_nopinit     
0000546d  _c_int00_noargs                    
000054a1  strncmp                            
000054cd  __aeabi_ui2d                       
000054ed  __TI_decompress_none               
000054fb  __TI_zero_init                     
00005507  ResetISR                           
00005513  _system_pre_init                   
00005517  C$$EXIT                            
00005517  abort                              
00005556  keypad_map                         
00005562  led_on                             
00005563  led_off                            
00005564  ulMaxSyscallInterruptPriority      
00005568  uxTopUsedPriority                  
00005590  __TI_Handler_Table_Base            
0000559c  __TI_Handler_Table_Limit           
000055a8  __TI_CINIT_Base                    
000055b8  __TI_CINIT_Limit                   
20000000  __start___llvm_prf_cnts            
20000000  __stop___llvm_prf_cnts             
20001cbc  SW_1_queue                         
20001cc0  SW_2_queue                         
20001cc4  encoder_queue                      
20001cc8  encoder_sem                        
20001ccc  encoder_task                       
20001cd0  green_led_queue                    
20001cd4  keypad_queue                       
20001cd8  keypad_sem                         
20001cdc  keypad_task                        
20001ce0  lcd_queue                          
20001ce4  price_wr_mutex                     
20001ce8  red_led_queue                      
20001cec  uart_rx_sem                        
20001cf0  uart_tx_queue                      
20001cf4  yellow_led_queue                   
20001cf8  __stack                            
20001ef8  __STACK_END                        
20001ef8  __STACK_TOP                        
20001ef8  pxCurrentTCB                       
20001f2c  options                            
20001f44  prices                             
20001f49  rx_tail                            
ffffffff  __TI_pprof_out_hndl                
ffffffff  __TI_prof_data_size                
ffffffff  __TI_prof_data_start               
ffffffff  __binit__                          
ffffffff  __c_args__                         
ffffffff  binit                              
UNDEFED   __mpu_init                         
UNDEFED   _system_post_cinit                 

[211 symbols]
