******************************************************************************
                  TI ARM Linker PC v20.2.7                     
******************************************************************************
>> Linked Thu May  7 10:39:25 2026

OUTPUT FILE NAME:   <Final assigment.out>
ENTRY POINT SYMBOL: "_c_int00_noargs"  address: 000043a1


MEMORY CONFIGURATION

         name            origin    length      used     unused   attr    fill
----------------------  --------  ---------  --------  --------  ----  --------
  FLASH                 00000000   00040000  000044c6  0003bb3a  R  X
  SRAM                  20000000   00008000  00001f3a  000060c6  RW X


SEGMENT ALLOCATION MAP

run origin  load origin   length   init length attrs members
----------  ----------- ---------- ----------- ----- -------
00000000    00000000    000044c8   000044c8    r-x
  00000000    00000000    0000026c   0000026c    r-- .intvecs
  0000026c    0000026c    000041c2   000041c2    r-x .text
  00004430    00004430    00000050   00000050    r-- .const
  00004480    00004480    00000048   00000048    r-- .cinit
20000000    20000000    00001f3a   00000000    rw-
  20000000    20000000    00001ce8   00000000    rw- .bss
  20001ce8    20001ce8    00000200   00000000    rw- .stack
  20001ee8    20001ee8    00000052   00000000    rw- .data


SECTION ALLOCATION MAP

 output                                  attributes/
section   page    origin      length       input sections
--------  ----  ----------  ----------   ----------------
.intvecs   0    00000000    0000026c     
                  00000000    0000026c     startup_frt.obj (.intvecs)

.text      0    0000026c    000041c2     
                  0000026c    00001d30     tasks.obj (.text)
                  00001f9c    00000bea     queue.obj (.text)
                  00002b86    00000002     --HOLE-- [fill = 0]
                  00002b88    0000036c     uart_frt.obj (.text)
                  00002ef4    00000330     LCD_frt.obj (.text)
                  00003224    00000320     coffee_control.obj (.text)
                  00003544    00000320     main.obj (.text)
                  00003864    00000230     keypad_frt.obj (.text)
                  00003a94    000001d8     heap_2.obj (.text)
                  00003c6c    0000013c     encoder_frt.obj (.text)
                  00003da8    0000013c     port.obj (.text)
                  00003ee4    0000012a     list.obj (.text)
                  0000400e    00000002     --HOLE-- [fill = 0]
                  00004010    000000f4     led.obj (.text)
                  00004104    000000da     portasm.obj (.text)
                  000041de    0000009c     rtsv7M4_T_le_v4SPD16_eabi.lib : memcpy_t2.asm.obj (.text)
                  0000427a    0000007a                                   : memset_t2.asm.obj (.text)
                  000042f4    00000068                                   : copy_decompress_lzss.c.obj (.text:decompress:lzss:__TI_decompress_lzss)
                  0000435c    00000044                                   : autoinit.c.obj (.text:__TI_auto_init_nobinit_nopinit:__TI_auto_init_nobinit_nopinit)
                  000043a0    00000034                                   : boot_cortex_m.c.obj (.text:_c_int00_noargs:_c_int00_noargs)
                  000043d4    0000002c                                   : strncmp.c.obj (.text:strncmp)
                  00004400    0000000e                                   : copy_decompress_none.c.obj (.text:decompress:none:__TI_decompress_none)
                  0000440e    0000000c                                   : copy_zero_init.c.obj (.text:decompress:ZI:__TI_zero_init)
                  0000441a    0000000c     startup_frt.obj (.text)
                  00004426    00000004     rtsv7M4_T_le_v4SPD16_eabi.lib : pre_init.c.obj (.text:_system_pre_init)
                  0000442a    00000004                                   : exit.c.obj (.text:abort:abort)

.const     0    00004430    00000050     
                  00004430    0000003a     coffee_control.obj (.const:.string)
                  0000446a    0000000c     keypad_frt.obj (.const:keypad_map)
                  00004476    00000002     --HOLE-- [fill = 0]
                  00004478    00000004     port.obj (.const)
                  0000447c    00000004     tasks.obj (.const)

.cinit     0    00004480    00000048     
                  00004480    00000020     (.cinit..data.load) [load image, compression = lzss]
                  000044a0    0000000c     (__TI_handler_table)
                  000044ac    00000004     --HOLE-- [fill = 0]
                  000044b0    00000008     (.cinit..bss.load) [load image, compression = zero_init]
                  000044b8    00000010     (__TI_cinit_table)

.init_array 
*          0    00000000    00000000     UNINITIALIZED

.bss       0    20000000    00001ce8     UNINITIALIZED
                  20000000    00001b58     heap_2.obj (.bss:ucHeap)
                  20001b58    000000c8     tasks.obj (.bss:pxReadyTasksLists)
                  20001c20    00000020     uart_frt.obj (.bss:rx_buffer)
                  20001c40    00000014     tasks.obj (.bss:xDelayedTaskList1)
                  20001c54    00000014     tasks.obj (.bss:xDelayedTaskList2)
                  20001c68    00000014     tasks.obj (.bss:xPendingReadyList)
                  20001c7c    00000014     tasks.obj (.bss:xSuspendedTaskList)
                  20001c90    00000014     tasks.obj (.bss:xTasksWaitingTermination)
                  20001ca4    00000008     tasks.obj (.bss)
                  20001cac    00000008     heap_2.obj (.bss:xEnd)
                  20001cb4    00000008     heap_2.obj (.bss:xStart)
                  20001cbc    00000004     (.common:encoder_queue)
                  20001cc0    00000004     (.common:encoder_sem)
                  20001cc4    00000004     (.common:green_led_queue)
                  20001cc8    00000004     (.common:keypad_queue)
                  20001ccc    00000004     (.common:keypad_sem)
                  20001cd0    00000004     (.common:lcd_queue)
                  20001cd4    00000004     (.common:price_wr_mutex)
                  20001cd8    00000004     (.common:red_led_queue)
                  20001cdc    00000004     (.common:uart_rx_sem)
                  20001ce0    00000004     (.common:uart_tx_queue)
                  20001ce4    00000004     (.common:yellow_led_queue)

.data      0    20001ee8    00000052     UNINITIALIZED
                  20001ee8    00000034     tasks.obj (.data)
                  20001f1c    0000000c     coffee_control.obj (.data:options)
                  20001f28    00000008     heap_2.obj (.data)
                  20001f30    00000004     port.obj (.data)
                  20001f34    00000003     coffee_control.obj (.data:prices)
                  20001f37    00000001     LCD_frt.obj (.data)
                  20001f38    00000001     keypad_frt.obj (.data)
                  20001f39    00000001     uart_frt.obj (.data)

.stack     0    20001ce8    00000200     UNINITIALIZED
                  20001ce8    00000004     rtsv7M4_T_le_v4SPD16_eabi.lib : boot_cortex_m.c.obj (.stack)
                  20001cec    000001fc     --HOLE--

__llvm_prf_cnts 
*          0    20000000    00000000     UNINITIALIZED

MODULE SUMMARY

       Module                       code    ro data   rw data
       ------                       ----    -------   -------
    .\
       tasks.obj                    7472    4         360    
       heap_2.obj                   472     0         7024   
       queue.obj                    3050    0         0      
       uart_frt.obj                 876     0         33     
       coffee_control.obj           800     58        35     
       LCD_frt.obj                  816     0         5      
       main.obj                     800     0         0      
       startup_frt.obj              12      620       0      
       keypad_frt.obj               560     12        1      
       encoder_frt.obj              316     0         8      
       port.obj                     316     4         4      
       list.obj                     298     0         0      
       led.obj                      244     0         12     
       portasm.obj                  218     0         0      
    +--+----------------------------+-------+---------+---------+
       Total:                       16250   698       7482   
                                                             
    X:\APPLICATIONS\CodeComposer\ccs\tools\compiler\ti-cgt-arm_20.2.7.LTS\lib\rtsv7M4_T_le_v4SPD16_eabi.lib
       memcpy_t2.asm.obj            156     0         0      
       memset_t2.asm.obj            122     0         0      
       copy_decompress_lzss.c.obj   104     0         0      
       autoinit.c.obj               68      0         0      
       boot_cortex_m.c.obj          52      0         0      
       strncmp.c.obj                44      0         0      
       copy_decompress_none.c.obj   14      0         0      
       copy_zero_init.c.obj         12      0         0      
       exit.c.obj                   4       0         0      
       pre_init.c.obj               4       0         0      
    +--+----------------------------+-------+---------+---------+
       Total:                       580     0         0      
                                                             
       Stack:                       0       0         512    
       Linker Generated:            0       68        0      
    +--+----------------------------+-------+---------+---------+
       Grand Total:                 16830   766       7994   


LINKER GENERATED COPY TABLES

__TI_cinit_table @ 000044b8 records: 2, size/record: 8, table size: 16
	.data: load addr=00004480, load size=00000020 bytes, run addr=20001ee8, run size=00000052 bytes, compression=lzss
	.bss: load addr=000044b0, load size=00000008 bytes, run addr=20000000, run size=00001ce8 bytes, compression=zero_init


LINKER GENERATED HANDLER TABLE

__TI_handler_table @ 000044a0 records: 3, size/record: 4, table size: 12
	index: 0, handler: __TI_decompress_lzss
	index: 1, handler: __TI_decompress_none
	index: 2, handler: __TI_zero_init


GLOBAL SYMBOLS: SORTED ALPHABETICALLY BY Name 

address   name                               
-------   ----                               
0000442b  C$$EXIT                            
00003d43  GPIOA_int_handler                  
00003a1f  GPIOE_int_Handler                  
00004047  Green_LED_Task                     
00004011  Led_init                           
000040b3  Red_LED_Task                       
0000441b  ResetISR                           
00002e03  UART0_int_Handler                  
0000407d  Yellow_LED_Task                    
20001ee8  __STACK_END                        
00000200  __STACK_SIZE                       
20001ee8  __STACK_TOP                        
000044b8  __TI_CINIT_Base                    
000044c8  __TI_CINIT_Limit                   
000044a0  __TI_Handler_Table_Base            
000044ac  __TI_Handler_Table_Limit           
0000435d  __TI_auto_init_nobinit_nopinit     
000042f5  __TI_decompress_lzss               
00004401  __TI_decompress_none               
ffffffff  __TI_pprof_out_hndl                
ffffffff  __TI_prof_data_size                
ffffffff  __TI_prof_data_start               
00000000  __TI_static_base__                 
0000440f  __TI_zero_init                     
0000427b  __aeabi_memclr                     
0000427b  __aeabi_memclr4                    
0000427b  __aeabi_memclr8                    
000041df  __aeabi_memcpy                     
000041df  __aeabi_memcpy4                    
000041df  __aeabi_memcpy8                    
0000427d  __aeabi_memset                     
0000427d  __aeabi_memset4                    
0000427d  __aeabi_memset8                    
ffffffff  __binit__                          
ffffffff  __c_args__                         
UNDEFED   __mpu_init                         
20001ce8  __stack                            
20000000  __start___llvm_prf_cnts            
20000000  __stop___llvm_prf_cnts             
000043a1  _c_int00_noargs                    
UNDEFED   _system_post_cinit                 
00004427  _system_pre_init                   
0000442b  abort                              
ffffffff  binit                              
00002f33  delay_us                           
0000358b  dummy_Task                         
000035d7  dummy_Task2                        
00003621  dummy_Task3                        
00003663  dummy_Task4                        
00003c6d  enc_init                           
00003cdf  encoder_Task                       
20001cbc  encoder_queue                      
20001cc0  encoder_sem                        
00000000  g_pfnVectors                       
00003283  get_coffee_price                   
00003225  get_runtime                        
00003233  get_timestamp                      
20001cc4  green_led_queue                    
00003545  init_RGB                           
00003865  keypad_init                        
0000446a  keypad_map                         
20001cc8  keypad_queue                       
20001ccc  keypad_sem                         
0000392f  keypad_task                        
0000319d  lcd_Task                           
0000309d  lcd_char                           
00003159  lcd_clear                          
00002f5b  lcd_command                        
00003169  lcd_getcursor                      
00002fdb  lcd_init                           
20001cd0  lcd_queue                          
0000316f  lcd_queueString                    
0000305d  lcd_setcursor                      
0000313b  lcd_string                         
00003677  main                               
000041df  memcpy                             
00004283  memset                             
20001f1c  options                            
00002ce5  parse_price                        
00000d11  pcTaskGetName                      
00003901  port_to_index                      
20001cd4  price_wr_mutex                     
20001f34  prices                             
00003a95  pvPortMalloc                       
000017c9  pvTaskIncrementMutexHeldCount      
20001ee8  pxCurrentTCB                       
00003da9  pxPortInitialiseStack              
20001cd8  red_led_queue                      
20001f39  rx_tail                            
00003449  select_payment                     
00003361  select_product                     
00003571  set_Color                          
000032b5  set_coffee_price                   
000043d5  strncmp                            
00002ef5  timer0_init                        
00002b95  uart0_fifos_disable                
00002b89  uart0_fifos_enable                 
00002bdf  uart0_init                         
00002bb1  uart0_queueString                  
00002ba1  uart0_tx_rdy                       
00002d2b  uart_rx_Task                       
20001cdc  uart_rx_sem                        
00002cbd  uart_tx_Task                       
20001ce0  uart_tx_queue                      
00004478  ulMaxSyscallInterruptPriority      
00004115  ulPortGetIPSR                      
000017e9  ulTaskGenericNotifyTake            
00001e59  ulTaskGenericNotifyValueClear      
000034c3  userflow_Task                      
00003fc7  uxListRemove                       
000028d5  uxQueueMessagesWaiting             
0000290b  uxQueueMessagesWaitingFromISR      
000028eb  uxQueueSpacesAvailable             
00000d01  uxTaskGetNumberOfTasks             
00000621  uxTaskPriorityGet                  
0000064d  uxTaskPriorityGetFromISR           
000017a1  uxTaskResetEventItemValue          
0000447c  uxTopUsedPriority                  
00003ee5  vListInitialise                    
00003f15  vListInitialiseItem                
00003f61  vListInsert                        
00003f25  vListInsertEnd                     
000041d1  vPortEnableVFP                     
00003e49  vPortEndScheduler                  
00003e4b  vPortEnterCritical                 
00003e6b  vPortExitCritical                  
00003bad  vPortFree                          
00003c11  vPortInitialiseBlocks              
0000418d  vPortSVCHandler                    
00003ea7  vPortSetupTimerInterrupt           
000041ad  vPortStartFirstTask                
00002921  vQueueDelete                       
000005eb  vTaskDelay                         
000004a3  vTaskDelete                        
00000b17  vTaskEndScheduler                  
00001cb1  vTaskGenericNotifyGiveFromISR      
000012bd  vTaskInternalSetTimeOutState       
00001361  vTaskMissedYield                   
00000f9b  vTaskPlaceOnEventList              
00000fbd  vTaskPlaceOnUnorderedEventList     
000016a1  vTaskPriorityDisinheritAfterTimeout
000006a9  vTaskPrioritySet                   
00001195  vTaskRemoveFromUnorderedEventList  
0000092b  vTaskResume                        
0000129f  vTaskSetTimeOutState               
00000acd  vTaskStartScheduler                
00000801  vTaskSuspend                       
00000b33  vTaskSuspendAll                    
00000f39  vTaskSwitchContext                 
000032e7  write_price                        
00003c0b  xPortGetFreeHeapSize               
0000412d  xPortPendSVHandler                 
00003e13  xPortStartScheduler                
00003e81  xPortSysTickHandler                
0000213f  xQueueCreateMutex                  
0000206f  xQueueGenericCreate                
00001f9d  xQueueGenericReset                 
000021eb  xQueueGenericSend                  
00002319  xQueueGenericSendFromISR           
000023bb  xQueueGiveFromISR                  
0000216b  xQueueGiveMutexRecursive           
00002b1b  xQueueIsQueueEmptyFromISR          
00002b61  xQueueIsQueueFullFromISR           
000026c7  xQueuePeek                         
00002883  xQueuePeekFromISR                  
0000244f  xQueueReceive                      
000027e9  xQueueReceiveFromISR               
0000256d  xQueueSemaphoreTake                
000021a7  xQueueTakeMutexRecursive           
00000d31  xTaskCatchUpTicks                  
000012dd  xTaskCheckForTimeOut               
0000026d  xTaskCreate                        
0000055b  xTaskDelayUntil                    
00001951  xTaskGenericNotify                 
00001ad9  xTaskGenericNotifyFromISR          
00001e09  xTaskGenericNotifyStateClear       
0000188f  xTaskGenericNotifyWait             
00001465  xTaskGetCurrentTaskHandle          
00000cd5  xTaskGetTickCount                  
00000ce9  xTaskGetTickCountFromISR           
00000d6d  xTaskIncrementTick                 
000015a9  xTaskPriorityDisinherit            
00001489  xTaskPriorityInherit               
00001035  xTaskRemoveFromEventList           
00000b49  xTaskResumeAll                     
000009f5  xTaskResumeFromISR                 
20001ce4  yellow_led_queue                   


GLOBAL SYMBOLS: SORTED BY Symbol Address 

address   name                               
-------   ----                               
00000000  __TI_static_base__                 
00000000  g_pfnVectors                       
00000200  __STACK_SIZE                       
0000026d  xTaskCreate                        
000004a3  vTaskDelete                        
0000055b  xTaskDelayUntil                    
000005eb  vTaskDelay                         
00000621  uxTaskPriorityGet                  
0000064d  uxTaskPriorityGetFromISR           
000006a9  vTaskPrioritySet                   
00000801  vTaskSuspend                       
0000092b  vTaskResume                        
000009f5  xTaskResumeFromISR                 
00000acd  vTaskStartScheduler                
00000b17  vTaskEndScheduler                  
00000b33  vTaskSuspendAll                    
00000b49  xTaskResumeAll                     
00000cd5  xTaskGetTickCount                  
00000ce9  xTaskGetTickCountFromISR           
00000d01  uxTaskGetNumberOfTasks             
00000d11  pcTaskGetName                      
00000d31  xTaskCatchUpTicks                  
00000d6d  xTaskIncrementTick                 
00000f39  vTaskSwitchContext                 
00000f9b  vTaskPlaceOnEventList              
00000fbd  vTaskPlaceOnUnorderedEventList     
00001035  xTaskRemoveFromEventList           
00001195  vTaskRemoveFromUnorderedEventList  
0000129f  vTaskSetTimeOutState               
000012bd  vTaskInternalSetTimeOutState       
000012dd  xTaskCheckForTimeOut               
00001361  vTaskMissedYield                   
00001465  xTaskGetCurrentTaskHandle          
00001489  xTaskPriorityInherit               
000015a9  xTaskPriorityDisinherit            
000016a1  vTaskPriorityDisinheritAfterTimeout
000017a1  uxTaskResetEventItemValue          
000017c9  pvTaskIncrementMutexHeldCount      
000017e9  ulTaskGenericNotifyTake            
0000188f  xTaskGenericNotifyWait             
00001951  xTaskGenericNotify                 
00001ad9  xTaskGenericNotifyFromISR          
00001cb1  vTaskGenericNotifyGiveFromISR      
00001e09  xTaskGenericNotifyStateClear       
00001e59  ulTaskGenericNotifyValueClear      
00001f9d  xQueueGenericReset                 
0000206f  xQueueGenericCreate                
0000213f  xQueueCreateMutex                  
0000216b  xQueueGiveMutexRecursive           
000021a7  xQueueTakeMutexRecursive           
000021eb  xQueueGenericSend                  
00002319  xQueueGenericSendFromISR           
000023bb  xQueueGiveFromISR                  
0000244f  xQueueReceive                      
0000256d  xQueueSemaphoreTake                
000026c7  xQueuePeek                         
000027e9  xQueueReceiveFromISR               
00002883  xQueuePeekFromISR                  
000028d5  uxQueueMessagesWaiting             
000028eb  uxQueueSpacesAvailable             
0000290b  uxQueueMessagesWaitingFromISR      
00002921  vQueueDelete                       
00002b1b  xQueueIsQueueEmptyFromISR          
00002b61  xQueueIsQueueFullFromISR           
00002b89  uart0_fifos_enable                 
00002b95  uart0_fifos_disable                
00002ba1  uart0_tx_rdy                       
00002bb1  uart0_queueString                  
00002bdf  uart0_init                         
00002cbd  uart_tx_Task                       
00002ce5  parse_price                        
00002d2b  uart_rx_Task                       
00002e03  UART0_int_Handler                  
00002ef5  timer0_init                        
00002f33  delay_us                           
00002f5b  lcd_command                        
00002fdb  lcd_init                           
0000305d  lcd_setcursor                      
0000309d  lcd_char                           
0000313b  lcd_string                         
00003159  lcd_clear                          
00003169  lcd_getcursor                      
0000316f  lcd_queueString                    
0000319d  lcd_Task                           
00003225  get_runtime                        
00003233  get_timestamp                      
00003283  get_coffee_price                   
000032b5  set_coffee_price                   
000032e7  write_price                        
00003361  select_product                     
00003449  select_payment                     
000034c3  userflow_Task                      
00003545  init_RGB                           
00003571  set_Color                          
0000358b  dummy_Task                         
000035d7  dummy_Task2                        
00003621  dummy_Task3                        
00003663  dummy_Task4                        
00003677  main                               
00003865  keypad_init                        
00003901  port_to_index                      
0000392f  keypad_task                        
00003a1f  GPIOE_int_Handler                  
00003a95  pvPortMalloc                       
00003bad  vPortFree                          
00003c0b  xPortGetFreeHeapSize               
00003c11  vPortInitialiseBlocks              
00003c6d  enc_init                           
00003cdf  encoder_Task                       
00003d43  GPIOA_int_handler                  
00003da9  pxPortInitialiseStack              
00003e13  xPortStartScheduler                
00003e49  vPortEndScheduler                  
00003e4b  vPortEnterCritical                 
00003e6b  vPortExitCritical                  
00003e81  xPortSysTickHandler                
00003ea7  vPortSetupTimerInterrupt           
00003ee5  vListInitialise                    
00003f15  vListInitialiseItem                
00003f25  vListInsertEnd                     
00003f61  vListInsert                        
00003fc7  uxListRemove                       
00004011  Led_init                           
00004047  Green_LED_Task                     
0000407d  Yellow_LED_Task                    
000040b3  Red_LED_Task                       
00004115  ulPortGetIPSR                      
0000412d  xPortPendSVHandler                 
0000418d  vPortSVCHandler                    
000041ad  vPortStartFirstTask                
000041d1  vPortEnableVFP                     
000041df  __aeabi_memcpy                     
000041df  __aeabi_memcpy4                    
000041df  __aeabi_memcpy8                    
000041df  memcpy                             
0000427b  __aeabi_memclr                     
0000427b  __aeabi_memclr4                    
0000427b  __aeabi_memclr8                    
0000427d  __aeabi_memset                     
0000427d  __aeabi_memset4                    
0000427d  __aeabi_memset8                    
00004283  memset                             
000042f5  __TI_decompress_lzss               
0000435d  __TI_auto_init_nobinit_nopinit     
000043a1  _c_int00_noargs                    
000043d5  strncmp                            
00004401  __TI_decompress_none               
0000440f  __TI_zero_init                     
0000441b  ResetISR                           
00004427  _system_pre_init                   
0000442b  C$$EXIT                            
0000442b  abort                              
0000446a  keypad_map                         
00004478  ulMaxSyscallInterruptPriority      
0000447c  uxTopUsedPriority                  
000044a0  __TI_Handler_Table_Base            
000044ac  __TI_Handler_Table_Limit           
000044b8  __TI_CINIT_Base                    
000044c8  __TI_CINIT_Limit                   
20000000  __start___llvm_prf_cnts            
20000000  __stop___llvm_prf_cnts             
20001cbc  encoder_queue                      
20001cc0  encoder_sem                        
20001cc4  green_led_queue                    
20001cc8  keypad_queue                       
20001ccc  keypad_sem                         
20001cd0  lcd_queue                          
20001cd4  price_wr_mutex                     
20001cd8  red_led_queue                      
20001cdc  uart_rx_sem                        
20001ce0  uart_tx_queue                      
20001ce4  yellow_led_queue                   
20001ce8  __stack                            
20001ee8  __STACK_END                        
20001ee8  __STACK_TOP                        
20001ee8  pxCurrentTCB                       
20001f1c  options                            
20001f34  prices                             
20001f39  rx_tail                            
ffffffff  __TI_pprof_out_hndl                
ffffffff  __TI_prof_data_size                
ffffffff  __TI_prof_data_start               
ffffffff  __binit__                          
ffffffff  __c_args__                         
ffffffff  binit                              
UNDEFED   __mpu_init                         
UNDEFED   _system_post_cinit                 

[187 symbols]
