******************************************************************************
                  TI ARM Linker PC v20.2.7                     
******************************************************************************
>> Linked Tue Apr 21 22:02:02 2026

OUTPUT FILE NAME:   <Final assigment.out>
ENTRY POINT SYMBOL: "_c_int00_noargs"  address: 00003bf5


MEMORY CONFIGURATION

         name            origin    length      used     unused   attr    fill
----------------------  --------  ---------  --------  --------  ----  --------
  FLASH                 00000000   00040000  00003ca2  0003c35e  R  X
  SRAM                  20000000   00008000  00001ef2  0000610e  RW X


SEGMENT ALLOCATION MAP

run origin  load origin   length   init length attrs members
----------  ----------- ---------- ----------- ----- -------
00000000    00000000    00003ca8   00003ca8    r-x
  00000000    00000000    0000026c   0000026c    r-- .intvecs
  0000026c    0000026c    000039ea   000039ea    r-x .text
  00003c58    00003c58    00000014   00000014    r-- .const
  00003c70    00003c70    00000038   00000038    r-- .cinit
20000000    20000000    00001ef2   00000000    rw-
  20000000    20000000    00001cb0   00000000    rw- .bss
  20001cb0    20001cb0    00000200   00000000    rw- .stack
  20001eb0    20001eb0    00000042   00000000    rw- .data


SECTION ALLOCATION MAP

 output                                  attributes/
section   page    origin      length       input sections
--------  ----  ----------  ----------   ----------------
.intvecs   0    00000000    0000026c     
                  00000000    0000026c     startup_frt.obj (.intvecs)

.text      0    0000026c    000039ea     
                  0000026c    00001d30     tasks.obj (.text)
                  00001f9c    00000bea     queue.obj (.text)
                  00002b86    00000002     --HOLE-- [fill = 0]
                  00002b88    000003a8     LCD_frt.obj (.text)
                  00002f30    00000284     main.obj (.text)
                  000031b4    00000230     keypad_frt.obj (.text)
                  000033e4    000001d8     heap_2.obj (.text)
                  000035bc    0000013c     port.obj (.text)
                  000036f8    00000134     encoder_frt.obj (.text)
                  0000382c    0000012a     list.obj (.text)
                  00003956    00000002     --HOLE-- [fill = 0]
                  00003958    000000da     portasm.obj (.text)
                  00003a32    0000009c     rtsv7M4_T_le_v4SPD16_eabi.lib : memcpy_t2.asm.obj (.text)
                  00003ace    0000007a                                   : memset_t2.asm.obj (.text)
                  00003b48    00000068                                   : copy_decompress_lzss.c.obj (.text:decompress:lzss:__TI_decompress_lzss)
                  00003bb0    00000044                                   : autoinit.c.obj (.text:__TI_auto_init_nobinit_nopinit:__TI_auto_init_nobinit_nopinit)
                  00003bf4    00000034                                   : boot_cortex_m.c.obj (.text:_c_int00_noargs:_c_int00_noargs)
                  00003c28    0000000e                                   : copy_decompress_none.c.obj (.text:decompress:none:__TI_decompress_none)
                  00003c36    0000000c                                   : copy_zero_init.c.obj (.text:decompress:ZI:__TI_zero_init)
                  00003c42    0000000c     startup_frt.obj (.text)
                  00003c4e    00000004     rtsv7M4_T_le_v4SPD16_eabi.lib : pre_init.c.obj (.text:_system_pre_init)
                  00003c52    00000004                                   : exit.c.obj (.text:abort:abort)

.const     0    00003c58    00000014     
                  00003c58    0000000c     keypad_frt.obj (.const:keypad_map)
                  00003c64    00000004     port.obj (.const)
                  00003c68    00000004     tasks.obj (.const)

.cinit     0    00003c70    00000038     
                  00003c70    00000012     (.cinit..data.load) [load image, compression = lzss]
                  00003c82    00000002     --HOLE-- [fill = 0]
                  00003c84    0000000c     (__TI_handler_table)
                  00003c90    00000008     (.cinit..bss.load) [load image, compression = zero_init]
                  00003c98    00000010     (__TI_cinit_table)

.init_array 
*          0    00000000    00000000     UNINITIALIZED

.bss       0    20000000    00001cb0     UNINITIALIZED
                  20000000    00001b58     heap_2.obj (.bss:ucHeap)
                  20001b58    000000c8     tasks.obj (.bss:pxReadyTasksLists)
                  20001c20    00000014     tasks.obj (.bss:xDelayedTaskList1)
                  20001c34    00000014     tasks.obj (.bss:xDelayedTaskList2)
                  20001c48    00000014     tasks.obj (.bss:xPendingReadyList)
                  20001c5c    00000014     tasks.obj (.bss:xSuspendedTaskList)
                  20001c70    00000014     tasks.obj (.bss:xTasksWaitingTermination)
                  20001c84    00000008     tasks.obj (.bss)
                  20001c8c    00000008     heap_2.obj (.bss:xEnd)
                  20001c94    00000008     heap_2.obj (.bss:xStart)
                  20001c9c    00000004     (.common:encoder_queue)
                  20001ca0    00000004     (.common:encoder_sem)
                  20001ca4    00000004     (.common:keypad_queue)
                  20001ca8    00000004     (.common:keypad_sem)
                  20001cac    00000004     (.common:lcd_queue)

.data      0    20001eb0    00000042     UNINITIALIZED
                  20001eb0    00000034     tasks.obj (.data)
                  20001ee4    00000008     heap_2.obj (.data)
                  20001eec    00000004     port.obj (.data)
                  20001ef0    00000001     LCD_frt.obj (.data)
                  20001ef1    00000001     keypad_frt.obj (.data)

.stack     0    20001cb0    00000200     UNINITIALIZED
                  20001cb0    00000004     rtsv7M4_T_le_v4SPD16_eabi.lib : boot_cortex_m.c.obj (.stack)
                  20001cb4    000001fc     --HOLE--

__llvm_prf_cnts 
*          0    20000000    00000000     UNINITIALIZED

MODULE SUMMARY

       Module                       code    ro data   rw data
       ------                       ----    -------   -------
    .\
       tasks.obj                    7472    4         360    
       heap_2.obj                   472     0         7024   
       queue.obj                    3050    0         0      
       LCD_frt.obj                  936     0         5      
       main.obj                     644     0         0      
       startup_frt.obj              12      620       0      
       keypad_frt.obj               560     12        9      
       port.obj                     316     4         4      
       encoder_frt.obj              308     0         8      
       list.obj                     298     0         0      
       portasm.obj                  218     0         0      
    +--+----------------------------+-------+---------+---------+
       Total:                       14286   640       7410   
                                                             
    X:\APPLICATIONS\CodeComposer\ccs\tools\compiler\ti-cgt-arm_20.2.7.LTS\lib\rtsv7M4_T_le_v4SPD16_eabi.lib
       memcpy_t2.asm.obj            156     0         0      
       memset_t2.asm.obj            122     0         0      
       copy_decompress_lzss.c.obj   104     0         0      
       autoinit.c.obj               68      0         0      
       boot_cortex_m.c.obj          52      0         0      
       copy_decompress_none.c.obj   14      0         0      
       copy_zero_init.c.obj         12      0         0      
       exit.c.obj                   4       0         0      
       pre_init.c.obj               4       0         0      
    +--+----------------------------+-------+---------+---------+
       Total:                       536     0         0      
                                                             
       Stack:                       0       0         512    
       Linker Generated:            0       54        0      
    +--+----------------------------+-------+---------+---------+
       Grand Total:                 14822   694       7922   


LINKER GENERATED COPY TABLES

__TI_cinit_table @ 00003c98 records: 2, size/record: 8, table size: 16
	.data: load addr=00003c70, load size=00000012 bytes, run addr=20001eb0, run size=00000042 bytes, compression=lzss
	.bss: load addr=00003c90, load size=00000008 bytes, run addr=20000000, run size=00001cb0 bytes, compression=zero_init


LINKER GENERATED HANDLER TABLE

__TI_handler_table @ 00003c84 records: 3, size/record: 4, table size: 12
	index: 0, handler: __TI_decompress_lzss
	index: 1, handler: __TI_decompress_none
	index: 2, handler: __TI_zero_init


GLOBAL SYMBOLS: SORTED ALPHABETICALLY BY Name 

address   name                               
-------   ----                               
00003c53  C$$EXIT                            
000037c9  GPIOA_int_handler                  
0000336f  GPIOE_int_Handler                  
00003c43  ResetISR                           
20001eb0  __STACK_END                        
00000200  __STACK_SIZE                       
20001eb0  __STACK_TOP                        
00003c98  __TI_CINIT_Base                    
00003ca8  __TI_CINIT_Limit                   
00003c84  __TI_Handler_Table_Base            
00003c90  __TI_Handler_Table_Limit           
00003bb1  __TI_auto_init_nobinit_nopinit     
00003b49  __TI_decompress_lzss               
00003c29  __TI_decompress_none               
ffffffff  __TI_pprof_out_hndl                
ffffffff  __TI_prof_data_size                
ffffffff  __TI_prof_data_start               
00000000  __TI_static_base__                 
00003c37  __TI_zero_init                     
00003acf  __aeabi_memclr                     
00003acf  __aeabi_memclr4                    
00003acf  __aeabi_memclr8                    
00003a33  __aeabi_memcpy                     
00003a33  __aeabi_memcpy4                    
00003a33  __aeabi_memcpy8                    
00003ad1  __aeabi_memset                     
00003ad1  __aeabi_memset4                    
00003ad1  __aeabi_memset8                    
ffffffff  __binit__                          
ffffffff  __c_args__                         
UNDEFED   __mpu_init                         
20001cb0  __stack                            
20000000  __start___llvm_prf_cnts            
20000000  __stop___llvm_prf_cnts             
00003bf5  _c_int00_noargs                    
UNDEFED   _system_post_cinit                 
00003c4f  _system_pre_init                   
00003c53  abort                              
ffffffff  binit                              
00002bc7  delay_us                           
00002f77  dummy_Task                         
00002fc3  dummy_Task2                        
0000300d  dummy_Task3                        
000036f9  enc_init                           
0000376b  encoder_Task                       
20001c9c  encoder_queue                      
20001ca0  encoder_sem                        
00000000  g_pfnVectors                       
00002f31  init_RGB                           
000031b5  keypad_init                        
00003c58  keypad_map                         
20001ca4  keypad_queue                       
20001ca8  keypad_sem                         
0000327f  keypad_task                        
00002eb1  lcd_Task                           
00002d87  lcd_char                           
00002e63  lcd_clear                          
00002bef  lcd_command                        
00002e73  lcd_getcursor                      
00002c6f  lcd_init                           
20001cac  lcd_queue                          
00002e79  lcd_queueString                    
00002cf1  lcd_setcursor                      
00002e45  lcd_string                         
0000304f  main                               
00003a33  memcpy                             
00003ad7  memset                             
00000d11  pcTaskGetName                      
00003251  port_to_index                      
000033e5  pvPortMalloc                       
000017c9  pvTaskIncrementMutexHeldCount      
20001eb0  pxCurrentTCB                       
000035bd  pxPortInitialiseStack              
00002f5d  set_Color                          
00002b89  timer0_init                        
00003c64  ulMaxSyscallInterruptPriority      
00003969  ulPortGetIPSR                      
000017e9  ulTaskGenericNotifyTake            
00001e59  ulTaskGenericNotifyValueClear      
0000390f  uxListRemove                       
000028d5  uxQueueMessagesWaiting             
0000290b  uxQueueMessagesWaitingFromISR      
000028eb  uxQueueSpacesAvailable             
00000d01  uxTaskGetNumberOfTasks             
00000621  uxTaskPriorityGet                  
0000064d  uxTaskPriorityGetFromISR           
000017a1  uxTaskResetEventItemValue          
00003c68  uxTopUsedPriority                  
0000382d  vListInitialise                    
0000385d  vListInitialiseItem                
000038a9  vListInsert                        
0000386d  vListInsertEnd                     
00003a25  vPortEnableVFP                     
0000365d  vPortEndScheduler                  
0000365f  vPortEnterCritical                 
0000367f  vPortExitCritical                  
000034fd  vPortFree                          
00003561  vPortInitialiseBlocks              
000039e1  vPortSVCHandler                    
000036bb  vPortSetupTimerInterrupt           
00003a01  vPortStartFirstTask                
00002921  vQueueDelete                       
000005eb  vTaskDelay                         
000004a3  vTaskDelete                        
00000b17  vTaskEndScheduler                  
00001cb1  vTaskGenericNotifyGiveFromISR      
000012bd  vTaskInternalSetTimeOutState       
00001361  vTaskMissedYield                   
00000f9b  vTaskPlaceOnEventList              
00000fbd  vTaskPlaceOnUnorderedEventList     
000016a1  vTaskPriorityDisinheritAfterTimeout
000006a9  vTaskPrioritySet                   
00001195  vTaskRemoveFromUnorderedEventList  
0000092b  vTaskResume                        
0000129f  vTaskSetTimeOutState               
00000acd  vTaskStartScheduler                
00000801  vTaskSuspend                       
00000b33  vTaskSuspendAll                    
00000f39  vTaskSwitchContext                 
0000355b  xPortGetFreeHeapSize               
00003981  xPortPendSVHandler                 
00003627  xPortStartScheduler                
00003695  xPortSysTickHandler                
0000213f  xQueueCreateMutex                  
0000206f  xQueueGenericCreate                
00001f9d  xQueueGenericReset                 
000021eb  xQueueGenericSend                  
00002319  xQueueGenericSendFromISR           
000023bb  xQueueGiveFromISR                  
0000216b  xQueueGiveMutexRecursive           
00002b1b  xQueueIsQueueEmptyFromISR          
00002b61  xQueueIsQueueFullFromISR           
000026c7  xQueuePeek                         
00002883  xQueuePeekFromISR                  
0000244f  xQueueReceive                      
000027e9  xQueueReceiveFromISR               
0000256d  xQueueSemaphoreTake                
000021a7  xQueueTakeMutexRecursive           
00000d31  xTaskCatchUpTicks                  
000012dd  xTaskCheckForTimeOut               
0000026d  xTaskCreate                        
0000055b  xTaskDelayUntil                    
00001951  xTaskGenericNotify                 
00001ad9  xTaskGenericNotifyFromISR          
00001e09  xTaskGenericNotifyStateClear       
0000188f  xTaskGenericNotifyWait             
00001465  xTaskGetCurrentTaskHandle          
00000cd5  xTaskGetTickCount                  
00000ce9  xTaskGetTickCountFromISR           
00000d6d  xTaskIncrementTick                 
000015a9  xTaskPriorityDisinherit            
00001489  xTaskPriorityInherit               
00001035  xTaskRemoveFromEventList           
00000b49  xTaskResumeAll                     
000009f5  xTaskResumeFromISR                 


GLOBAL SYMBOLS: SORTED BY Symbol Address 

address   name                               
-------   ----                               
00000000  __TI_static_base__                 
00000000  g_pfnVectors                       
00000200  __STACK_SIZE                       
0000026d  xTaskCreate                        
000004a3  vTaskDelete                        
0000055b  xTaskDelayUntil                    
000005eb  vTaskDelay                         
00000621  uxTaskPriorityGet                  
0000064d  uxTaskPriorityGetFromISR           
000006a9  vTaskPrioritySet                   
00000801  vTaskSuspend                       
0000092b  vTaskResume                        
000009f5  xTaskResumeFromISR                 
00000acd  vTaskStartScheduler                
00000b17  vTaskEndScheduler                  
00000b33  vTaskSuspendAll                    
00000b49  xTaskResumeAll                     
00000cd5  xTaskGetTickCount                  
00000ce9  xTaskGetTickCountFromISR           
00000d01  uxTaskGetNumberOfTasks             
00000d11  pcTaskGetName                      
00000d31  xTaskCatchUpTicks                  
00000d6d  xTaskIncrementTick                 
00000f39  vTaskSwitchContext                 
00000f9b  vTaskPlaceOnEventList              
00000fbd  vTaskPlaceOnUnorderedEventList     
00001035  xTaskRemoveFromEventList           
00001195  vTaskRemoveFromUnorderedEventList  
0000129f  vTaskSetTimeOutState               
000012bd  vTaskInternalSetTimeOutState       
000012dd  xTaskCheckForTimeOut               
00001361  vTaskMissedYield                   
00001465  xTaskGetCurrentTaskHandle          
00001489  xTaskPriorityInherit               
000015a9  xTaskPriorityDisinherit            
000016a1  vTaskPriorityDisinheritAfterTimeout
000017a1  uxTaskResetEventItemValue          
000017c9  pvTaskIncrementMutexHeldCount      
000017e9  ulTaskGenericNotifyTake            
0000188f  xTaskGenericNotifyWait             
00001951  xTaskGenericNotify                 
00001ad9  xTaskGenericNotifyFromISR          
00001cb1  vTaskGenericNotifyGiveFromISR      
00001e09  xTaskGenericNotifyStateClear       
00001e59  ulTaskGenericNotifyValueClear      
00001f9d  xQueueGenericReset                 
0000206f  xQueueGenericCreate                
0000213f  xQueueCreateMutex                  
0000216b  xQueueGiveMutexRecursive           
000021a7  xQueueTakeMutexRecursive           
000021eb  xQueueGenericSend                  
00002319  xQueueGenericSendFromISR           
000023bb  xQueueGiveFromISR                  
0000244f  xQueueReceive                      
0000256d  xQueueSemaphoreTake                
000026c7  xQueuePeek                         
000027e9  xQueueReceiveFromISR               
00002883  xQueuePeekFromISR                  
000028d5  uxQueueMessagesWaiting             
000028eb  uxQueueSpacesAvailable             
0000290b  uxQueueMessagesWaitingFromISR      
00002921  vQueueDelete                       
00002b1b  xQueueIsQueueEmptyFromISR          
00002b61  xQueueIsQueueFullFromISR           
00002b89  timer0_init                        
00002bc7  delay_us                           
00002bef  lcd_command                        
00002c6f  lcd_init                           
00002cf1  lcd_setcursor                      
00002d87  lcd_char                           
00002e45  lcd_string                         
00002e63  lcd_clear                          
00002e73  lcd_getcursor                      
00002e79  lcd_queueString                    
00002eb1  lcd_Task                           
00002f31  init_RGB                           
00002f5d  set_Color                          
00002f77  dummy_Task                         
00002fc3  dummy_Task2                        
0000300d  dummy_Task3                        
0000304f  main                               
000031b5  keypad_init                        
00003251  port_to_index                      
0000327f  keypad_task                        
0000336f  GPIOE_int_Handler                  
000033e5  pvPortMalloc                       
000034fd  vPortFree                          
0000355b  xPortGetFreeHeapSize               
00003561  vPortInitialiseBlocks              
000035bd  pxPortInitialiseStack              
00003627  xPortStartScheduler                
0000365d  vPortEndScheduler                  
0000365f  vPortEnterCritical                 
0000367f  vPortExitCritical                  
00003695  xPortSysTickHandler                
000036bb  vPortSetupTimerInterrupt           
000036f9  enc_init                           
0000376b  encoder_Task                       
000037c9  GPIOA_int_handler                  
0000382d  vListInitialise                    
0000385d  vListInitialiseItem                
0000386d  vListInsertEnd                     
000038a9  vListInsert                        
0000390f  uxListRemove                       
00003969  ulPortGetIPSR                      
00003981  xPortPendSVHandler                 
000039e1  vPortSVCHandler                    
00003a01  vPortStartFirstTask                
00003a25  vPortEnableVFP                     
00003a33  __aeabi_memcpy                     
00003a33  __aeabi_memcpy4                    
00003a33  __aeabi_memcpy8                    
00003a33  memcpy                             
00003acf  __aeabi_memclr                     
00003acf  __aeabi_memclr4                    
00003acf  __aeabi_memclr8                    
00003ad1  __aeabi_memset                     
00003ad1  __aeabi_memset4                    
00003ad1  __aeabi_memset8                    
00003ad7  memset                             
00003b49  __TI_decompress_lzss               
00003bb1  __TI_auto_init_nobinit_nopinit     
00003bf5  _c_int00_noargs                    
00003c29  __TI_decompress_none               
00003c37  __TI_zero_init                     
00003c43  ResetISR                           
00003c4f  _system_pre_init                   
00003c53  C$$EXIT                            
00003c53  abort                              
00003c58  keypad_map                         
00003c64  ulMaxSyscallInterruptPriority      
00003c68  uxTopUsedPriority                  
00003c84  __TI_Handler_Table_Base            
00003c90  __TI_Handler_Table_Limit           
00003c98  __TI_CINIT_Base                    
00003ca8  __TI_CINIT_Limit                   
20000000  __start___llvm_prf_cnts            
20000000  __stop___llvm_prf_cnts             
20001c9c  encoder_queue                      
20001ca0  encoder_sem                        
20001ca4  keypad_queue                       
20001ca8  keypad_sem                         
20001cac  lcd_queue                          
20001cb0  __stack                            
20001eb0  __STACK_END                        
20001eb0  __STACK_TOP                        
20001eb0  pxCurrentTCB                       
ffffffff  __TI_pprof_out_hndl                
ffffffff  __TI_prof_data_size                
ffffffff  __TI_prof_data_start               
ffffffff  __binit__                          
ffffffff  __c_args__                         
ffffffff  binit                              
UNDEFED   __mpu_init                         
UNDEFED   _system_post_cinit                 

[155 symbols]
